***** External Functions *****
1    AdminAskPath                                       iswi.obl(AdminAskPath.obs)
2    AllFeaturesDeselected                              iswi.obl(CompHelperFuncs.obs)
3    CHECK_RETURN                                       iswi.obl(ErrHandler.obs)
4    ChangeDirectory                                    isrt.obl(Files.obs)
5    CloseFile                                          isrt.obl(Files.obs)
6    CmdGetHwndDlg                                      isrt.obl(CustomDialog.obs)
7    CoCreateObject                                     isrt.obl(Misc.obs)
8    ComponentCompareSizeRequired                       isrt.obl(component.obs)
9    ComponentErrorInfo                                 isrt.obl(component.obs)
10   ComponentGetData                                   isrt.obl(component.obs)
11   ComponentGetTotalCost                              isrt.obl(component.obs)
12   ComponentIsItemSelected                            isrt.obl(component.obs)
13   ComponentListItems                                 isrt.obl(component.obs)
14   ComponentRemoveAll                                 isrt.obl(component.obs)
15   ComponentSaveTarget                                isrt.obl(component.obs)
16   ComponentSelectItem                                isrt.obl(component.obs)
17   ComponentTransferData                              isrt.obl(component.obs)
18   ComponentTreeInit                                  isrt.obl(Dialogs.obs)
19   CreateDir                                          isrt.obl(Files.obs)
20   CreateFile                                         isrt.obl(Files.obs)
21   CreateInstallationInfo                             isrt.obl(Registry.obs)
22   CtrlGetNotificationCode                            isrt.obl(CustomDialog.obs)
23   CtrlGetState                                       isrt.obl(CustomDialog.obs)
24   CtrlGetText                                        isrt.obl(CustomDialog.obs)
25   CtrlSelectText                                     isrt.obl(CustomDialog.obs)
26   CtrlSetList                                        isrt.obl(CustomDialog.obs)
27   CtrlSetMLEText                                     isrt.obl(CustomDialog.obs)
28   CtrlSetState                                       isrt.obl(CustomDialog.obs)
29   CtrlSetText                                        isrt.obl(CustomDialog.obs)
30   DefineDialog                                       isrt.obl(CustomDialog.obs)
31   DeleteFile                                         isrt.obl(Files.obs)
32   DeleteSingleFile                                   isrt.obl(Files.obs)
33   DialogSetDefaultFont                               isrt.obl(Dialogs.obs)
34   DialogSetFont                                      isrt.obl(Dialogs.obs)
35   DialogSetInfo                                      isrt.obl(Dialogs.obs)
36   Disable                                            isrt.obl(Enable.obs)
37   DllSizeOf                                          isrt.obl(Str.obs)
38   Do                                                 isrt.obl(Misc.obs)
39   Enable                                             isrt.obl(Enable.obs)
40   EndCurrentDialog                                   isrt.obl(Dialogs.obs)
41   EndDialog                                          isrt.obl(CustomDialog.obs)
42   ExistsDir                                          isrt.obl(Files.obs)
43   EzDefineDialog                                     isrt.obl(CustomDialog.obs)
44   FeatureCompareSizeRequired                         iswi.obl(FeatureConv.obs)
45   FeatureErrorInfo                                   iswi.obl(ComponentConv.obs)
46   FeatureFilterLanguage                              iswi.obl(ComponentConv.obs)
47   FeatureFilterOS                                    iswi.obl(ComponentConv.obs)
48   FeatureGetData                                     iswi.obl(ComponentConv.obs)
49   FeatureGetTotalCost                                iswi.obl(FeatureConv.obs)
50   FeatureIsItemSelected                              iswi.obl(ComponentConv.obs)
51   FeatureListItems                                   iswi.obl(ComponentConv.obs)
52   FeatureReinstall                                   iswi.obl(ComponentConv.obs)
53   FeatureRemoveAll                                   iswi.obl(ComponentConv.obs)
54   FeatureSaveTarget                                  iswi.obl(FeatureConv.obs)
55   FeatureSelectItem                                  iswi.obl(ComponentConv.obs)
56   FeatureTransferData                                iswi.obl(ComponentConv.obs)
57   FeaturesInstalled                                  iswi.obl(FileTransferFuncsConv.obs)
58   FeaturesInstalling                                 iswi.obl(FileTransferFuncsConv.obs)
59   FindFile                                           isrt.obl(Files.obs)
60   FindWindow                                         isrt.obl(Misc.obs)
61   FixUpCmdLine                                       iswi.obl(HelperFuncs.obs)
62   FixUpCmdLinePostReboot                             iswi.obl(HelperFuncs.obs)
63   FormatMessage                                      isrt.obl(Misc.obs)
64   GDI32.CreateRectRgn                                Setup.obs
65   GDI32.GetDeviceCaps                                Setup.obs
66   GeneratedMSIScript                                 iswi.obl(FileTransferFuncsConv.obs)
67   GeneratingMSIScript                                iswi.obl(FileTransferFuncsConv.obs)
68   GetBasicMSI                                        isrt.obl(SysVars.obs)
69   GetBillboard                                       isrt.obl(SysVars.obs)
70   GetCommonFiles                                     isrt.obl(SysVars.obs)
71   GetComponentsFeatures                              iswi.obl(CompHelperFuncs.obs)
72   GetCurrentDialogName                               isrt.obl(Dialogs.obs)
73   GetCurrentDir                                      isrt.obl(Files.obs)
74   GetDialogTitle                                     isrt.obl(Dialogs.obs)
75   GetDir                                             isrt.obl(Str.obs)
76   GetDisk                                            isrt.obl(Str.obs)
77   GetDisk1SetupExeName                               isrt.obl(SysVars.obs)
78   GetDiskSpace                                       isrt.obl(GSI.obs)
79   GetDiskSpaceEx                                     isrt.obl(GSI.obs)
80   GetEnabledIServices                                isrt.obl(SysVars.obs)
81   GetExtents                                         isrt.obl(GSI.obs)
82   GetFolderApplications                              isrt.obl(SysVars.obs)
83   GetFolderApplications64                            isrt.obl(SysVars.obs)
84   GetISRes                                           isrt.obl(SysVars.obs)
85   GetKeyPathWinCurrVerAuto                           isrt.obl(SysVars.obs)
86   GetMSIFeatureName                                  iswi.obl(CompHelperFuncs.obs)
87   GetMaintenance                                     iswi.obl(ISWiInit.obs)
88   GetMsiFeaturePath                                  iswi.obl(CompHelperFuncs.obs)
89   GetMsiNameFromAliasTable                           iswi.obl(CompHelperFuncs.obs)
90   GetOpenFileMode                                    isrt.obl(Files.obs)
91   GetPackageLocation                                 isrt.obl(SysVars.obs)
92   GetProductGUID                                     iswi.obl(ISWiInit.obs)
93   GetProfSectionKeyCount                             isrt.obl(Profile.obs)
94   GetProfString                                      isrt.obl(Profile.obs)
95   GetProfStringList                                  isrt.obl(Profile.obs)
96   GetProgramFiles                                    isrt.obl(SysVars.obs)
97   GetRemoveAllMode                                   isrt.obl(SysVars.obs)
98   GetRemoveOnly                                      isrt.obl(SysVars.obs)
99   GetSelectedLanguage                                isrt.obl(SysVars.obs)
100  GetSelectedTreeComponent                           isrt.obl(CmptView.obs)
101  GetSupportDir                                      isrt.obl(SysVars.obs)
102  GetSystemInfo                                      isrt.obl(GSI.obs)
103  GetTempFolder                                      isrt.obl(SysVars.obs)
104  GetUpdateStatus                                    iswi.obl(HelperFuncs.obs)
105  GetUpdateStatusReboot                              iswi.obl(HelperFuncs.obs)
106  GetUserSelectableAuto                              isrt.obl(SysVars.obs)
107  GetValidDrivesList                                 isrt.obl(GSI.obs)
108  GetWinDir                                          isrt.obl(SysVars.obs)
109  GetWinSysDir                                       isrt.obl(SysVars.obs)
110  GetWindowHandle                                    iswi.obl(MiscConv.obs)
111  HIWORD                                             isrt.obl(Misc.obs)
112  ISDeterminePlatform                                isrt.obl(OsInfo.obs)
113  ISMIF32.InstallStatusMIF                           isrt.obl(MIF.obs)
114  ISRT.ComponentViewSetInfoEx                        isrt.obl(Dialogs.obs)
115  ISRT.EnableHourGlass                               isrt.obl(Enable.obs)
116  ISRT.GetCPUType                                    isrt.obl(GSI.obs)
117  ISRT.GetFontSub                                    isrt.obl(Dialogs.obs)
118  ISRT.GetHandle                                     Setup.obs
119  ISRT.GetPorts                                      isrt.obl(GSI.obs)
120  ISRT.IsEmpty                                       Setup.obs
121  ISRT.IsNTAdmin                                     isrt.obl(Is.obs)
122  ISRT.IsObject                                      Setup.obs
123  ISRT.IsPowerUser                                   isrt.obl(Is.obs)
124  ISRT.LangLoadString                                isrt.obl(SDINT.obs)
125  ISRT.MessageBeepP                                  Setup.obs
126  ISRT.PathCompactPathPixel                          isrt.obl(CustomDialog.obs)
127  ISRT.PathGetDir                                    isrt.obl(Str.obs)
128  ISRT.PathGetDrive                                  isrt.obl(Str.obs)
129  ISRT.PathGetFile                                   isrt.obl(Files.obs)
130  ISRT.PathGetFileExt                                isrt.obl(Str.obs)
131  ISRT.PathGetFileName                               isrt.obl(Str.obs)
132  ISRT.PathGetLongFromShort                          isrt.obl(Str.obs)
133  ISRT.PathGetPath                                   isrt.obl(Str.obs)
134  ISRT.PathGetSpecialFolder                          isrt.obl(SysVars.obs)
135  ISRT.PathIsValidSyntax                             isrt.obl(Is.obs)
136  ISRT._BrowseForFolder                              isrt.obl(SelectDir.obs)
137  ISRT._CloseFile                                    isrt.obl(Files.obs)
138  ISRT._CmdGetHwndDlg                                isrt.obl(CustomDialog.obs)
139  ISRT._ComponentCompareSizeRequired                 iswi.obl(FeatureConv.obs)
140  ISRT._ComponentGetTotalCost                        iswi.obl(FeatureConv.obs)
141  ISRT._ComponentGetTotalCostEx                      isrt.obl(SdComponentTreeDlg.obs)
142  ISRT._ComponentSaveTarget                          iswi.obl(FeatureConv.obs)
143  ISRT._CreateDir                                    isrt.obl(Files.obs)
144  ISRT._CreateObject                                 isrt.obl(Misc.obs)
145  ISRT._CtrlGetNotificationCode                      isrt.obl(CustomDialog.obs)
146  ISRT._CtrlSetMLERichText                           isrt.obl(CustomDialog.obs)
147  ISRT._DefineDialog                                 isrt.obl(CustomDialog.obs)
148  ISRT._DialogSetFont                                isrt.obl(Dialogs.obs)
149  ISRT._DisableStatus                                isrt.obl(Enable.obs)
150  ISRT._DoSprintf                                    iswi.obl(HelperFuncs.obs)
151  ISRT._EnableDialogCache                            isrt.obl(Enable.obs)
152  ISRT._EnablePrevDialog                             iswi.obl(AdminAskPath.obs)
153  ISRT._EnableSkins                                  isrt.obl(Enable.obs)
154  ISRT._EnableStatus                                 isrt.obl(Enable.obs)
155  ISRT._EnableWow64FsRedirection                     isrt.obl(Enable.obs)
156  ISRT._EndDialog                                    isrt.obl(CustomDialog.obs)
157  ISRT._ExistsDir                                    isrt.obl(Files.obs)
158  ISRT._ExistsFile                                   isrt.obl(Files.obs)
159  ISRT._FileCopy                                     isrt.obl(Files.obs)
160  ISRT._GetCurrentDialogName                         isrt.obl(Dialogs.obs)
161  ISRT._GetDiskSpaceEx                               isrt.obl(GSI.obs)
162  ISRT._GetDiskSpaceExEx                             isrt.obl(SdComponentTreeDlg.obs)
163  ISRT._GetGlobalMemorySize                          isrt.obl(GSI.obs)
164  ISRT._GetProcessorInfo                             isrt.obl(OsInfo.obs)
165  ISRT._GetSelectedTreeComponent                     isrt.obl(CmptView.obs)
166  ISRT._GetSupportDir                                isrt.obl(SysVars.obs)
167  ISRT._IsFontTypefaceNameAvailable                  isrt.obl(Is.obs)
168  ISRT._IsSkinLoaded                                 isrt.obl(Is.obs)
169  ISRT._IsWindowsME                                  isrt.obl(GSI.obs)
170  ISRT._IsWow64                                      isrt.obl(OsInfo.obs)
171  ISRT._ListAddItem                                  isrt.obl(scrlist.obs)
172  ISRT._ListAddString                                isrt.obl(scrlist.obs)
173  ISRT._ListCount                                    isrt.obl(scrlist.obs)
174  ISRT._ListCreate                                   isrt.obl(scrlist.obs)
175  ISRT._ListCurrentString                            isrt.obl(scrlist.obs)
176  ISRT._ListDeleteItem                               isrt.obl(scrlist.obs)
177  ISRT._ListDeleteString                             isrt.obl(scrlist.obs)
178  ISRT._ListDestroy                                  isrt.obl(scrlist.obs)
179  ISRT._ListFindString                               isrt.obl(scrlist.obs)
180  ISRT._ListGetFirstItem                             isrt.obl(scrlist.obs)
181  ISRT._ListGetFirstString                           isrt.obl(scrlist.obs)
182  ISRT._ListGetNextItem                              isrt.obl(scrlist.obs)
183  ISRT._ListGetNextString                            isrt.obl(scrlist.obs)
184  ISRT._ListGetType                                  isrt.obl(scrlist.obs)
185  ISRT._ListReadFromFile                             isrt.obl(scrlist.obs)
186  ISRT._ListSetIndex                                 isrt.obl(scrlist.obs)
187  ISRT._MediaGetInfo                                 iswi.obl(FeatureConv.obs)
188  ISRT._OpenFile                                     isrt.obl(Files.obs)
189  ISRT._Preprogram                                   Setup.obs
190  ISRT._PrintFile                                    isrt.obl(Files.obs)
191  ISRT._RegCreateKey                                 isrt.obl(Registry.obs)
192  ISRT._RegDeleteKey                                 isrt.obl(Registry.obs)
193  ISRT._RegEnableTextSubs                            isrt.obl(Enable.obs)
194  ISRT._RegEnum                                      isrt.obl(Registry.obs)
195  ISRT._RegExistsKey                                 isrt.obl(Registry.obs)
196  ISRT._RegGetOptions                                isrt.obl(SysVars.obs)
197  ISRT._RegIsRemoteRegConnected                      isrt.obl(Is.obs)
198  ISRT._RegQueryKeyBinaryValue                       isrt.obl(Registry.obs)
199  ISRT._RegQueryKeyValue                             isrt.obl(Registry.obs)
200  ISRT._RegSetKeyBinaryValue                         isrt.obl(Registry.obs)
201  ISRT._RegSetKeyValue                               isrt.obl(Registry.obs)
202  ISRT._RegSetOptions                                isrt.obl(SysVars.obs)
203  ISRT._ReleaseDialog                                isrt.obl(CustomDialog.obs)
204  ISRT._SdShowMsg                                    isrt.obl(SDSMSG.obs)
205  ISRT._SetAltMainImage                              isrt.obl(Dialogs.obs)
206  ISRT._SetDisplayEffect                             isrt.obl(ui.obs)
207  ISRT._SetSilentSdShowMsg                           isrt.obl(Enable.obs)
208  ISRT._SetTitle                                     isrt.obl(ui.obs)
209  ISRT._SetupTraceWrite                              isrt.obl(Misc.obs)
210  ISRT._StatusUpdate                                 isrt.obl(ui.obs)
211  ISRT._TreeViewCreate                               isrt.obl(CmptView.obs)
212  ISRT._WaitOnDialog                                 isrt.obl(CustomDialog.obs)
213  ISRT._WriteLine                                    isrt.obl(Files.obs)
214  ISRT.__CreateObjectContext                         isrt.obl(ISRTInit.obs)
215  ISRT.__GetCmdLineOptions                           isrt.obl(ISRTInit.obs)
216  ISRT.__GetContextGUID                              isrt.obl(ISRTInit.obs)
217  ISRT.__GetEnabledIServices                         isrt.obl(SysVars.obs)
218  ISRT.__GetFileRegistrar                            isrt.obl(ISRTInit.obs)
219  ISRT.__GetISMSIStringTableObj                      iswi.obl(ISWiInit.obs)
220  ISRT.__GetInfo                                     isrt.obl(ISRTInit.obs)
221  ISRT.__GetInstallGuid                              isrt.obl(SysVars.obs)
222  ISRT.__GetLogDB                                    isrt.obl(ISRTInit.obs)
223  ISRT.__GetMainWindow                               Setup.obs
224  ISRT.__GetMaintOption                              isrt.obl(SysVars.obs)
225  ISRT.__GetMaintenanceMode                          isrt.obl(SysVars.obs)
226  ISRT.__GetObjects                                  isrt.obl(ISRTInit.obs)
227  ISRT.__GetProductGuid                              isrt.obl(SysVars.obs)
228  ISRT.__GetProgress                                 Setup.obs
229  ISRT.__GetReboot                                   isrt.obl(ISRTInit.obs)
230  ISRT.__GetRemoveAllMode                            isrt.obl(SysVars.obs)
231  ISRT.__GetTextSub                                  isrt.obl(ISRTInit.obs)
232  ISRT.__GetUpdateMode                               isrt.obl(SysVars.obs)
233  ISRT.__PutEnabledIServices                         isrt.obl(Enable.obs)
234  ISRT.__ReleaseObjectContext                        isrt.obl(ISRTInit.obs)
235  ISRT.__RestoreMainLog                              isrt.obl(ISRTInit.obs)
236  ISRT.__RestoreMainLogEx                            isrt.obl(ISRTInit.obs)
237  ISRT.__SetComponentLog                             isrt.obl(ISRTInit.obs)
238  ISRT.__SetUpdateMode                               isrt.obl(SysVars.obs)
239  ISRTHandleScriptException                          isrt.obl(Misc.obs)
240  ISRTPreprogram                                     isrt.obl(Driver.obs)
241  ISWIOnAppSearch                                    iswi.obl(DriverConv.obs)
242  ISWIOnCCPSearch                                    iswi.obl(DriverConv.obs)
243  ISWIOnExitInstall                                  iswi.obl(DriverConv.obs)
244  ISWIOnFirstUIAfter                                 iswi.obl(DriverConv.obs)
245  ISWIOnFirstUIBefore                                iswi.obl(DriverConv.obs)
246  ISWIOnInitInstall                                  iswi.obl(DriverConv.obs)
247  ISWIOnMaintUIAfter                                 iswi.obl(DriverConv.obs)
248  ISWIOnMaintUIBefore                                iswi.obl(DriverConv.obs)
249  ISWIOnMoveData                                     iswi.obl(DriverConv.obs)
250  ISWIOnResumeUIAfter                                iswi.obl(DriverConv.obs)
251  ISWIOnResumeUIBefore                               iswi.obl(DriverConv.obs)
252  ISWIPCRestoreAfter                                 iswi.obl(DriverConv.obs)
253  ISWIPCRestoreBefore                                iswi.obl(DriverConv.obs)
254  ISWIPostprogram                                    iswi.obl(DriverConv.obs)
255  ISWIPreprogram                                     iswi.obl(DriverConv.obs)
256  InstallFilesActionAfter                            iswi.obl(FileTransferFuncsConv.obs)
257  InstallFilesActionBefore                           iswi.obl(FileTransferFuncsConv.obs)
258  Is                                                 isrt.obl(Is.obs)
259  IsTestSetup                                        iswi.obl(HelperFuncs.obs)
260  KERNEL.GetModuleHandle                             Setup.obs
261  KERNEL32.CloseHandle                               Setup.obs
262  KERNEL32.CreateFileA                               Setup.obs
263  KERNEL32.CreateProcess                             Setup.obs
264  KERNEL32.DeleteFileA                               Setup.obs
265  KERNEL32.FindClose                                 Setup.obs
266  KERNEL32.FindFirstFileA                            Setup.obs
267  KERNEL32.FindNextFileA                             Setup.obs
268  KERNEL32.FormatMessageA                            Setup.obs
269  KERNEL32.FreeLibrary                               Setup.obs
270  KERNEL32.GetCurrentDirectoryA                      Setup.obs
271  KERNEL32.GetDriveType                              Setup.obs
272  KERNEL32.GetExitCodeProcess                        Setup.obs
273  KERNEL32.GetFileAttributesA                        Setup.obs
274  KERNEL32.GetLocalTime                              Setup.obs
275  KERNEL32.GetLocaleInfo                             Setup.obs
276  KERNEL32.GetPrivateProfileSectionA                 Setup.obs
277  KERNEL32.GetPrivateProfileString                   Setup.obs
278  KERNEL32.GetPrivateProfileStringA                  Setup.obs
279  KERNEL32.GetProcAddress                            Setup.obs
280  KERNEL32.GetProfileStringA                         Setup.obs
281  KERNEL32.GetShortPathNameA                         Setup.obs
282  KERNEL32.GetSystemDefaultLCID                      Setup.obs
283  KERNEL32.GetSystemDefaultLangID                    Setup.obs
284  KERNEL32.GetSystemDefaultUILanguage                Setup.obs
285  KERNEL32.GetTickCount                              Setup.obs
286  KERNEL32.GetUserDefaultLangID                      Setup.obs
287  KERNEL32.GetVersion                                Setup.obs
288  KERNEL32.GetVersionEx                              Setup.obs
289  KERNEL32.GetVolumeInformation                      Setup.obs
290  KERNEL32.GetWindowsDirectory                       Setup.obs
291  KERNEL32.LoadLibraryA                              Setup.obs
292  KERNEL32.MoveFileA                                 Setup.obs
293  KERNEL32.SetCurrentDirectoryA                      Setup.obs
294  KERNEL32.SetFileAttributesA                        Setup.obs
295  KERNEL32.WritePrivateProfileString                 Setup.obs
296  KERNEL32.lstrlen                                   Setup.obs
297  Kernel32.GetModuleHandleA                          iswi.obl(ComponentConv.obs)
298  LOWORD                                             isrt.obl(Misc.obs)
299  LaunchAgent                                        iswi.obl(HelperFuncs.obs)
300  LaunchApp                                          isrt.obl(Extend.obs)
301  LaunchAppAndWait                                   isrt.obl(Extend.obs)
302  LaunchAppAndWaitInitStartupInfo                    isrt.obl(Extend.obs)
303  ListAddItem                                        isrt.obl(scrlist.obs)
304  ListAddString                                      isrt.obl(scrlist.obs)
305  ListCount                                          isrt.obl(scrlist.obs)
306  ListCreate                                         isrt.obl(scrlist.obs)
307  ListCurrentString                                  isrt.obl(scrlist.obs)
308  ListDeleteItem                                     isrt.obl(scrlist.obs)
309  ListDeleteString                                   isrt.obl(scrlist.obs)
310  ListDestroy                                        isrt.obl(scrlist.obs)
311  ListFindString                                     isrt.obl(scrlist.obs)
312  ListGetFirstItem                                   isrt.obl(scrlist.obs)
313  ListGetFirstString                                 isrt.obl(scrlist.obs)
314  ListGetLastString                                  iswi.obl(CompHelperFuncs.obs)
315  ListGetNextItem                                    isrt.obl(scrlist.obs)
316  ListGetNextString                                  isrt.obl(scrlist.obs)
317  ListGetType                                        isrt.obl(scrlist.obs)
318  ListReadFromFile                                   isrt.obl(scrlist.obs)
319  ListSetIndex                                       isrt.obl(scrlist.obs)
320  ListValid                                          isrt.obl(scrlist.obs)
321  ListValidType                                      isrt.obl(scrlist.obs)
322  LoadStringFromStringTable                          iswi.obl(ISWiInit.obs)
323  LongPathFromShortPath                              isrt.obl(Str.obs)
324  LongPathToQuote                                    isrt.obl(Str.obs)
325  LongPathToShortPath                                isrt.obl(Str.obs)
326  MAKELONG                                           isrt.obl(Misc.obs)
327  MIFCreateMIFFile                                   isrt.obl(MIF.obs)
328  MIFDeleteMIFFile                                   isrt.obl(MIF.obs)
329  MIFInitialize                                      isrt.obl(MIF.obs)
330  MIFSetInformation                                  isrt.obl(MIF.obs)
331  MIFUnInitialize                                    isrt.obl(MIF.obs)
332  MIFWasSetInformationCalled                         isrt.obl(MIF.obs)
333  MediaGetDataEx                                     iswi.obl(FeatureConv.obs)
334  MessageBeep                                        isrt.obl(Misc.obs)
335  MessageBox                                         isrt.obl(MsgBox.obs)
336  MessageBoxEx                                       isrt.obl(MsgBox.obs)
337  Moved                                              iswi.obl(FileTransferFuncsConv.obs)
338  Moving                                             iswi.obl(FileTransferFuncsConv.obs)
339  MsiCloseHandle                                     iswi.obl(MsiFuncsConv.obs)
340  MsiCreateRecord                                    iswi.obl(MsiFuncsConv.obs)
341  MsiDatabaseOpenView                                iswi.obl(MsiFuncsConv.obs)
342  MsiDoAction                                        iswi.obl(MsiFuncsConv.obs)
343  MsiGetActiveDatabase                               iswi.obl(MsiFuncsConv.obs)
344  MsiGetProperty                                     iswi.obl(MsiFuncsConv.obs)
345  MsiGetPropertyIS                                   iswi.obl(MsiFuncsConv.obs)
346  MsiGetSourcePath                                   iswi.obl(MsiFuncsConv.obs)
347  MsiGetTargetPath                                   iswi.obl(MsiFuncsConv.obs)
348  MsiInstallProduct                                  iswi.obl(MsiFuncsConv.obs)
349  MsiProcessMessage                                  iswi.obl(MsiFuncsConv.obs)
350  MsiQueryFeatureState                               iswi.obl(MsiFuncsConv.obs)
351  MsiRecordGetInteger                                iswi.obl(MsiFuncsConv.obs)
352  MsiRecordGetString                                 iswi.obl(MsiFuncsConv.obs)
353  MsiRecordSetString                                 iswi.obl(MsiFuncsConv.obs)
354  MsiSetProperty                                     iswi.obl(MsiFuncsConv.obs)
355  MsiSetTargetPath                                   iswi.obl(MsiFuncsConv.obs)
356  MsiViewExecute                                     iswi.obl(MsiFuncsConv.obs)
357  MsiViewFetch                                       iswi.obl(MsiFuncsConv.obs)
358  OnAbort                                            iswi.obl(DriverConv.obs)
359  OnAction                                           iswi.obl(ISWiInit.obs)
360  OnAdminInstallUIAfter                              iswi.obl(DriverConv.obs)
361  OnAdminInstallUIBefore                             iswi.obl(DriverConv.obs)
362  OnAdminPatchUIAfter                                iswi.obl(DriverConv.obs)
363  OnAdminPatchUIBefore                               iswi.obl(DriverConv.obs)
364  OnAdvertisementAfter                               iswi.obl(DriverConv.obs)
365  OnAdvertisementBefore                              iswi.obl(DriverConv.obs)
366  OnAppSearch                                        iswi.obl(DriverConv.obs)
367  OnBegin                                            iswi.obl(DriverConv.obs)
368  OnCCPSearch                                        iswi.obl(DriverConv.obs)
369  OnCanceling                                        iswi.obl(DriverConv.obs)
370  OnComponentError                                   iswi.obl(Exceptions.obs)
371  OnDIFxLogCallback                                  isrt.obl(ISDIFx.obs)
372  OnDIFxLogCallbackImpl                              isrt.obl(ISDIFx.obs)
373  OnEnd                                              iswi.obl(DriverConv.obs)
374  OnError                                            iswi.obl(DriverConv.obs)
375  OnException                                        iswi.obl(Exceptions.obs)
376  OnFeaturesInstalled                                iswi.obl(FileTransferFuncsConv.obs)
377  OnFeaturesInstalling                               iswi.obl(FileTransferFuncsConv.obs)
378  OnFileError                                        iswi.obl(Exceptions.obs)
379  OnFileLocked                                       iswi.obl(Exceptions.obs)
380  OnFileReadOnly                                     iswi.obl(Exceptions.obs)
381  OnFilesInUse                                       iswi.obl(DriverConv.obs)
382  OnFirstUIAfter                                     Setup.obs
383  OnFirstUIBefore                                    Setup.obs
384  OnGeneratedMSIScript                               iswi.obl(FileTransferFuncsConv.obs)
385  OnGeneratingMSIScript                              iswi.obl(FileTransferFuncsConv.obs)
386  OnHelp                                             iswi.obl(DriverConv.obs)
387  OnInstallFilesActionAfter                          iswi.obl(FileTransferFuncsConv.obs)
388  OnInstallFilesActionBefore                         iswi.obl(FileTransferFuncsConv.obs)
389  OnInternetError                                    iswi.obl(Exceptions.obs)
390  OnLaunchAppAndWaitCallback                         iswi.obl(DriverConv.obs)
391  OnLogonUserSetMsiProperties                        iswi.obl(DriverConv.obs)
392  OnMD5Error                                         iswi.obl(Exceptions.obs)
393  OnMaintUIAfter                                     Setup.obs
394  OnMaintUIBefore                                    Setup.obs
395  OnMaintenance                                      iswi.obl(DriverConv.obs)
396  OnMoved                                            iswi.obl(FileTransferFuncsConv.obs)
397  OnMoving                                           iswi.obl(FileTransferFuncsConv.obs)
398  OnMsiSilentInstall                                 iswi.obl(DriverConv.obs)
399  OnNetApiCreateUserAccountInternal                  isrt.obl(NetApiRT.obs)
400  OnNextDisk                                         iswi.obl(Exceptions.obs)
401  OnOutOfDiskSpace                                   iswi.obl(DriverConv.obs)
402  OnPatchUIAfter                                     iswi.obl(DriverConv.obs)
403  OnPatchUIBefore                                    iswi.obl(DriverConv.obs)
404  OnRebooted                                         iswi.obl(DriverConv.obs)
405  OnRemovingSharedFile                               iswi.obl(Exceptions.obs)
406  OnResolveSource                                    iswi.obl(DriverConv.obs)
407  OnResume                                           iswi.obl(DriverConv.obs)
408  OnResumeUIAfter                                    iswi.obl(DriverConv.obs)
409  OnResumeUIBefore                                   iswi.obl(DriverConv.obs)
410  OnSQLLogin                                         iswi.obl(DriverConv.obs)
411  OnSelfRegistrationError                            iswi.obl(Exceptions.obs)
412  OnUnhandledException                               iswi.obl(DriverConv.obs)
413  OnUninstall                                        iswi.obl(DriverConv.obs)
414  OnUpdateService                                    iswi.obl(DriverConv.obs)
415  OnWarning                                          iswi.obl(DriverConv.obs)
416  OpenFile                                           isrt.obl(Files.obs)
417  OpenFileMode                                       isrt.obl(Files.obs)
418  PCRestoreOnBegin                                   isrt.obl(PCRestore.obs)
419  ParsePath                                          isrt.obl(Str.obs)
420  PostShowComponentDlg                               iswi.obl(ISWiInit.obs)
421  Postprogram                                        iswi.obl(DriverConv.obs)
422  PreShowComponentDlg                                iswi.obl(ISWiInit.obs)
423  Preprogram                                         iswi.obl(DriverConv.obs)
424  PrintFile                                          isrt.obl(Files.obs)
425  ProgDefGroupType                                   isrt.obl(Shell.obs)
426  ProgGetGroupType                                   isrt.obl(Shell.obs)
427  PthFixPath                                         isrt.obl(Pth.obs)
428  PthIsAbsPath                                       isrt.obl(Pth.obs)
429  RebootNeeded                                       iswi.obl(FileTransferFuncsConv.obs)
430  RedirectMsiCloseHandle                             iswi.obl(RedirectedMsiFuncsConv.obs)
431  RedirectMsiCreateRecord                            iswi.obl(RedirectedMsiFuncsConv.obs)
432  RedirectMsiGetActiveDatabase                       iswi.obl(RedirectedMsiFuncsConv.obs)
433  RedirectMsiProcessMessage                          iswi.obl(RedirectedMsiFuncsConv.obs)
434  RedirectMsiRecordGetInteger                        iswi.obl(RedirectedMsiFuncsConv.obs)
435  RedirectMsiViewExecute                             iswi.obl(RedirectedMsiFuncsConv.obs)
436  RedirectMsiViewFetch                               iswi.obl(RedirectedMsiFuncsConv.obs)
437  RegDBCopyKeys                                      isrt.obl(Registry.obs)
438  RegDBCopyValues                                    isrt.obl(Registry.obs)
439  RegDBCreateKeyEx                                   isrt.obl(Registry.obs)
440  RegDBDeleteKey                                     isrt.obl(Registry.obs)
441  RegDBGetDefaultRoot                                isrt.obl(SysVars.obs)
442  RegDBGetItem                                       isrt.obl(Registry.obs)
443  RegDBGetKeyValueEx                                 isrt.obl(Registry.obs)
444  RegDBGetUninstCmdLine                              isrt.obl(Registry.obs)
445  RegDBKeyExist                                      isrt.obl(Registry.obs)
446  RegDBQueryKey                                      isrt.obl(Registry.obs)
447  RegDBQueryKeyCount                                 isrt.obl(Registry.obs)
448  RegDBQueryStringMultiStringCount                   isrt.obl(Registry.obs)
449  RegDBQueryValue                                    isrt.obl(Registry.obs)
450  RegDBQueryValue32                                  isrt.obl(Registry.obs)
451  RegDBSetDefaultRoot                                isrt.obl(SysVars.obs)
452  RegDBSetKeyValueEx                                 isrt.obl(Registry.obs)
453  RegDBSetValue                                      isrt.obl(Registry.obs)
454  ReleaseDialog                                      isrt.obl(CustomDialog.obs)
455  RemoveSpaces                                       iswi.obl(HelperFuncs.obs)
456  RenameFile                                         isrt.obl(Files.obs)
457  ResolveShellObjectsFolder                          iswi.obl(CompHelperFuncs.obs)
458  SdAskDestPath                                      isrt.obl(SdAskDestPathDlg.obs)
459  SdCloseDlg                                         isrt.obl(SDINT.obs)
460  SdComponentDlgCheckSpace                           isrt.obl(SDINT.obs)
461  SdDlgToTop                                         isrt.obl(SDINT.obs)
462  SdDoStdButton                                      isrt.obl(SDINT.obs)
463  SdEnablement                                       isrt.obl(SDINT.obs)
464  SdError                                            isrt.obl(SDINT.obs)
465  SdFeatureTree                                      isrt.obl(SdComponentTreeDlg.obs)
466  SdFilesInUse                                       iswi.obl(SdFilesInUse.obs)
467  SdFinish                                           isrt.obl(SdFinishDlg.obs)
468  SdFinishEx                                         iswi.obl(SdFinishExConv.obs)
469  SdFinishReboot                                     isrt.obl(SdFinishRebootDlg.obs)
470  SdFinishUpdate                                     iswi.obl(SdFinishUpdate.obs)
471  SdFinishUpdateReboot                               iswi.obl(SdFinUpdateRebot.obs)
472  SdGeneralInit                                      isrt.obl(SDINT.obs)
473  SdInit                                             isrt.obl(SDINT.obs)
474  SdIsStdButton                                      isrt.obl(SDINT.obs)
475  SdLicense2                                         isrt.obl(SdLicense2Dlg.obs)
476  SdLoadString                                       isrt.obl(SDINT.obs)
477  SdMakeName                                         isrt.obl(SDINT.obs)
478  SdOutOfDiskSpace                                   iswi.obl(SdDiskReqs.obs)
479  SdPatchWelcome                                     iswi.obl(SdPatchWel.obs)
480  SdPlugInProductName                                isrt.obl(SDINT.obs)
481  SdSetDlgTitle                                      isrt.obl(SDINT.obs)
482  SdSetStatic                                        isrt.obl(SDINT.obs)
483  SdSetupCompleteError                               iswi.obl(SdSetupCompleteError.obs)
484  SdShowMsg                                          isrt.obl(SDSMSG.obs)
485  SdSubstituteProductInfo                            isrt.obl(SDINT.obs)
486  SdUnInit                                           isrt.obl(SDINT.obs)
487  SdWelcome                                          isrt.obl(SdWelcomeDlg.obs)
488  SdWelcomeMaint                                     isrt.obl(SdWelcomeMaintDlg.obs)
489  SelectDir                                          isrt.obl(SelectDir.obs)
490  SelectDirNoLog                                     isrt.obl(SelectDir.obs)
491  SendMessage                                        isrt.obl(Misc.obs)
492  ServiceInitParams                                  isrt.obl(Service.obs)
493  SetCmdLine                                         isrt.obl(SysVars.obs)
494  SetDisplayEffect                                   isrt.obl(ui.obs)
495  SetExtendedErrInfo                                 isrt.obl(IsUtil.obs)
496  SetFolderDesktop                                   isrt.obl(SysVars.obs)
497  SetFolderPrograms                                  isrt.obl(SysVars.obs)
498  SetFolderStartMenu                                 isrt.obl(SysVars.obs)
499  SetFolderStartup                                   isrt.obl(SysVars.obs)
500  SetGlobalVars                                      iswi.obl(ISWiInit.obs)
501  SetInstallationInfo                                isrt.obl(Registry.obs)
502  SetMifInformationOnly                              isrt.obl(Registry.obs)
503  SetStatusWindow                                    isrt.obl(ui.obs)
504  SetTitle                                           isrt.obl(ui.obs)
505  SetUpdateStatus                                    iswi.obl(HelperFuncs.obs)
506  SetUpdateStatusReboot                              iswi.obl(HelperFuncs.obs)
507  SetupTraceWrite                                    isrt.obl(Misc.obs)
508  SilentDoGeneralInfo                                isrt.obl(Silent.obs)
509  SilentFailed                                       isrt.obl(Silent.obs)
510  SilentFinish                                       isrt.obl(Silent.obs)
511  SilentInit                                         isrt.obl(Silent.obs)
512  SilentReadData                                     isrt.obl(Silent.obs)
513  SilentSetInfo                                      isrt.obl(Silent.obs)
514  SilentSetMode                                      isrt.obl(Silent.obs)
515  SilentWriteData                                    isrt.obl(Silent.obs)
516  Sprintf                                            isrt.obl(Str.obs)
517  SprintfBox                                         isrt.obl(MsgBox.obs)
518  SprintfMsiLog                                      iswi.obl(HelperFuncs.obs)
519  StatusUpdate                                       isrt.obl(ui.obs)
520  StrAddLastSlash                                    isrt.obl(Str.obs)
521  StrDelete                                          iswi.obl(HelperFuncs.obs)
522  StrFindEx                                          isrt.obl(Str.obs)
523  StrGetTokens                                       isrt.obl(Str.obs)
524  StrLength                                          isrt.obl(Str.obs)
525  StrRemoveLastSlash                                 isrt.obl(Str.obs)
526  StrRemoveSpaces                                    isrt.obl(Str.obs)
527  StrReplace                                         isrt.obl(Str.obs)
528  StrToNumHex                                        isrt.obl(Str.obs)
529  StrToUpper                                         isrt.obl(Str.obs)
530  SysVarsInit                                        isrt.obl(SysVars.obs)
531  SysVarsInitConv                                    iswi.obl(SysVarsConv.obs)
532  SysVarsTrace                                       isrt.obl(SysVars.obs)
533  SysVarsUnInit                                      iswi.obl(SysVarsConv.obs)
534  System                                             isrt.obl(Misc.obs)
535  TextSubGetValue                                    isrt.obl(TextSub.obs)
536  TextSubParseTextSub                                isrt.obl(TextSub.obs)
537  TextSubSetValue                                    isrt.obl(TextSub.obs)
538  TreeViewCreate                                     isrt.obl(CmptView.obs)
539  USER.EnableWindow                                  Setup.obs
540  USER.GetClassName                                  Setup.obs
541  USER.GetDC                                         Setup.obs
542  USER.GetDlgItem                                    Setup.obs
543  USER.GetFocus                                      Setup.obs
544  USER.GetWindowLong                                 Setup.obs
545  USER.IsIconic                                      Setup.obs
546  USER.IsWindow                                      Setup.obs
547  USER.IsWindowVisible                               Setup.obs
548  USER.ReleaseDC                                     Setup.obs
549  USER.SendMessageA                                  Setup.obs
550  USER.SetFocus                                      Setup.obs
551  USER.SetForegroundWindow                           Setup.obs
552  USER.SetWindowPos                                  Setup.obs
553  USER.SetWindowText                                 Setup.obs
554  USER.ShowWindow                                    Setup.obs
555  USER32.CharUpperBuffA                              Setup.obs
556  USER32.FindWindowA                                 Setup.obs
557  USER32.GetDlgItem                                  iswi.obl(SdDiskReqs.obs)
558  USER32.GetSystemMetrics                            Setup.obs
559  USER32.GetWindowRect                               iswi.obl(SdDiskReqs.obs)
560  USER32.GetWindowText                               Setup.obs
561  USER32.GetWindowTextLength                         Setup.obs
562  USER32.MessageBoxA                                 Setup.obs
563  USER32.MsgWaitForMultipleObjects                   Setup.obs
564  USER32.PeekMessageA                                Setup.obs
565  USER32.SendMessageA                                Setup.obs
566  USER32.SetWindowLong                               Setup.obs
567  USER32.SetWindowRgn                                Setup.obs
568  UninstallApplication                               isrt.obl(Extend.obs)
569  UpdateServiceEnableUpdateService                   isrt.obl(ISUpdateService.obs)
570  User32.DestroyWindow                               iswi.obl(SdDiskReqs.obs)
571  User32.LoadStringA                                 iswi.obl(ComponentConv.obs)
572  VarInit                                            isrt.obl(SysVars.obs)
573  VarRestore                                         iswi.obl(SysVarsConv.obs)
574  VarRestoreISRT                                     isrt.obl(SysVars.obs)
575  VarSave                                            iswi.obl(SysVarsConv.obs)
576  VarSaveISRT                                        isrt.obl(SysVars.obs)
577  VerProductGetInstalledVersion                      isrt.obl(version.obs)
578  VerProductNumToStr                                 isrt.obl(version.obs)
579  VerProductVerPartsFromVer                          isrt.obl(version.obs)
580  WaitOnDialog                                       isrt.obl(CustomDialog.obs)
581  WriteLine                                          isrt.obl(Files.obs)
582  XCopyFile                                          isrt.obl(Files.obs)
583  __AddIntegerToArray                                iswi.obl(HelperFuncs.obs)
584  __AddStringToArray                                 iswi.obl(HelperFuncs.obs)
585  __Begin                                            iswi.obl(DriverConv.obs)
586  __ComponentListItemsEx                             iswi.obl(CompHelperFuncs.obs)
587  __ComponentListItemsExInstall                      iswi.obl(CompHelperFuncs.obs)
588  __ComponentListItemsExUnInstall                    iswi.obl(CompHelperFuncs.obs)
589  __ComponentMoveXferData                            iswi.obl(CompHelperFuncs.obs)
590  __End                                              iswi.obl(DriverConv.obs)
591  __GetCommonAppDataFolder                           iswi.obl(SysVarsConv.obs)
592  __GetFinishMode                                    iswi.obl(ISWiInit.obs)
593  __GetMsiHandle                                     iswi.obl(SysVarsConv.obs)
594  __GetSourceDir                                     iswi.obl(SysVarsConv.obs)
595  __HandleError                                      iswi.obl(ErrHandler.obs)
596  __ISRTDoExit                                       isrt.obl(Misc.obs)
597  __ISRTInit                                         isrt.obl(ISRTInit.obs)
598  __ISRTRestoreMainLog                               isrt.obl(ISRTInit.obs)
599  __ISRTRestoreMainLogEx                             isrt.obl(ISRTInit.obs)
600  __ISRTSetComponentLog                              isrt.obl(ISRTInit.obs)
601  __ISRTUnInit                                       isrt.obl(ISRTInit.obs)
602  __ISWIInit                                         iswi.obl(ISWiInit.obs)
603  __ISWIMsiHandle                                    iswi.obl(ISWiInit.obs)
604  __ISWIUnInit                                       iswi.obl(ISWiInit.obs)
605  __IsArrayEmpty                                     iswi.obl(HelperFuncs.obs)
606  __LoadIScriptString                                isrt.obl(LoadStr.obs)
607  __Moved                                            iswi.obl(FileTransferFuncsConv.obs)
608  __Moving                                           iswi.obl(FileTransferFuncsConv.obs)
609  __MsiOpenView                                      iswi.obl(CompHelperFuncs.obs)
610  __MsiQueryFeatureState                             iswi.obl(MsiWrappersConv.obs)
611  __MsiRecordGetString                               iswi.obl(MsiWrappersConv.obs)
612  __OnAbort                                          iswi.obl(DriverConv.obs)
613  __OnAdminPatch                                     iswi.obl(DriverConv.obs)
614  __OnAdministrativeInstall                          iswi.obl(DriverConv.obs)
615  __OnAdvertisement                                  iswi.obl(DriverConv.obs)
616  __OnBegin                                          iswi.obl(DriverConv.obs)
617  __OnCanceling                                      iswi.obl(DriverConv.obs)
618  __OnEnd                                            iswi.obl(DriverConv.obs)
619  __OnError                                          iswi.obl(DriverConv.obs)
620  __OnMsiMaintenance                                 iswi.obl(DriverConv.obs)
621  __OnMsiRebooted                                    iswi.obl(DriverConv.obs)
622  __OnMsiSilentInstall                               iswi.obl(DriverConv.obs)
623  __OnMsiUninstall                                   iswi.obl(DriverConv.obs)
624  __OnPatch                                          iswi.obl(DriverConv.obs)
625  __OnResume                                         iswi.obl(DriverConv.obs)
626  __OnWarning                                        iswi.obl(DriverConv.obs)
627  __ResetMsiObject                                   iswi.obl(ISWiInit.obs)
628  __SetMaintenance                                   iswi.obl(ISWiInit.obs)
629  __SetMsiHandle                                     iswi.obl(SysVarsConv.obs)
630  __SetMsiServer                                     iswi.obl(ISWiInit.obs)
631  __SetPatch                                         iswi.obl(SysVarsConv.obs)
632  __SetSourceDir                                     iswi.obl(SysVarsConv.obs)
633  isrt._ComponentGetData                             iswi.obl(ComponentConv.obs)
634  isrt._ComponentIsItemSelected                      iswi.obl(ComponentConv.obs)
635  isrt._ComponentListItems                           iswi.obl(ComponentConv.obs)
636  isrt._ComponentReinstall                           iswi.obl(ComponentConv.obs)
637  isrt._ComponentRemoveAll                           iswi.obl(ComponentConv.obs)
638  isrt._ComponentSelectItem                          iswi.obl(ComponentConv.obs)
639  isrt._EnableDialogCache                            iswi.obl(ISWiInit.obs)
640  kernel32.GetLocalTime                              iswi.obl(ErrHandler.obs)
641  kernel32.GetWindowsDirectoryA                      iswi.obl(ErrHandler.obs)
642  msi.MsiCloseHandle                                 iswi.obl(RedirectedMsiFuncsConv.obs)
643  msi.MsiCreateRecord                                iswi.obl(RedirectedMsiFuncsConv.obs)
644  msi.MsiDatabaseOpenViewA                           Setup.obs
645  msi.MsiDoActionA                                   Setup.obs
646  msi.MsiGetActiveDatabase                           iswi.obl(RedirectedMsiFuncsConv.obs)
647  msi.MsiGetProductInfoA                             Setup.obs
648  msi.MsiGetPropertyA                                Setup.obs
649  msi.MsiGetSourcePathA                              Setup.obs
650  msi.MsiGetTargetPathA                              Setup.obs
651  msi.MsiOpenDatabaseA                               Setup.obs
652  msi.MsiProcessMessage                              iswi.obl(RedirectedMsiFuncsConv.obs)
653  msi.MsiQueryFeatureStateA                          Setup.obs
654  msi.MsiRecordGetInteger                            iswi.obl(RedirectedMsiFuncsConv.obs)
655  msi.MsiRecordGetStringA                            Setup.obs
656  msi.MsiRecordSetStringA                            Setup.obs
657  msi.MsiSetPropertyA                                Setup.obs
658  msi.MsiSetTargetPathA                              Setup.obs
659  msi.MsiViewExecute                                 iswi.obl(RedirectedMsiFuncsConv.obs)
660  msi.MsiViewFetch                                   iswi.obl(RedirectedMsiFuncsConv.obs)
661  program                                            iswi.obl(DriverConv.obs)
662  sfc.SRSetRestorePoint                              Setup.obs


***** External Variables *****
1    ADDREMOVE                                          iswi.obl(HelperFuncs.obs)
2    ADDREMOVE_COMBINEDBUTTON                           Setup.obs
3    ADDREMOVE_HIDECHANGEOPTION                         Setup.obs
4    ADDREMOVE_HIDEREMOVEOPTION                         Setup.obs
5    ADDREMOVE_HIDEREPAIROPTION                         Setup.obs
6    ADDREMOVE_STRING_REMOVEONLY                        Setup.obs
7    ADDREMOVE_SYSTEMCOMPONENT                          Setup.obs
8    ADMINUSER                                          Setup.obs
9    ALLUSERS                                           Setup.obs
10   AdminToolsFolder                                   iswi.obl(DebugSymbolsConv.obs)
11   AppDataFolder                                      iswi.obl(DebugSymbolsConv.obs)
12   BASICMSI                                           iswi.obl(HelperFuncs.obs)
13   BATCH_INSTALL                                      Setup.obs
14   CMDLINE                                            iswi.obl(HelperFuncs.obs)
15   CMPTFILTERLANGOBJ                                  iswi.obl(CompHelperFuncs.obs)
16   COMMONFILES                                        iswi.obl(HelperFuncs.obs)
17   COMMONFILES64                                      iswi.obl(HelperFuncs.obs)
18   CommonAppDataFolder                                iswi.obl(DebugSymbolsConv.obs)
19   CommonFiles64Folder                                iswi.obl(DebugSymbolsConv.obs)
20   CommonFilesFolder                                  iswi.obl(DebugSymbolsConv.obs)
21   DISABLE_ALLUSERBTN                                 Setup.obs
22   DISABLE_PERUSERBTN                                 Setup.obs
23   DISK1SETUPEXENAME                                  iswi.obl(HelperFuncs.obs)
24   DISK1TARGET                                        Setup.obs
25   DesktopFolder                                      iswi.obl(DebugSymbolsConv.obs)
26   ENABLED_ISERVICES                                  iswi.obl(HelperFuncs.obs)
27   ENGINECOMMONDIR                                    iswi.obl(HelperFuncs.obs)
28   ENGINEDIR                                          iswi.obl(HelperFuncs.obs)
29   ERRORFILENAME                                      Setup.obs
30   ERRORINFO                                          iswi.obl(ComponentConv.obs)
31   Err                                                Setup.obs
32   FEATURE                                            iswi.obl(ComponentConv.obs)
33   FILEERROR                                          iswi.obl(ComponentConv.obs)
34   FILETIME                                           Setup.obs
35   FIND_DATA                                          Setup.obs
36   FOLDER_APPDATA                                     iswi.obl(HelperFuncs.obs)
37   FOLDER_COMMON_APPDATA                              iswi.obl(HelperFuncs.obs)
38   FOLDER_DESKTOP                                     iswi.obl(HelperFuncs.obs)
39   FOLDER_DOTNET_10                                   iswi.obl(HelperFuncs.obs)
40   FOLDER_DOTNET_11                                   iswi.obl(HelperFuncs.obs)
41   FOLDER_DOTNET_20                                   iswi.obl(HelperFuncs.obs)
42   FOLDER_FONTS                                       iswi.obl(HelperFuncs.obs)
43   FOLDER_LOCAL_APPDATA                               iswi.obl(HelperFuncs.obs)
44   FOLDER_PERSONAL                                    iswi.obl(HelperFuncs.obs)
45   FOLDER_PROGRAMS                                    iswi.obl(HelperFuncs.obs)
46   FOLDER_STARTMENU                                   iswi.obl(HelperFuncs.obs)
47   FOLDER_STARTUP                                     iswi.obl(HelperFuncs.obs)
48   FOLDER_TEMP                                        iswi.obl(HelperFuncs.obs)
49   FavoritesFolder                                    iswi.obl(DebugSymbolsConv.obs)
50   FileRegistrar                                      Setup.obs
51   FontsFolder                                        iswi.obl(DebugSymbolsConv.obs)
52   HKEYCURRENTROOTKEY                                 Setup.obs
53   IFX_COMPANY_NAME                                   Setup.obs
54   IFX_INSTALLED_DISPLAY_VERSION                      Setup.obs
55   IFX_INSTALLED_VERSION                              Setup.obs
56   IFX_KEYPATH_PRODUCT_INFO                           Setup.obs
57   IFX_MULTI_INSTANCE_SUFFIX                          Setup.obs
58   IFX_NETAPI_GROUP                                   Setup.obs
59   IFX_NETAPI_PASSWORD                                Setup.obs
60   IFX_NETAPI_USER_ACCOUNT                            Setup.obs
61   IFX_PRODUCT_COMMENTS                               Setup.obs
62   IFX_PRODUCT_DISPLAY_NAME                           Setup.obs
63   IFX_PRODUCT_DISPLAY_VERSION                        Setup.obs
64   IFX_PRODUCT_ICON                                   Setup.obs
65   IFX_PRODUCT_KEY                                    Setup.obs
66   IFX_PRODUCT_NAME                                   Setup.obs
67   IFX_PRODUCT_README                                 Setup.obs
68   IFX_PRODUCT_REGISTEREDCOMPANY                      Setup.obs
69   IFX_PRODUCT_REGISTEREDOWNER                        Setup.obs
70   IFX_PRODUCT_REGISTEREDSERIALNUM                    Setup.obs
71   IFX_PRODUCT_SUPPORT_CONTACT                        Setup.obs
72   IFX_PRODUCT_SUPPORT_PHONE                          Setup.obs
73   IFX_PRODUCT_SUPPORT_URL                            Setup.obs
74   IFX_PRODUCT_UPDATE_URL                             Setup.obs
75   IFX_PRODUCT_URL                                    Setup.obs
76   IFX_PRODUCT_VERSION                                Setup.obs
77   IFX_SETUP_TITLE                                    Setup.obs
78   IFX_SUPPORTED_VERSIONS                             Setup.obs
79   IISROOTFOLDER                                      iswi.obl(HelperFuncs.obs)
80   INSTALLDIR                                         Setup.obs
81   INSTALLSCRIPTMSI                                   iswi.obl(HelperFuncs.obs)
82   INSTANCE_GUID                                      iswi.obl(HelperFuncs.obs)
83   ISDIFXAPPID                                        Setup.obs
84   ISMSI_HANDLE                                       iswi.obl(DebugSymbolsConv.obs)
85   ISRES                                              iswi.obl(HelperFuncs.obs)
86   ISUSER                                             iswi.obl(HelperFuncs.obs)
87   ISUTIL_FUNCTION_ACTUAL_ERROR                       Setup.obs
88   ISUTIL_FUNCTION_ERROR                              iswi.obl(CompHelperFuncs.obs)
89   ISUTIL_LINE_NUMBER                                 Setup.obs
90   ISUTIL_POSITIVE_ERROR                              iswi.obl(CompHelperFuncs.obs)
91   ISUTIL_SCRIPT_FILE                                 Setup.obs
92   ISVERSION                                          iswi.obl(HelperFuncs.obs)
93   LAAW_PARAMETERS                                    Setup.obs
94   LAAW_PROCESS_INFORMATION                           Setup.obs
95   LAAW_STARTUPINFO                                   Setup.obs
96   LAST_RESULT                                        Setup.obs
97   LVITEM                                             iswi.obl(SdDiskReqs.obs)
98   LV_COLUMN                                          iswi.obl(SdDiskReqs.obs)
99   LocalAppDataFolder                                 iswi.obl(DebugSymbolsConv.obs)
100  LogDB                                              Setup.obs
101  MAINTENANCE                                        iswi.obl(HelperFuncs.obs)
102  MAINT_OPTION                                       iswi.obl(HelperFuncs.obs)
103  MEDIA                                              Setup.obs
104  MEDIA_INFO                                         iswi.obl(FeatureConv.obs)
105  MODE                                               Setup.obs
106  MSG                                                Setup.obs
107  MULTI_INSTANCE_COUNT                               iswi.obl(HelperFuncs.obs)
108  MainWindow                                         Setup.obs
109  MyPicturesFolder                                   iswi.obl(DebugSymbolsConv.obs)
110  NOTHING                                            Setup.obs
111  NetHoodFolder                                      iswi.obl(DebugSymbolsConv.obs)
112  OSINFO_PLATFORM_INFO                               Setup.obs
113  OSINFO_PROCESSOR_INFO                              Setup.obs
114  OSVERSIONINFO                                      Setup.obs
115  OSVERSIONINFOEX                                    Setup.obs
116  Objects                                            Setup.obs
117  OriginalDatabase                                   iswi.obl(DebugSymbolsConv.obs)
118  PACKAGE_LOCATION                                   iswi.obl(HelperFuncs.obs)
119  PATCH                                              iswi.obl(DebugSymbolsConv.obs)
120  POINT                                              Setup.obs
121  PRIVILEGED                                         Setup.obs
122  PROCESS_INFORMATION                                Setup.obs
123  PRODUCT_GUID                                       iswi.obl(HelperFuncs.obs)
124  PROGRAMFILES                                       iswi.obl(HelperFuncs.obs)
125  PROGRAMFILES64                                     iswi.obl(HelperFuncs.obs)
126  PersonalFolder                                     iswi.obl(DebugSymbolsConv.obs)
127  PrintHoodFolder                                    iswi.obl(DebugSymbolsConv.obs)
128  ProgramFiles64Folder                               iswi.obl(DebugSymbolsConv.obs)
129  ProgramFilesFolder                                 iswi.obl(DebugSymbolsConv.obs)
130  ProgramMenuFolder                                  iswi.obl(DebugSymbolsConv.obs)
131  RECT                                               Setup.obs
132  REGDB_OPTIONS                                      Setup.obs
133  REMOVEALLMODE                                      iswi.obl(HelperFuncs.obs)
134  REMOVEONLY                                         iswi.obl(HelperFuncs.obs)
135  RUN_ONCE_PROGRAM                                   iswi.obl(HelperFuncs.obs)
136  Reboot                                             Setup.obs
137  RecentFolder                                       iswi.obl(DebugSymbolsConv.obs)
138  SELECTED_LANGUAGE                                  iswi.obl(HelperFuncs.obs)
139  SERVICE_IS_PARAMS                                  Setup.obs
140  SETUPTYPE_STR_COMPACT                              Setup.obs
141  SETUPTYPE_STR_COMPLETE                             Setup.obs
142  SETUPTYPE_STR_CUSTOM                               Setup.obs
143  SETUPTYPE_STR_TYPICAL                              Setup.obs
144  SHELL_OBJECT_FOLDER                                Setup.obs
145  SHOW_PASSWORD_DIALOG                               iswi.obl(HelperFuncs.obs)
146  SRCDIR                                             Setup.obs
147  SRCDISK                                            iswi.obl(HelperFuncs.obs)
148  STARTUPINFO                                        Setup.obs
149  SUPPORTDIR                                         iswi.obl(HelperFuncs.obs)
150  SYSTEMTIME                                         Setup.obs
151  SYSTEMTIME2                                        iswi.obl(ErrHandler.obs)
152  SendToFolder                                       iswi.obl(DebugSymbolsConv.obs)
153  SetupInfo                                          Setup.obs
154  SourceDir                                          iswi.obl(DebugSymbolsConv.obs)
155  StartMenuFolder                                    iswi.obl(DebugSymbolsConv.obs)
156  StartupFolder                                      iswi.obl(DebugSymbolsConv.obs)
157  StatusDlg                                          Setup.obs
158  System16Folder                                     iswi.obl(DebugSymbolsConv.obs)
159  System64Folder                                     iswi.obl(DebugSymbolsConv.obs)
160  SystemFolder                                       iswi.obl(DebugSymbolsConv.obs)
161  TARGETDIR                                          Setup.obs
162  TARGETDISK                                         iswi.obl(HelperFuncs.obs)
163  TempFolder                                         iswi.obl(DebugSymbolsConv.obs)
164  TemplateFolder                                     iswi.obl(DebugSymbolsConv.obs)
165  TextSub                                            Setup.obs
166  UNINST                                             Setup.obs
167  UNINSTALLKEY                                       Setup.obs
168  UNINSTALL_DISPLAYNAME                              Setup.obs
169  UNINSTALL_STRING                                   Setup.obs
170  UPDATEMODE                                         Setup.obs
171  WINDIR                                             iswi.obl(HelperFuncs.obs)
172  WINDISK                                            iswi.obl(HelperFuncs.obs)
173  WINSYSDIR                                          iswi.obl(HelperFuncs.obs)
174  WINSYSDIR64                                        iswi.obl(HelperFuncs.obs)
175  WINSYSDISK                                         iswi.obl(HelperFuncs.obs)
176  WindowsFolder                                      iswi.obl(DebugSymbolsConv.obs)
177  WindowsVolume                                      iswi.obl(DebugSymbolsConv.obs)
178  _INT64                                             Setup.obs
179  _LAAW_PARAMETERS                                   Setup.obs
180  _LAAW_TEMP_DATA                                    isrt.obl(Extend.obs)
181  _RESTOREINFO_                                      Setup.obs
182  _RESTOREPTINFO                                     Setup.obs
183  _SERVICE_IS_PARAMS                                 Setup.obs
184  _SMGRSTATUS                                        Setup.obs
185  _SMGSTATUS_                                        Setup.obs
186  _WIN9X                                             Setup.obs
187  _WINNT                                             Setup.obs
188  __SYSTEMINFORMATION                                Setup.obs
189  __SYSTEMPROCESSORINFORMATION                       Setup.obs
190  __gbAliasingOff                                    iswi.obl(CompHelperFuncs.obs)
191  __gbCheckForUpdate                                 iswi.obl(CompHelperFuncs.obs)
192  __gbCheckUpdateReboot                              iswi.obl(CompHelperFuncs.obs)
193  __gbGetTarget                                      iswi.obl(CompHelperFuncs.obs)
194  __gbInitialized                                    iswi.obl(CompHelperFuncs.obs)
195  __gbInstallInfo                                    Setup.obs
196  __gbMaintenance                                    iswi.obl(CompHelperFuncs.obs)
197  __gbReopening                                      iswi.obl(CompHelperFuncs.obs)
198  __ghActiveDataBase                                 iswi.obl(CompHelperFuncs.obs)
199  __ghErrFileHandle                                  iswi.obl(CompHelperFuncs.obs)
200  __ghMsiInstall                                     iswi.obl(CompHelperFuncs.obs)
201  __gnButtonSelected                                 iswi.obl(CompHelperFuncs.obs)
202  __gnLastError                                      iswi.obl(CompHelperFuncs.obs)
203  __gnMsiReturn                                      iswi.obl(CompHelperFuncs.obs)
204  __gnOSMask                                         iswi.obl(CompHelperFuncs.obs)
205  __gnScriptMode                                     iswi.obl(CompHelperFuncs.obs)
206  __goISDriver                                       iswi.obl(CompHelperFuncs.obs)
207  __goLanguageFilter                                 iswi.obl(CompHelperFuncs.obs)
208  __goMsiServer                                      iswi.obl(CompHelperFuncs.obs)
209  __gsINSTALLDIR                                     iswi.obl(CompHelperFuncs.obs)
210  __gsProductGuid                                    iswi.obl(CompHelperFuncs.obs)
211  __gsSourceDir                                      iswi.obl(CompHelperFuncs.obs)
212  __hContext                                         iswi.obl(CompHelperFuncs.obs)
213  __objGlobalTextSub                                 Setup.obs
214  __objStringTable                                   iswi.obl(ISWiInit.obs)
215  __szGUID                                           isrt.obl(ISRTInit.obs)
216  bBackButton                                        Setup.obs
217  bCancelButton                                      Setup.obs
218  bEnterDiskBeep                                     iswi.obl(AdminAskPath.obs)
219  bFinishButton                                      Setup.obs
220  bIfxPCHInitialized                                 Setup.obs
221  bIfxPCHOn                                          Setup.obs
222  bInstall16                                         Setup.obs
223  bNextButton                                        Setup.obs
224  bSdInit                                            Setup.obs
225  bViewCmptKunits                                    Setup.obs
226  bViewCmptUseDecimal                                Setup.obs
227  g_bSuppressMissingStringWarning                    iswi.obl(DriverConv.obs)
228  nIfxPCHType                                        Setup.obs
229  szAppKey                                           Setup.obs
230  szSdProduct                                        Setup.obs
231  szSdStr_NotEnoughSpace                             Setup.obs
