***** External Functions *****
1    AdminAskPath                                       isrt.obl(ISRTScriptDialogs.obs)
2    Advapi32.CloseServiceHandle                        Setup.obs
3    Advapi32.ControlService                            Setup.obs
4    Advapi32.OpenSCManagerW                            Setup.obs
5    Advapi32.OpenServiceW                              Setup.obs
6    Advapi32.QueryServiceStatus                        Setup.obs
7    AllFeaturesDeselected                              iswi.obl(CompHelperFuncs.obs)
8    CHECK_RETURN                                       iswi.obl(ErrHandler.obs)
9    ChangeDirectory                                    isrt.obl(Files.obs)
10   CloseFile                                          isrt.obl(Files.obs)
11   CmdGetHwndDlg                                      isrt.obl(CustomDialog.obs)
12   ComponentCompareSizeRequired                       isrt.obl(component.obs)
13   ComponentErrorInfo                                 isrt.obl(component.obs)
14   ComponentGetData                                   isrt.obl(component.obs)
15   ComponentGetTotalCost                              isrt.obl(component.obs)
16   ComponentIsItemSelected                            isrt.obl(component.obs)
17   ComponentListItems                                 isrt.obl(component.obs)
18   ComponentRemoveAll                                 isrt.obl(component.obs)
19   ComponentSaveTarget                                isrt.obl(component.obs)
20   ComponentSelectItem                                isrt.obl(component.obs)
21   ComponentTransferData                              isrt.obl(component.obs)
22   ComponentTreeInit                                  isrt.obl(Dialogs.obs)
23   CopyFile                                           isrt.obl(Files.obs)
24   CreateDir                                          isrt.obl(Files.obs)
25   CreateFile                                         isrt.obl(Files.obs)
26   CreateInstallationInfo                             isrt.obl(Registry.obs)
27   CtrlGetDlgItem                                     isrt.obl(CustomDialog.obs)
28   CtrlGetNotificationCode                            isrt.obl(CustomDialog.obs)
29   CtrlGetState                                       isrt.obl(CustomDialog.obs)
30   CtrlGetText                                        isrt.obl(CustomDialog.obs)
31   CtrlSelectText                                     isrt.obl(CustomDialog.obs)
32   CtrlSetList                                        isrt.obl(CustomDialog.obs)
33   CtrlSetMLEText                                     isrt.obl(CustomDialog.obs)
34   CtrlSetState                                       isrt.obl(CustomDialog.obs)
35   CtrlSetText                                        isrt.obl(CustomDialog.obs)
36   DefineDialog                                       isrt.obl(CustomDialog.obs)
37   DeleteDir                                          isrt.obl(Files.obs)
38   DeleteFile                                         isrt.obl(Files.obs)
39   DeleteSingleFile                                   isrt.obl(Files.obs)
40   DialogSetDefaultFont                               isrt.obl(Dialogs.obs)
41   DialogSetFont                                      isrt.obl(Dialogs.obs)
42   DialogSetInfo                                      isrt.obl(Dialogs.obs)
43   Disable                                            isrt.obl(Enable.obs)
44   DllSizeOf                                          isrt.obl(Str.obs)
45   Do                                                 isrt.obl(Misc.obs)
46   Enable                                             isrt.obl(Enable.obs)
47   EndCurrentDialog                                   isrt.obl(Dialogs.obs)
48   EndDialog                                          isrt.obl(CustomDialog.obs)
49   ExistsDir                                          isrt.obl(Files.obs)
50   EzDefineDialog                                     isrt.obl(CustomDialog.obs)
51   FeatureCompareSizeRequired                         iswi.obl(FeatureConv.obs)
52   FeatureErrorInfo                                   iswi.obl(ComponentConv.obs)
53   FeatureFilterLanguage                              iswi.obl(FeatureConv.obs)
54   FeatureFilterOS                                    iswi.obl(FeatureConv.obs)
55   FeatureGetData                                     iswi.obl(ComponentConv.obs)
56   FeatureGetTotalCost                                iswi.obl(FeatureConv.obs)
57   FeatureIsItemSelected                              iswi.obl(ComponentConv.obs)
58   FeatureListItems                                   iswi.obl(ComponentConv.obs)
59   FeatureReinstall                                   iswi.obl(ComponentConv.obs)
60   FeatureRemoveAll                                   iswi.obl(ComponentConv.obs)
61   FeatureSaveTarget                                  iswi.obl(FeatureConv.obs)
62   FeatureSelectItem                                  iswi.obl(ComponentConv.obs)
63   FeatureTransferData                                iswi.obl(ComponentConv.obs)
64   FeaturesInstalled                                  iswi.obl(FileTransferFuncsConv.obs)
65   FeaturesInstalling                                 iswi.obl(FileTransferFuncsConv.obs)
66   FillLists                                          isrt.obl(ISRTScriptDialogs.obs)
67   FindAllDirs                                        isrt.obl(Files.obs)
68   FindFile                                           isrt.obl(Files.obs)
69   FormatMessage                                      isrt.obl(Misc.obs)
70   GDI32.CreateRectRgn                                Setup.obs
71   GDI32.GetDeviceCaps                                Setup.obs
72   GeneratedMSIScript                                 iswi.obl(FileTransferFuncsConv.obs)
73   GeneratingMSIScript                                iswi.obl(FileTransferFuncsConv.obs)
74   GetBasicMSI                                        isrt.obl(SysVars.obs)
75   GetBillboard                                       isrt.obl(SysVars.obs)
76   GetCompItemList                                    iswi.obl(CompHelperFuncs.obs)
77   GetComponentsFeatures                              iswi.obl(CompHelperFuncs.obs)
78   GetCurrentDialogName                               isrt.obl(Dialogs.obs)
79   GetCurrentDir                                      isrt.obl(Files.obs)
80   GetDialogTitle                                     isrt.obl(Dialogs.obs)
81   GetDir                                             isrt.obl(Str.obs)
82   GetDisk                                            isrt.obl(Str.obs)
83   GetDiskSpace                                       isrt.obl(GSI.obs)
84   GetDiskSpaceEx                                     isrt.obl(GSI.obs)
85   GetEnabledIServices                                isrt.obl(SysVars.obs)
86   GetExtents                                         isrt.obl(GSI.obs)
87   GetFolderApplications                              isrt.obl(SysVars.obs)
88   GetFolderApplications64                            isrt.obl(SysVars.obs)
89   GetFolderDotNet10                                  isrt.obl(SysVars.obs)
90   GetFolderDotNet11                                  isrt.obl(SysVars.obs)
91   GetFolderDotNet20                                  isrt.obl(SysVars.obs)
92   GetISRes                                           isrt.obl(SysVars.obs)
93   GetInstallScriptMSIEEUI                            isrt.obl(SysVars.obs)
94   GetKeyPathWinCurrVerAuto                           isrt.obl(SysVars.obs)
95   GetMSIFeatureName                                  iswi.obl(CompHelperFuncs.obs)
96   GetMaintenance                                     iswi.obl(ISWiInit.obs)
97   GetMsiFeaturePath                                  iswi.obl(CompHelperFuncs.obs)
98   GetMsiNameFromAliasTable                           iswi.obl(CompHelperFuncs.obs)
99   GetOpenFileMode                                    isrt.obl(Files.obs)
100  GetPackageLocation                                 isrt.obl(SysVars.obs)
101  GetPlatformList                                    iswi.obl(CompHelperFuncs.obs)
102  GetProductGUID                                     iswi.obl(ISWiInit.obs)
103  GetProfSectionKeyCount                             isrt.obl(Profile.obs)
104  GetProfString                                      isrt.obl(Profile.obs)
105  GetProfStringList                                  isrt.obl(Profile.obs)
106  GetProgramFiles                                    isrt.obl(SysVars.obs)
107  GetReinstallMode                                   isrt.obl(SysVars.obs)
108  GetRemoveAllMode                                   isrt.obl(SysVars.obs)
109  GetRemoveOnly                                      isrt.obl(SysVars.obs)
110  GetSelectedTreeComponent                           isrt.obl(CmptView.obs)
111  GetStandardSelectedLanguage                        isrt.obl(SysVars.obs)
112  GetSuiteHosted                                     isrt.obl(SysVars.obs)
113  GetSupportDir                                      isrt.obl(SysVars.obs)
114  GetSystemInfo                                      isrt.obl(GSI.obs)
115  GetTempFolder                                      isrt.obl(SysVars.obs)
116  GetUserSelectableAuto                              isrt.obl(SysVars.obs)
117  GetValidDrivesList                                 isrt.obl(GSI.obs)
118  GetWinDir                                          isrt.obl(SysVars.obs)
119  GetWinSysDir                                       isrt.obl(SysVars.obs)
120  GetWindowHandle                                    iswi.obl(MiscConv.obs)
121  HIWORD                                             isrt.obl(Misc.obs)
122  ISDeterminePlatform                                isrt.obl(OsInfo.obs)
123  ISMIF32.InstallStatusMIF                           isrt.obl(MIF.obs)
124  ISRT.ComponentViewSetInfoEx                        isrt.obl(Dialogs.obs)
125  ISRT.EnableHourGlass                               isrt.obl(Enable.obs)
126  ISRT.GetCPUType                                    isrt.obl(GSI.obs)
127  ISRT.GetFontSub                                    isrt.obl(Dialogs.obs)
128  ISRT.GetHandle                                     Setup.obs
129  ISRT.GetPorts                                      isrt.obl(GSI.obs)
130  ISRT.IsEmpty                                       Setup.obs
131  ISRT.IsNTAdmin                                     isrt.obl(Is.obs)
132  ISRT.IsObject                                      Setup.obs
133  ISRT.IsPowerUser                                   isrt.obl(Is.obs)
134  ISRT.LangLoadString                                isrt.obl(SDINT.obs)
135  ISRT.MessageBeepP                                  Setup.obs
136  ISRT.PathCompactPathPixel                          isrt.obl(CustomDialog.obs)
137  ISRT.PathGetDir                                    isrt.obl(Str.obs)
138  ISRT.PathGetDrive                                  isrt.obl(Str.obs)
139  ISRT.PathGetFile                                   isrt.obl(Files.obs)
140  ISRT.PathGetFileExt                                isrt.obl(Str.obs)
141  ISRT.PathGetFileName                               isrt.obl(Str.obs)
142  ISRT.PathGetLongFromShort                          isrt.obl(Str.obs)
143  ISRT.PathGetPath                                   isrt.obl(Str.obs)
144  ISRT.PathIsValidSyntax                             isrt.obl(Is.obs)
145  ISRT.VerGetFileVersion                             Setup.obs
146  ISRT._BrowseForFolder                              isrt.obl(ISRTScriptDialogsPriv.obs)
147  ISRT._CloseFile                                    isrt.obl(Files.obs)
148  ISRT._CmdGetHwndDlg                                isrt.obl(CustomDialog.obs)
149  ISRT._CompareDWORD                                 isrt.obl(Extend.obs)
150  ISRT._ComponentCompareSizeRequired                 iswi.obl(FeatureConv.obs)
151  ISRT._ComponentFilterLanguage                      iswi.obl(FeatureConv.obs)
152  ISRT._ComponentFilterOS                            iswi.obl(FeatureConv.obs)
153  ISRT._ComponentGetTotalCost                        iswi.obl(FeatureConv.obs)
154  ISRT._ComponentGetTotalCostEx                      iswi.obl(ComponentConv.obs)
155  ISRT._ComponentSaveTarget                          iswi.obl(FeatureConv.obs)
156  ISRT._CreateDir                                    isrt.obl(Files.obs)
157  ISRT._CtrlGetNotificationCode                      isrt.obl(CustomDialog.obs)
158  ISRT._CtrlGetParentWindowHelper                    iswi.obl(MiscConv.obs)
159  ISRT._CtrlSetHtmlContent                           isrt.obl(CustomDialog.obs)
160  ISRT._CtrlSetMLERichText                           isrt.obl(CustomDialog.obs)
161  ISRT._DefineDialog                                 isrt.obl(CustomDialog.obs)
162  ISRT._DialogSetFont                                isrt.obl(Dialogs.obs)
163  ISRT._DisableStatus                                isrt.obl(Enable.obs)
164  ISRT._DoSprintf                                    iswi.obl(HelperFuncs.obs)
165  ISRT._EnableDialogCache                            isrt.obl(Enable.obs)
166  ISRT._EnablePrevDialog                             Setup.obs
167  ISRT._EnableSkins                                  isrt.obl(Enable.obs)
168  ISRT._EnableStatus                                 isrt.obl(Enable.obs)
169  ISRT._EnableWow64FsRedirection                     isrt.obl(Enable.obs)
170  ISRT._EndDialog                                    isrt.obl(CustomDialog.obs)
171  ISRT._ExistsDir                                    isrt.obl(Files.obs)
172  ISRT._ExistsFile                                   isrt.obl(Files.obs)
173  ISRT._FileCopy                                     isrt.obl(Files.obs)
174  ISRT._FloatingPointOperation                       iswi.obl(ComponentConv.obs)
175  ISRT._GetCurrentDialogName                         isrt.obl(Dialogs.obs)
176  ISRT._GetDiskSpaceEx                               isrt.obl(GSI.obs)
177  ISRT._GetDiskSpaceExEx                             iswi.obl(ComponentConv.obs)
178  ISRT._GetGlobalMemorySize                          isrt.obl(GSI.obs)
179  ISRT._GetProcessorInfo                             isrt.obl(OsInfo.obs)
180  ISRT._GetRunningChildProcessEx2                    isrt.obl(Extend.obs)
181  ISRT._GetSelectedTreeComponent                     isrt.obl(CmptView.obs)
182  ISRT._GetStandardLangId                            isrt.obl(Misc.obs)
183  ISRT._GetSupportDir                                isrt.obl(SysVars.obs)
184  ISRT._GetVirtualMachineType                        isrt.obl(GSI.obs)
185  ISRT._IsFontTypefaceNameAvailable                  isrt.obl(Is.obs)
186  ISRT._IsInAdminGroup                               isrt.obl(Is.obs)
187  ISRT._IsLangSupported                              isrt.obl(Is.obs)
188  ISRT._IsSkinLoaded                                 isrt.obl(Is.obs)
189  ISRT._IsVirtualMachine                             isrt.obl(OsInfo.obs)
190  ISRT._IsWindowsME                                  isrt.obl(GSI.obs)
191  ISRT._IsWow64                                      isrt.obl(OsInfo.obs)
192  ISRT._ListAddItem                                  isrt.obl(scrlist.obs)
193  ISRT._ListAddString                                isrt.obl(scrlist.obs)
194  ISRT._ListCount                                    isrt.obl(scrlist.obs)
195  ISRT._ListCreate                                   isrt.obl(scrlist.obs)
196  ISRT._ListCurrentString                            isrt.obl(scrlist.obs)
197  ISRT._ListDeleteItem                               isrt.obl(scrlist.obs)
198  ISRT._ListDeleteString                             isrt.obl(scrlist.obs)
199  ISRT._ListDestroy                                  isrt.obl(scrlist.obs)
200  ISRT._ListFindItem                                 isrt.obl(scrlist.obs)
201  ISRT._ListFindString                               isrt.obl(scrlist.obs)
202  ISRT._ListGetFirstItem                             isrt.obl(scrlist.obs)
203  ISRT._ListGetFirstString                           isrt.obl(scrlist.obs)
204  ISRT._ListGetNextItem                              isrt.obl(scrlist.obs)
205  ISRT._ListGetNextString                            isrt.obl(scrlist.obs)
206  ISRT._ListGetType                                  isrt.obl(scrlist.obs)
207  ISRT._ListReadFromFile                             isrt.obl(scrlist.obs)
208  ISRT._ListSetIndex                                 isrt.obl(scrlist.obs)
209  ISRT._MediaGetFilteringInfo                        iswi.obl(FeatureConv.obs)
210  ISRT._MediaGetInfo                                 iswi.obl(FeatureConv.obs)
211  ISRT._OpenFile                                     isrt.obl(Files.obs)
212  ISRT._Preprogram                                   Setup.obs
213  ISRT._PrintFile                                    isrt.obl(Files.obs)
214  ISRT._RegCreateKey                                 isrt.obl(Registry.obs)
215  ISRT._RegDeleteKey                                 isrt.obl(Registry.obs)
216  ISRT._RegEnableTextSubs                            isrt.obl(Enable.obs)
217  ISRT._RegEnum                                      isrt.obl(Registry.obs)
218  ISRT._RegExistsKey                                 isrt.obl(Registry.obs)
219  ISRT._RegGetOptions                                isrt.obl(SysVars.obs)
220  ISRT._RegIsRemoteRegConnected                      isrt.obl(Is.obs)
221  ISRT._RegQueryKeyBinaryValue                       isrt.obl(Registry.obs)
222  ISRT._RegQueryKeyValue                             isrt.obl(Registry.obs)
223  ISRT._RegSetKeyBinaryValue                         isrt.obl(Registry.obs)
224  ISRT._RegSetKeyValue                               isrt.obl(Registry.obs)
225  ISRT._RegSetOptions                                isrt.obl(SysVars.obs)
226  ISRT._ReleaseDialog                                isrt.obl(CustomDialog.obs)
227  ISRT._SdShowMsg                                    isrt.obl(ISRTScriptDialogsPriv.obs)
228  ISRT._SetAltMainImage                              isrt.obl(Dialogs.obs)
229  ISRT._SetDisplayEffect                             isrt.obl(ui.obs)
230  ISRT._SetSilentSdShowMsg                           isrt.obl(Enable.obs)
231  ISRT._SetTitle                                     isrt.obl(ui.obs)
232  ISRT._SetupTraceWrite                              isrt.obl(Misc.obs)
233  ISRT._StatusUpdate                                 isrt.obl(ui.obs)
234  ISRT._TreeViewCreate                               isrt.obl(CmptView.obs)
235  ISRT._WaitOnDialog                                 isrt.obl(CustomDialog.obs)
236  ISRT._WriteLine                                    isrt.obl(Files.obs)
237  ISRT.__CreateObjectContext                         isrt.obl(ISRTInit.obs)
238  ISRT.__GetCmdLineOptions                           isrt.obl(ISRTInit.obs)
239  ISRT.__GetContextGUID                              isrt.obl(ISRTInit.obs)
240  ISRT.__GetEnabledIServices                         isrt.obl(SysVars.obs)
241  ISRT.__GetFileRegistrar                            isrt.obl(ISRTInit.obs)
242  ISRT.__GetISMSIStringTableObj                      iswi.obl(ISWiInit.obs)
243  ISRT.__GetInfo                                     isrt.obl(ISRTInit.obs)
244  ISRT.__GetInstallGuid                              isrt.obl(SysVars.obs)
245  ISRT.__GetLogDB                                    isrt.obl(ISRTInit.obs)
246  ISRT.__GetMainWindow                               Setup.obs
247  ISRT.__GetMaintOption                              isrt.obl(SysVars.obs)
248  ISRT.__GetMaintenanceMode                          isrt.obl(SysVars.obs)
249  ISRT.__GetObjects                                  isrt.obl(ISRTInit.obs)
250  ISRT.__GetProductGuid                              isrt.obl(SysVars.obs)
251  ISRT.__GetProgress                                 Setup.obs
252  ISRT.__GetReboot                                   isrt.obl(ISRTInit.obs)
253  ISRT.__GetReinstallMode                            isrt.obl(SysVars.obs)
254  ISRT.__GetRemoveAllMode                            isrt.obl(SysVars.obs)
255  ISRT.__GetTextSub                                  isrt.obl(ISRTInit.obs)
256  ISRT.__GetUpdateMode                               isrt.obl(SysVars.obs)
257  ISRT.__PutEnabledIServices                         isrt.obl(Enable.obs)
258  ISRT.__ReleaseObjectContext                        isrt.obl(ISRTInit.obs)
259  ISRT.__RestoreMainLog                              isrt.obl(ISRTInit.obs)
260  ISRT.__RestoreMainLogEx                            isrt.obl(ISRTInit.obs)
261  ISRT.__SetComponentLog                             isrt.obl(ISRTInit.obs)
262  ISRT.__SetUpdateMode                               isrt.obl(SysVars.obs)
263  ISRTHandleScriptException                          isrt.obl(Misc.obs)
264  ISRTPreprogram                                     isrt.obl(Driver.obs)
265  ISWIOnAppSearch                                    iswi.obl(DriverConv.obs)
266  ISWIOnCCPSearch                                    iswi.obl(DriverConv.obs)
267  ISWIOnExitInstall                                  iswi.obl(DriverConv.obs)
268  ISWIOnFirstUIAfter                                 iswi.obl(DriverConv.obs)
269  ISWIOnFirstUIBefore                                iswi.obl(DriverConv.obs)
270  ISWIOnInitInstall                                  iswi.obl(DriverConv.obs)
271  ISWIOnMaintUIAfter                                 iswi.obl(DriverConv.obs)
272  ISWIOnMaintUIBefore                                iswi.obl(DriverConv.obs)
273  ISWIOnMoveData                                     iswi.obl(DriverConv.obs)
274  ISWIOnMoveDataPostInstall                          iswi.obl(DriverConv.obs)
275  ISWIOnMoveDataPreInstall                           iswi.obl(DriverConv.obs)
276  ISWIOnResumeUIAfter                                iswi.obl(DriverConv.obs)
277  ISWIOnResumeUIBefore                               iswi.obl(DriverConv.obs)
278  ISWIPostprogram                                    iswi.obl(DriverConv.obs)
279  ISWIPreprogram                                     iswi.obl(DriverConv.obs)
280  InstallFilesActionAfter                            iswi.obl(FileTransferFuncsConv.obs)
281  InstallFilesActionBefore                           iswi.obl(FileTransferFuncsConv.obs)
282  Is                                                 isrt.obl(Is.obs)
283  IsComponentFiltered                                iswi.obl(CompHelperFuncs.obs)
284  IsTestSetup                                        iswi.obl(HelperFuncs.obs)
285  KERNEL.GetModuleHandle                             Setup.obs
286  KERNEL32.CloseHandle                               Setup.obs
287  KERNEL32.CreateFileW                               Setup.obs
288  KERNEL32.CreateProcess                             Setup.obs
289  KERNEL32.DeleteFileW                               Setup.obs
290  KERNEL32.FindClose                                 Setup.obs
291  KERNEL32.FindFirstFileW                            Setup.obs
292  KERNEL32.FindNextFileW                             Setup.obs
293  KERNEL32.FormatMessageW                            Setup.obs
294  KERNEL32.FreeLibrary                               Setup.obs
295  KERNEL32.GetCurrentDirectoryW                      Setup.obs
296  KERNEL32.GetDriveType                              Setup.obs
297  KERNEL32.GetExitCodeProcess                        Setup.obs
298  KERNEL32.GetFileAttributesW                        Setup.obs
299  KERNEL32.GetLocalTime                              Setup.obs
300  KERNEL32.GetLocaleInfo                             Setup.obs
301  KERNEL32.GetPrivateProfileSectionW                 Setup.obs
302  KERNEL32.GetPrivateProfileString                   Setup.obs
303  KERNEL32.GetPrivateProfileStringW                  Setup.obs
304  KERNEL32.GetProcAddress                            Setup.obs
305  KERNEL32.GetProcessId                              Setup.obs
306  KERNEL32.GetProfileStringW                         Setup.obs
307  KERNEL32.GetShortPathNameW                         Setup.obs
308  KERNEL32.GetSystemDefaultLCID                      Setup.obs
309  KERNEL32.GetSystemDefaultLangID                    Setup.obs
310  KERNEL32.GetSystemDefaultUILanguage                Setup.obs
311  KERNEL32.GetTickCount                              Setup.obs
312  KERNEL32.GetUserDefaultLangID                      Setup.obs
313  KERNEL32.GetVersion                                Setup.obs
314  KERNEL32.GetVersionEx                              Setup.obs
315  KERNEL32.GetVolumeInformation                      Setup.obs
316  KERNEL32.GetWindowsDirectory                       Setup.obs
317  KERNEL32.GetWindowsDirectoryW                      Setup.obs
318  KERNEL32.LoadLibraryW                              Setup.obs
319  KERNEL32.MoveFileW                                 Setup.obs
320  KERNEL32.RemoveDirectoryW                          Setup.obs
321  KERNEL32.SetCurrentDirectoryW                      Setup.obs
322  KERNEL32.SetFileAttributesW                        Setup.obs
323  KERNEL32.Sleep                                     Setup.obs
324  KERNEL32.WritePrivateProfileString                 Setup.obs
325  KERNEL32.lstrlenW                                  Setup.obs
326  Kernel32.GetModuleHandleW                          iswi.obl(ComponentConv.obs)
327  LOWORD                                             isrt.obl(Misc.obs)
328  LaunchAppAndWait                                   isrt.obl(Extend.obs)
329  LaunchAppAndWaitInitStartupInfo                    isrt.obl(Extend.obs)
330  LaunchApplication                                  isrt.obl(Extend.obs)
331  LaunchApplicationInit                              isrt.obl(Extend.obs)
332  ListAddItem                                        isrt.obl(scrlist.obs)
333  ListAddString                                      isrt.obl(scrlist.obs)
334  ListConvertStrToNum                                isrt.obl(scrlist.obs)
335  ListCount                                          isrt.obl(scrlist.obs)
336  ListCreate                                         isrt.obl(scrlist.obs)
337  ListCurrentString                                  isrt.obl(scrlist.obs)
338  ListDeleteItem                                     isrt.obl(scrlist.obs)
339  ListDeleteString                                   isrt.obl(scrlist.obs)
340  ListDestroy                                        isrt.obl(scrlist.obs)
341  ListFindItem                                       isrt.obl(scrlist.obs)
342  ListFindString                                     isrt.obl(scrlist.obs)
343  ListGetFirstItem                                   isrt.obl(scrlist.obs)
344  ListGetFirstString                                 isrt.obl(scrlist.obs)
345  ListGetLastString                                  iswi.obl(CompHelperFuncs.obs)
346  ListGetNextItem                                    isrt.obl(scrlist.obs)
347  ListGetNextString                                  isrt.obl(scrlist.obs)
348  ListGetType                                        isrt.obl(scrlist.obs)
349  ListReadFromFile                                   isrt.obl(scrlist.obs)
350  ListSetIndex                                       isrt.obl(scrlist.obs)
351  ListValid                                          isrt.obl(scrlist.obs)
352  ListValidType                                      isrt.obl(scrlist.obs)
353  LoadStringFromStringTable                          iswi.obl(ISWiInit.obs)
354  LongPathFromShortPath                              isrt.obl(Str.obs)
355  LongPathToQuote                                    isrt.obl(Str.obs)
356  LongPathToShortPath                                isrt.obl(Str.obs)
357  MAKELONG                                           isrt.obl(Misc.obs)
358  MIFCreateMIFFile                                   isrt.obl(MIF.obs)
359  MIFDeleteMIFFile                                   isrt.obl(MIF.obs)
360  MIFInitialize                                      isrt.obl(MIF.obs)
361  MIFSetInformation                                  isrt.obl(MIF.obs)
362  MIFUnInitialize                                    isrt.obl(MIF.obs)
363  MIFWasSetInformationCalled                         isrt.obl(MIF.obs)
364  MediaGetDataEx                                     iswi.obl(FeatureConv.obs)
365  MessageBeep                                        isrt.obl(Misc.obs)
366  MessageBox                                         isrt.obl(ISRTScriptDialogsPriv.obs)
367  MessageBoxEx                                       isrt.obl(ISRTScriptDialogsPriv.obs)
368  Moved                                              iswi.obl(FileTransferFuncsConv.obs)
369  Moving                                             iswi.obl(FileTransferFuncsConv.obs)
370  MsiCloseHandle                                     iswi.obl(MsiFuncsConv.obs)
371  MsiCreateRecord                                    iswi.obl(MsiFuncsConv.obs)
372  MsiDatabaseOpenView                                iswi.obl(MsiFuncsConv.obs)
373  MsiDoAction                                        iswi.obl(MsiFuncsConv.obs)
374  MsiGetActiveDatabase                               iswi.obl(MsiFuncsConv.obs)
375  MsiGetMode                                         iswi.obl(MsiFuncsConv.obs)
376  MsiGetProperty                                     iswi.obl(MsiFuncsConv.obs)
377  MsiGetPropertyIS                                   iswi.obl(MsiFuncsConv.obs)
378  MsiGetSourcePath                                   iswi.obl(MsiFuncsConv.obs)
379  MsiGetTargetPath                                   iswi.obl(MsiFuncsConv.obs)
380  MsiInstallProduct                                  iswi.obl(MsiFuncsConv.obs)
381  MsiProcessMessage                                  iswi.obl(MsiFuncsConv.obs)
382  MsiQueryFeatureState                               iswi.obl(MsiFuncsConv.obs)
383  MsiRecordGetInteger                                iswi.obl(MsiFuncsConv.obs)
384  MsiRecordGetString                                 iswi.obl(MsiFuncsConv.obs)
385  MsiRecordSetString                                 iswi.obl(MsiFuncsConv.obs)
386  MsiSetProperty                                     iswi.obl(MsiFuncsConv.obs)
387  MsiSetTargetPath                                   iswi.obl(MsiFuncsConv.obs)
388  MsiViewExecute                                     iswi.obl(MsiFuncsConv.obs)
389  MsiViewFetch                                       iswi.obl(MsiFuncsConv.obs)
390  OnAbort                                            iswi.obl(DriverConv.obs)
391  OnAction                                           iswi.obl(ISWiInit.obs)
392  OnAdminInstallUIAfter                              iswi.obl(DriverConv.obs)
393  OnAdminInstallUIBefore                             iswi.obl(DriverConv.obs)
394  OnAdminPatchUIAfter                                iswi.obl(DriverConv.obs)
395  OnAdminPatchUIBefore                               iswi.obl(DriverConv.obs)
396  OnAdvertisementAfter                               iswi.obl(DriverConv.obs)
397  OnAdvertisementBefore                              iswi.obl(DriverConv.obs)
398  OnAppSearch                                        iswi.obl(DriverConv.obs)
399  OnBegin                                            iswi.obl(DriverConv.obs)
400  OnCCPSearch                                        iswi.obl(DriverConv.obs)
401  OnCanceling                                        iswi.obl(DriverConv.obs)
402  OnComponentError                                   iswi.obl(DriverConv.obs)
403  OnDIFxLogCallback                                  isrt.obl(ISDIFx.obs)
404  OnDIFxLogCallbackImpl                              isrt.obl(ISDIFx.obs)
405  OnEnd                                              iswi.obl(DriverConv.obs)
406  OnError                                            iswi.obl(DriverConv.obs)
407  OnException                                        iswi.obl(DriverConv.obs)
408  OnFeaturesInstalled                                iswi.obl(FileTransferFuncsConv.obs)
409  OnFeaturesInstalling                               iswi.obl(FileTransferFuncsConv.obs)
410  OnFileError                                        iswi.obl(Exceptions.obs)
411  OnFileLocked                                       iswi.obl(Exceptions.obs)
412  OnFileReadOnly                                     iswi.obl(Exceptions.obs)
413  OnFilesInUse                                       iswi.obl(DriverConv.obs)
414  OnFilterComponents                                 iswi.obl(DriverConv.obs)
415  OnFirstUIAfter                                     Setup.obs
416  OnFirstUIBefore                                    Setup.obs
417  OnGeneratedMSIScript                               iswi.obl(DriverConv.obs)
418  OnGeneratingMSIScript                              iswi.obl(DriverConv.obs)
419  OnHelp                                             iswi.obl(DriverConv.obs)
420  OnInstallFilesActionAfter                          iswi.obl(DriverConv.obs)
421  OnInstallFilesActionBefore                         iswi.obl(DriverConv.obs)
422  OnInternetError                                    iswi.obl(Exceptions.obs)
423  OnLaunchAppAndWaitCallback                         iswi.obl(DriverConv.obs)
424  OnLogonUserSetMsiProperties                        iswi.obl(DriverConv.obs)
425  OnMD5Error                                         iswi.obl(Exceptions.obs)
426  OnMaintUIAfter                                     Setup.obs
427  OnMaintUIBefore                                    Setup.obs
428  OnMaintenance                                      iswi.obl(DriverConv.obs)
429  OnMoved                                            iswi.obl(DriverConv.obs)
430  OnMoving                                           iswi.obl(DriverConv.obs)
431  OnMsiSilentInstall                                 iswi.obl(DriverConv.obs)
432  OnNetApiCreateUserAccountInternal                  isrt.obl(NetApiRT.obs)
433  OnNextDisk                                         iswi.obl(Exceptions.obs)
434  OnOutOfDiskSpace                                   iswi.obl(DriverConv.obs)
435  OnPatchUIAfter                                     iswi.obl(DriverConv.obs)
436  OnPatchUIBefore                                    iswi.obl(DriverConv.obs)
437  OnRMFilesInUse                                     Setup.obs
438  OnRebooted                                         iswi.obl(DriverConv.obs)
439  OnRemovingSharedFile                               iswi.obl(Exceptions.obs)
440  OnResume                                           iswi.obl(DriverConv.obs)
441  OnResumeUIAfter                                    iswi.obl(DriverConv.obs)
442  OnResumeUIBefore                                   iswi.obl(DriverConv.obs)
443  OnSQLLogin                                         iswi.obl(DriverConv.obs)
444  OnSelfRegistrationError                            iswi.obl(Exceptions.obs)
445  OnUnhandledException                               iswi.obl(DriverConv.obs)
446  OnUninstall                                        iswi.obl(DriverConv.obs)
447  OnUpdateService                                    iswi.obl(DriverConv.obs)
448  OnWarning                                          iswi.obl(DriverConv.obs)
449  OpenFile                                           isrt.obl(Files.obs)
450  OpenFileMode                                       isrt.obl(Files.obs)
451  ParsePath                                          isrt.obl(Str.obs)
452  PopulateColumnHeaders                              isrt.obl(ISRTScriptDialogs.obs)
453  PopulateListView                                   isrt.obl(ISRTScriptDialogs.obs)
454  PostShowComponentDlg                               iswi.obl(ISWiInit.obs)
455  Postprogram                                        iswi.obl(DriverConv.obs)
456  PreShowComponentDlg                                iswi.obl(ISWiInit.obs)
457  Preprogram                                         iswi.obl(DriverConv.obs)
458  PrintFile                                          isrt.obl(Files.obs)
459  ProgramEeuiPostInstall                             iswi.obl(DriverConv.obs)
460  ProgramEeuiPreInstall                              iswi.obl(DriverConv.obs)
461  PthFixPath                                         isrt.obl(Pth.obs)
462  PthIsAbsPath                                       isrt.obl(Pth.obs)
463  PthIsRoot                                          isrt.obl(Pth.obs)
464  RebootNeeded                                       iswi.obl(FileTransferFuncsConv.obs)
465  RedirectMsiCloseHandle                             iswi.obl(RedirectedMsiFuncsConv.obs)
466  RedirectMsiCreateRecord                            iswi.obl(RedirectedMsiFuncsConv.obs)
467  RedirectMsiGetActiveDatabase                       iswi.obl(RedirectedMsiFuncsConv.obs)
468  RedirectMsiGetMode                                 iswi.obl(RedirectedMsiFuncsConv.obs)
469  RedirectMsiProcessMessage                          iswi.obl(RedirectedMsiFuncsConv.obs)
470  RedirectMsiRecordGetInteger                        iswi.obl(RedirectedMsiFuncsConv.obs)
471  RedirectMsiViewExecute                             iswi.obl(RedirectedMsiFuncsConv.obs)
472  RedirectMsiViewFetch                               iswi.obl(RedirectedMsiFuncsConv.obs)
473  RegDBCopyKeys                                      isrt.obl(Registry.obs)
474  RegDBCopyValues                                    isrt.obl(Registry.obs)
475  RegDBCreateKeyEx                                   isrt.obl(Registry.obs)
476  RegDBDeleteKey                                     isrt.obl(Registry.obs)
477  RegDBGetDefaultRoot                                isrt.obl(SysVars.obs)
478  RegDBGetItem                                       isrt.obl(Registry.obs)
479  RegDBGetKeyValueEx                                 isrt.obl(Registry.obs)
480  RegDBGetUninstCmdLine                              isrt.obl(Registry.obs)
481  RegDBKeyExist                                      isrt.obl(Registry.obs)
482  RegDBQueryKey                                      isrt.obl(Registry.obs)
483  RegDBQueryKeyCount                                 isrt.obl(Registry.obs)
484  RegDBQueryStringMultiStringCount                   isrt.obl(Registry.obs)
485  RegDBQueryValue                                    isrt.obl(Registry.obs)
486  RegDBQueryValue32                                  isrt.obl(Registry.obs)
487  RegDBSetDefaultRoot                                isrt.obl(SysVars.obs)
488  RegDBSetKeyValueEx                                 isrt.obl(Registry.obs)
489  RegDBSetValue                                      isrt.obl(Registry.obs)
490  ReleaseDialog                                      isrt.obl(CustomDialog.obs)
491  RemoveSpaces                                       iswi.obl(HelperFuncs.obs)
492  RenameFile                                         isrt.obl(Files.obs)
493  ResolveShellObjectsFolder                          iswi.obl(CompHelperFuncs.obs)
494  SdAskDestPath                                      isrt.obl(ISRTScriptDialogs.obs)
495  SdCloseDlg                                         isrt.obl(SDINT.obs)
496  SdComponentDlgCheckSpace                           isrt.obl(SDINT.obs)
497  SdDiskSpace2                                       isrt.obl(ISRTScriptDialogs.obs)
498  SdDlgToTop                                         isrt.obl(SDINT.obs)
499  SdDoStdButton                                      isrt.obl(SDINT.obs)
500  SdEnablement                                       isrt.obl(SDINT.obs)
501  SdError                                            isrt.obl(SDINT.obs)
502  SdFeatureTree                                      isrt.obl(ISRTScriptDialogs.obs)
503  SdFilesInUse                                       isrt.obl(ISRTScriptDialogs.obs)
504  SdFinish                                           isrt.obl(ISRTScriptDialogs.obs)
505  SdFinishEx                                         isrt.obl(ISRTScriptDialogs.obs)
506  SdFinishReboot                                     isrt.obl(ISRTScriptDialogs.obs)
507  SdGeneralInit                                      isrt.obl(SDINT.obs)
508  SdInit                                             isrt.obl(SDINT.obs)
509  SdIsStdButton                                      isrt.obl(SDINT.obs)
510  SdLicense2                                         isrt.obl(ISRTScriptDialogs.obs)
511  SdLicense2Ex                                       isrt.obl(ISRTScriptDialogs.obs)
512  SdLoadString                                       isrt.obl(SDINT.obs)
513  SdMakeName                                         isrt.obl(SDINT.obs)
514  SdPatchWelcome                                     isrt.obl(ISRTScriptDialogs.obs)
515  SdPlugInProductName                                isrt.obl(SDINT.obs)
516  SdSetDlgTitle                                      isrt.obl(SDINT.obs)
517  SdSetStatic                                        isrt.obl(SDINT.obs)
518  SdSetupCompleteError                               isrt.obl(ISRTScriptDialogs.obs)
519  SdShowMsg                                          isrt.obl(ISRTScriptDialogsPriv.obs)
520  SdSubstituteProductInfo                            isrt.obl(SDINT.obs)
521  SdUnInit                                           isrt.obl(SDINT.obs)
522  SdWelcome                                          isrt.obl(ISRTScriptDialogs.obs)
523  SdWelcomeMaint                                     isrt.obl(ISRTScriptDialogs.obs)
524  SelectDir                                          isrt.obl(ISRTScriptDialogsPriv.obs)
525  SelectDirNoLog                                     isrt.obl(ISRTScriptDialogsPriv.obs)
526  SendMessage                                        isrt.obl(Misc.obs)
527  ServiceInitParams                                  isrt.obl(Service.obs)
528  ServiceStopService                                 isrt.obl(Service.obs)
529  SetCmdLine                                         isrt.obl(SysVars.obs)
530  SetDisplayEffect                                   isrt.obl(ui.obs)
531  SetExtendedErrInfo                                 isrt.obl(IsUtil.obs)
532  SetGlobalVars                                      iswi.obl(ISWiInit.obs)
533  SetInstallationInfo                                isrt.obl(Registry.obs)
534  SetMifInformationOnly                              isrt.obl(Registry.obs)
535  SetStatusExStaticText                              isrt.obl(ui.obs)
536  SetStatusWindow                                    isrt.obl(ui.obs)
537  SetTitle                                           isrt.obl(ui.obs)
538  SetupTraceWrite                                    isrt.obl(Misc.obs)
539  Shell32.ShellExecuteExW                            Setup.obs
540  SilentDoGeneralInfo                                isrt.obl(Silent.obs)
541  SilentFailed                                       isrt.obl(Silent.obs)
542  SilentFinish                                       isrt.obl(Silent.obs)
543  SilentInit                                         isrt.obl(Silent.obs)
544  SilentReadData                                     isrt.obl(Silent.obs)
545  SilentSetInfo                                      isrt.obl(Silent.obs)
546  SilentSetMode                                      isrt.obl(Silent.obs)
547  SilentWriteData                                    isrt.obl(Silent.obs)
548  Sprintf                                            isrt.obl(Str.obs)
549  SprintfBox                                         isrt.obl(ISRTScriptDialogsPriv.obs)
550  SprintfMsiLog                                      iswi.obl(HelperFuncs.obs)
551  StatusUpdate                                       isrt.obl(ui.obs)
552  StrAddLastSlash                                    isrt.obl(Str.obs)
553  StrConvertSizeUnit                                 isrt.obl(Str.obs)
554  StrDelete                                          iswi.obl(HelperFuncs.obs)
555  StrFindEx                                          isrt.obl(Str.obs)
556  StrGetTokens                                       isrt.obl(Str.obs)
557  StrLength                                          isrt.obl(Str.obs)
558  StrParseMSIMessage                                 isrt.obl(Str.obs)
559  StrRemoveLastSlash                                 isrt.obl(Str.obs)
560  StrReplace                                         isrt.obl(Str.obs)
561  StrToNumHex                                        isrt.obl(Str.obs)
562  StrToUpper                                         isrt.obl(Str.obs)
563  StrTrim                                            isrt.obl(Str.obs)
564  SuiteLogInfo                                       isrt.obl(SuiteWrappers.obs)
565  SuiteReportError                                   isrt.obl(SuiteWrappers.obs)
566  SysVarsInit                                        isrt.obl(SysVars.obs)
567  SysVarsInitConv                                    iswi.obl(SysVarsConv.obs)
568  SysVarsTrace                                       isrt.obl(SysVars.obs)
569  SysVarsUnInit                                      iswi.obl(SysVarsConv.obs)
570  System                                             isrt.obl(Misc.obs)
571  SystemRestoreCancelRestorePointIS                  isrt.obl(PCRestore.obs)
572  SystemRestoreCloseRestorePointIS                   isrt.obl(PCRestore.obs)
573  SystemRestoreDisableIS                             isrt.obl(PCRestore.obs)
574  SystemRestoreIsEnabledIS                           isrt.obl(PCRestore.obs)
575  SystemRestoreOpenRestorePointIS                    isrt.obl(PCRestore.obs)
576  TextSubGetValue                                    isrt.obl(TextSub.obs)
577  TextSubParseTextSub                                isrt.obl(TextSub.obs)
578  TextSubSetValue                                    isrt.obl(TextSub.obs)
579  TreeViewCreate                                     isrt.obl(CmptView.obs)
580  USER.EnableWindow                                  Setup.obs
581  USER.GetClassName                                  Setup.obs
582  USER.GetDC                                         Setup.obs
583  USER.GetDlgItem                                    Setup.obs
584  USER.GetFocus                                      Setup.obs
585  USER.GetWindowLong                                 Setup.obs
586  USER.GetWindowRect                                 Setup.obs
587  USER.IsIconic                                      Setup.obs
588  USER.IsWindow                                      Setup.obs
589  USER.ReleaseDC                                     Setup.obs
590  USER.SendMessageW                                  Setup.obs
591  USER.SetFocus                                      Setup.obs
592  USER.SetWindowPos                                  Setup.obs
593  USER.SetWindowText                                 Setup.obs
594  USER.ShowWindow                                    Setup.obs
595  USER32.CharUpperBuffW                              Setup.obs
596  USER32.DestroyWindow                               Setup.obs
597  USER32.GetDesktopWindow                            Setup.obs
598  USER32.GetSystemMetrics                            Setup.obs
599  USER32.GetWindowText                               Setup.obs
600  USER32.GetWindowTextLength                         Setup.obs
601  USER32.IsWindowVisible                             Setup.obs
602  USER32.MessageBoxW                                 Setup.obs
603  USER32.MsgWaitForMultipleObjects                   Setup.obs
604  USER32.PeekMessageW                                Setup.obs
605  USER32.SendMessageW                                Setup.obs
606  USER32.SetForegroundWindow                         Setup.obs
607  USER32.SetWindowLong                               Setup.obs
608  USER32.SetWindowRgn                                Setup.obs
609  USER32.WaitForInputIdle                            Setup.obs
610  UninstallApplication                               isrt.obl(Extend.obs)
611  UpdateDirectoryPathForIsMsiEeui                    iswi.obl(HelperFuncs.obs)
612  UpdateServiceEnableUpdateService                   isrt.obl(ISUpdateService.obs)
613  User32.LoadStringW                                 iswi.obl(ComponentConv.obs)
614  VarInit                                            isrt.obl(SysVars.obs)
615  VarRestore                                         iswi.obl(SysVarsConv.obs)
616  VarRestoreISRT                                     isrt.obl(SysVars.obs)
617  VarSave                                            iswi.obl(SysVarsConv.obs)
618  VarSaveISRT                                        isrt.obl(SysVars.obs)
619  VerCompare                                         isrt.obl(version.obs)
620  VerProductGetInstalledVersion                      isrt.obl(version.obs)
621  VerProductNumToStr                                 isrt.obl(version.obs)
622  VerProductVerPartsFromVer                          isrt.obl(version.obs)
623  WaitForApplication                                 isrt.obl(Extend.obs)
624  WaitOnDialog                                       isrt.obl(CustomDialog.obs)
625  WriteLine                                          isrt.obl(Files.obs)
626  XCopyFile                                          isrt.obl(Files.obs)
627  __AddStringToArray                                 iswi.obl(HelperFuncs.obs)
628  __Begin                                            iswi.obl(DriverConv.obs)
629  __ComponentListItemsEx                             iswi.obl(CompHelperFuncs.obs)
630  __ComponentListItemsExInstall                      iswi.obl(CompHelperFuncs.obs)
631  __ComponentListItemsExUnInstall                    iswi.obl(CompHelperFuncs.obs)
632  __ComponentMoveXferData                            iswi.obl(CompHelperFuncs.obs)
633  __End                                              iswi.obl(DriverConv.obs)
634  __GetCommonAppDataFolder                           iswi.obl(SysVarsConv.obs)
635  __GetFinishMode                                    iswi.obl(ISWiInit.obs)
636  __GetMsiHandle                                     iswi.obl(SysVarsConv.obs)
637  __GetSourceDir                                     iswi.obl(SysVarsConv.obs)
638  __GetStartMenuFolder                               iswi.obl(SysVarsConv.obs)
639  __HandleError                                      iswi.obl(ErrHandler.obs)
640  __ISRTDoExit                                       isrt.obl(Misc.obs)
641  __ISRTInit                                         isrt.obl(ISRTInit.obs)
642  __ISRTRestoreMainLog                               isrt.obl(ISRTInit.obs)
643  __ISRTRestoreMainLogEx                             isrt.obl(ISRTInit.obs)
644  __ISRTSetComponentLog                              isrt.obl(ISRTInit.obs)
645  __ISRTUnInit                                       isrt.obl(ISRTInit.obs)
646  __ISWIInit                                         iswi.obl(ISWiInit.obs)
647  __ISWIMsiHandle                                    iswi.obl(ISWiInit.obs)
648  __ISWIUnInit                                       iswi.obl(ISWiInit.obs)
649  __IsArrayEmpty                                     iswi.obl(HelperFuncs.obs)
650  __LoadIScriptString                                isrt.obl(LoadStr.obs)
651  __Moved                                            iswi.obl(FileTransferFuncsConv.obs)
652  __Moving                                           iswi.obl(FileTransferFuncsConv.obs)
653  __MsiOpenView                                      iswi.obl(CompHelperFuncs.obs)
654  __MsiQueryFeatureState                             iswi.obl(MsiWrappersConv.obs)
655  __MsiRecordGetString                               iswi.obl(MsiWrappersConv.obs)
656  __OnAbort                                          iswi.obl(DriverConv.obs)
657  __OnAdminPatch                                     iswi.obl(DriverConv.obs)
658  __OnAdministrativeInstall                          iswi.obl(DriverConv.obs)
659  __OnAdvertisement                                  iswi.obl(DriverConv.obs)
660  __OnBegin                                          iswi.obl(DriverConv.obs)
661  __OnCanceling                                      iswi.obl(DriverConv.obs)
662  __OnEnd                                            iswi.obl(DriverConv.obs)
663  __OnError                                          iswi.obl(DriverConv.obs)
664  __OnMsiMaintenance                                 iswi.obl(DriverConv.obs)
665  __OnMsiRebooted                                    iswi.obl(DriverConv.obs)
666  __OnMsiSilentInstall                               iswi.obl(DriverConv.obs)
667  __OnMsiUninstall                                   iswi.obl(DriverConv.obs)
668  __OnPatch                                          iswi.obl(DriverConv.obs)
669  __OnResume                                         iswi.obl(DriverConv.obs)
670  __OnWarning                                        iswi.obl(DriverConv.obs)
671  __ResetMsiObject                                   iswi.obl(ISWiInit.obs)
672  __SetMaintenance                                   iswi.obl(ISWiInit.obs)
673  __SetMsiHandle                                     iswi.obl(SysVarsConv.obs)
674  __SetMsiServer                                     iswi.obl(ISWiInit.obs)
675  __SetPatch                                         iswi.obl(SysVarsConv.obs)
676  __SetSourceDir                                     iswi.obl(SysVarsConv.obs)
677  isrt._ComponentGetData                             iswi.obl(ComponentConv.obs)
678  isrt._ComponentIsItemSelected                      iswi.obl(ComponentConv.obs)
679  isrt._ComponentListItems                           iswi.obl(ComponentConv.obs)
680  isrt._ComponentReinstall                           iswi.obl(ComponentConv.obs)
681  isrt._ComponentRemoveAll                           iswi.obl(ComponentConv.obs)
682  isrt._ComponentSelectItem                          iswi.obl(ComponentConv.obs)
683  isrt._EnableDialogCache                            iswi.obl(ISWiInit.obs)
684  msi.MsiCloseHandle                                 iswi.obl(RedirectedMsiFuncsConv.obs)
685  msi.MsiCreateRecord                                iswi.obl(RedirectedMsiFuncsConv.obs)
686  msi.MsiDatabaseOpenViewW                           Setup.obs
687  msi.MsiDoActionW                                   Setup.obs
688  msi.MsiGetActiveDatabase                           iswi.obl(RedirectedMsiFuncsConv.obs)
689  msi.MsiGetMode                                     iswi.obl(RedirectedMsiFuncsConv.obs)
690  msi.MsiGetProductInfoW                             Setup.obs
691  msi.MsiGetPropertyW                                Setup.obs
692  msi.MsiGetSourcePathW                              Setup.obs
693  msi.MsiGetTargetPathW                              Setup.obs
694  msi.MsiProcessMessage                              iswi.obl(RedirectedMsiFuncsConv.obs)
695  msi.MsiQueryFeatureStateW                          Setup.obs
696  msi.MsiRecordGetInteger                            iswi.obl(RedirectedMsiFuncsConv.obs)
697  msi.MsiRecordGetStringW                            Setup.obs
698  msi.MsiRecordSetStringW                            Setup.obs
699  msi.MsiSetPropertyW                                Setup.obs
700  msi.MsiSetTargetPathW                              Setup.obs
701  msi.MsiViewExecute                                 iswi.obl(RedirectedMsiFuncsConv.obs)
702  msi.MsiViewFetch                                   iswi.obl(RedirectedMsiFuncsConv.obs)
703  program                                            iswi.obl(DriverConv.obs)
704  sfc.SRSetRestorePointW                             Setup.obs


***** External Variables *****
1    ADDREMOVE                                          iswi.obl(SysVarsConv.obs)
2    ADDREMOVE_COMBINEDBUTTON                           Setup.obs
3    ADDREMOVE_HIDECHANGEOPTION                         Setup.obs
4    ADDREMOVE_HIDEREMOVEOPTION                         Setup.obs
5    ADDREMOVE_HIDEREPAIROPTION                         Setup.obs
6    ADDREMOVE_STRING_REMOVEONLY                        Setup.obs
7    ADDREMOVE_SYSTEMCOMPONENT                          Setup.obs
8    ADMINUSER                                          Setup.obs
9    ALLUSERS                                           Setup.obs
10   AdminToolsFolder                                   iswi.obl(DebugSymbolsConv.obs)
11   AppDataFolder                                      iswi.obl(DebugSymbolsConv.obs)
12   BASICMSI                                           iswi.obl(SysVarsConv.obs)
13   BATCH_INSTALL                                      Setup.obs
14   CMDLINE                                            iswi.obl(SysVarsConv.obs)
15   COMMONFILES                                        iswi.obl(SysVarsConv.obs)
16   COMMONFILES64                                      iswi.obl(SysVarsConv.obs)
17   CommonAppDataFolder                                iswi.obl(DebugSymbolsConv.obs)
18   CommonFiles64Folder                                iswi.obl(DebugSymbolsConv.obs)
19   CommonFilesFolder                                  iswi.obl(DebugSymbolsConv.obs)
20   DISABLE_ALLUSERBTN                                 Setup.obs
21   DISABLE_PERUSERBTN                                 Setup.obs
22   DISK1SETUPEXENAME                                  iswi.obl(SysVarsConv.obs)
23   DISK1TARGET                                        Setup.obs
24   DesktopFolder                                      iswi.obl(DebugSymbolsConv.obs)
25   ENABLED_ISERVICES                                  iswi.obl(SysVarsConv.obs)
26   ENGINECOMMONDIR                                    iswi.obl(SysVarsConv.obs)
27   ENGINEDIR                                          iswi.obl(SysVarsConv.obs)
28   ERRORFILENAME                                      Setup.obs
29   ERRORINFO                                          iswi.obl(ComponentConv.obs)
30   Err                                                Setup.obs
31   FEATURE                                            iswi.obl(ComponentConv.obs)
32   FILEERROR                                          iswi.obl(ComponentConv.obs)
33   FILETIME                                           Setup.obs
34   FIND_DATAW                                         Setup.obs
35   FOLDER_APPDATA                                     iswi.obl(SysVarsConv.obs)
36   FOLDER_COMMON_APPDATA                              iswi.obl(SysVarsConv.obs)
37   FOLDER_DESKTOP                                     iswi.obl(SysVarsConv.obs)
38   FOLDER_DOTNET_10                                   iswi.obl(SysVarsConv.obs)
39   FOLDER_DOTNET_11                                   iswi.obl(SysVarsConv.obs)
40   FOLDER_DOTNET_20                                   iswi.obl(SysVarsConv.obs)
41   FOLDER_DOTNET_30                                   iswi.obl(SysVarsConv.obs)
42   FOLDER_DOTNET_35                                   iswi.obl(SysVarsConv.obs)
43   FOLDER_DOTNET_40                                   iswi.obl(SysVarsConv.obs)
44   FOLDER_FONTS                                       iswi.obl(SysVarsConv.obs)
45   FOLDER_LOCAL_APPDATA                               iswi.obl(SysVarsConv.obs)
46   FOLDER_PERSONAL                                    iswi.obl(SysVarsConv.obs)
47   FOLDER_PROGRAMS                                    iswi.obl(SysVarsConv.obs)
48   FOLDER_STARTMENU                                   iswi.obl(SysVarsConv.obs)
49   FOLDER_STARTUP                                     iswi.obl(SysVarsConv.obs)
50   FOLDER_TEMP                                        iswi.obl(SysVarsConv.obs)
51   FavoritesFolder                                    iswi.obl(DebugSymbolsConv.obs)
52   FileRegistrar                                      Setup.obs
53   FontsFolder                                        iswi.obl(DebugSymbolsConv.obs)
54   HIDE_DISABLED_BTNS                                 Setup.obs
55   HKEYCURRENTROOTKEY                                 Setup.obs
56   IFX_COMPANY_NAME                                   Setup.obs
57   IFX_INSTALLED_DISPLAY_VERSION                      Setup.obs
58   IFX_INSTALLED_VERSION                              Setup.obs
59   IFX_KEYPATH_PRODUCT_INFO                           Setup.obs
60   IFX_MULTI_INSTANCE_SUFFIX                          Setup.obs
61   IFX_NETAPI_GROUP                                   Setup.obs
62   IFX_NETAPI_PASSWORD                                Setup.obs
63   IFX_NETAPI_USER_ACCOUNT                            Setup.obs
64   IFX_OPEN_RESTORE_POINT                             isrt.obl(PCRestore.obs)
65   IFX_PRODUCT_COMMENTS                               Setup.obs
66   IFX_PRODUCT_DISPLAY_NAME                           Setup.obs
67   IFX_PRODUCT_DISPLAY_VERSION                        Setup.obs
68   IFX_PRODUCT_ICON                                   Setup.obs
69   IFX_PRODUCT_KEY                                    Setup.obs
70   IFX_PRODUCT_NAME                                   Setup.obs
71   IFX_PRODUCT_README                                 Setup.obs
72   IFX_PRODUCT_REGISTEREDCOMPANY                      Setup.obs
73   IFX_PRODUCT_REGISTEREDOWNER                        Setup.obs
74   IFX_PRODUCT_REGISTEREDSERIALNUM                    Setup.obs
75   IFX_PRODUCT_SUPPORT_CONTACT                        Setup.obs
76   IFX_PRODUCT_SUPPORT_PHONE                          Setup.obs
77   IFX_PRODUCT_SUPPORT_URL                            Setup.obs
78   IFX_PRODUCT_UPDATE_URL                             Setup.obs
79   IFX_PRODUCT_URL                                    Setup.obs
80   IFX_PRODUCT_VERSION                                Setup.obs
81   IFX_RESTORE_DISABLED                               isrt.obl(PCRestore.obs)
82   IFX_SETUP_TITLE                                    Setup.obs
83   IFX_SUPPORTED_VERSIONS                             Setup.obs
84   IISROOTFOLDER                                      iswi.obl(SysVarsConv.obs)
85   INSTALLDIR                                         Setup.obs
86   INSTALLSCRIPTMSI                                   iswi.obl(SysVarsConv.obs)
87   INSTALLSCRIPTMSIEEUI                               iswi.obl(SysVarsConv.obs)
88   INSTANCE_GUID                                      iswi.obl(SysVarsConv.obs)
89   ISDIFXAPPID                                        Setup.obs
90   ISMSI_HANDLE                                       iswi.obl(DebugSymbolsConv.obs)
91   ISRES                                              iswi.obl(SysVarsConv.obs)
92   ISUSER                                             iswi.obl(SysVarsConv.obs)
93   ISUTIL_FUNCTION_ACTUAL_ERROR                       Setup.obs
94   ISUTIL_FUNCTION_ERROR                              iswi.obl(CompHelperFuncs.obs)
95   ISUTIL_LINE_NUMBER                                 Setup.obs
96   ISUTIL_POSITIVE_ERROR                              iswi.obl(CompHelperFuncs.obs)
97   ISUTIL_SCRIPT_FILE                                 Setup.obs
98   ISVERSION                                          iswi.obl(SysVarsConv.obs)
99   IS_NULLSTR_PTR                                     Setup.obs
100  LAAW_PARAMETERS                                    Setup.obs
101  LAAW_PROCESS_INFORMATION                           Setup.obs
102  LAAW_SHELLEXECUTEINFO                              Setup.obs
103  LAAW_SHELLEXECUTEVERB                              Setup.obs
104  LAAW_STARTUPINFO                                   Setup.obs
105  LAST_RESULT                                        Setup.obs
106  LVITEMW                                            Setup.obs
107  LV_COLUMNW                                         Setup.obs
108  LocalAppDataFolder                                 iswi.obl(DebugSymbolsConv.obs)
109  LogDB                                              Setup.obs
110  MAINTENANCE                                        iswi.obl(SysVarsConv.obs)
111  MAINT_OPTION                                       iswi.obl(SysVarsConv.obs)
112  MEDIA                                              Setup.obs
113  MEDIA_INFO                                         iswi.obl(FeatureConv.obs)
114  MODE                                               Setup.obs
115  MSG                                                Setup.obs
116  MULTI_INSTANCE_COUNT                               iswi.obl(SysVarsConv.obs)
117  MainWindow                                         Setup.obs
118  MyPicturesFolder                                   iswi.obl(DebugSymbolsConv.obs)
119  NOTHING                                            Setup.obs
120  NetHoodFolder                                      iswi.obl(DebugSymbolsConv.obs)
121  OSINFO_PLATFORM_INFO                               Setup.obs
122  OSINFO_PROCESSOR_INFO                              Setup.obs
123  OSVERSIONINFOEXW                                   Setup.obs
124  OSVERSIONINFOW                                     Setup.obs
125  Objects                                            Setup.obs
126  OriginalDatabase                                   iswi.obl(DebugSymbolsConv.obs)
127  PACKAGE_LOCATION                                   iswi.obl(SysVarsConv.obs)
128  PATCH                                              iswi.obl(DebugSymbolsConv.obs)
129  POINT                                              Setup.obs
130  PRIVILEGED                                         Setup.obs
131  PROCESS_INFORMATION                                Setup.obs
132  PRODUCT_GUID                                       iswi.obl(SysVarsConv.obs)
133  PROGRAMFILES                                       iswi.obl(SysVarsConv.obs)
134  PROGRAMFILES64                                     iswi.obl(SysVarsConv.obs)
135  PersonalFolder                                     iswi.obl(DebugSymbolsConv.obs)
136  PrintHoodFolder                                    iswi.obl(DebugSymbolsConv.obs)
137  ProgramFiles64Folder                               iswi.obl(DebugSymbolsConv.obs)
138  ProgramFilesFolder                                 iswi.obl(DebugSymbolsConv.obs)
139  ProgramMenuFolder                                  iswi.obl(DebugSymbolsConv.obs)
140  RECT                                               Setup.obs
141  REGDB_OPTIONS                                      Setup.obs
142  REINSTALLMODE                                      iswi.obl(SysVarsConv.obs)
143  REMOVEALLMODE                                      iswi.obl(SysVarsConv.obs)
144  REMOVEONLY                                         iswi.obl(SysVarsConv.obs)
145  RUN_ONCE_PROGRAM                                   iswi.obl(SysVarsConv.obs)
146  Reboot                                             Setup.obs
147  RecentFolder                                       iswi.obl(DebugSymbolsConv.obs)
148  SELECTED_LANGUAGE                                  iswi.obl(SysVarsConv.obs)
149  SERVICE_IS_PARAMS                                  Setup.obs
150  SERVICE_IS_STATUS                                  Setup.obs
151  SETUPTYPE_STR_COMPACT                              Setup.obs
152  SETUPTYPE_STR_COMPLETE                             Setup.obs
153  SETUPTYPE_STR_CUSTOM                               Setup.obs
154  SETUPTYPE_STR_TYPICAL                              Setup.obs
155  SHAREDSUPPORTDIR                                   iswi.obl(SysVarsConv.obs)
156  SHELLEXECUTEINFOW                                  Setup.obs
157  SHELL_OBJECT_FOLDER                                Setup.obs
158  SHOW_PASSWORD_DIALOG                               iswi.obl(SysVarsConv.obs)
159  SRCDIR                                             Setup.obs
160  SRCDISK                                            iswi.obl(SysVarsConv.obs)
161  STANDARD_SELECTED_LANGUAGE                         iswi.obl(SysVarsConv.obs)
162  STARTUPINFOW                                       Setup.obs
163  SUITE_HOSTED                                       iswi.obl(SysVarsConv.obs)
164  SUPPORTDIR                                         iswi.obl(SysVarsConv.obs)
165  SYSINFO                                            Setup.obs
166  SYSPROCESSORINFO                                   Setup.obs
167  SYSTEMTIME                                         Setup.obs
168  SendToFolder                                       iswi.obl(DebugSymbolsConv.obs)
169  SetupInfo                                          Setup.obs
170  SourceDir                                          iswi.obl(DebugSymbolsConv.obs)
171  StartMenuFolder                                    iswi.obl(DebugSymbolsConv.obs)
172  StartupFolder                                      iswi.obl(DebugSymbolsConv.obs)
173  StatusDlg                                          Setup.obs
174  SuiteHost                                          Setup.obs
175  System16Folder                                     iswi.obl(DebugSymbolsConv.obs)
176  System64Folder                                     iswi.obl(DebugSymbolsConv.obs)
177  SystemFolder                                       iswi.obl(DebugSymbolsConv.obs)
178  TARGETDIR                                          Setup.obs
179  TARGETDISK                                         iswi.obl(SysVarsConv.obs)
180  TempFolder                                         iswi.obl(DebugSymbolsConv.obs)
181  TemplateFolder                                     iswi.obl(DebugSymbolsConv.obs)
182  TextSub                                            Setup.obs
183  UNINST                                             Setup.obs
184  UNINSTALLKEY                                       Setup.obs
185  UNINSTALL_DISPLAYNAME                              Setup.obs
186  UNINSTALL_STRING                                   Setup.obs
187  UPDATEMODE                                         Setup.obs
188  WINDIR                                             iswi.obl(SysVarsConv.obs)
189  WINDISK                                            iswi.obl(SysVarsConv.obs)
190  WINSYSDIR                                          iswi.obl(SysVarsConv.obs)
191  WINSYSDIR64                                        iswi.obl(SysVarsConv.obs)
192  WINSYSDISK                                         iswi.obl(SysVarsConv.obs)
193  WindowsFolder                                      iswi.obl(DebugSymbolsConv.obs)
194  WindowsVolume                                      iswi.obl(DebugSymbolsConv.obs)
195  _INT64                                             Setup.obs
196  _LAAW_PARAMETERS                                   Setup.obs
197  _LAAW_TEMP_DATA                                    isrt.obl(Extend.obs)
198  _RESTOREPOINTINFO                                  Setup.obs
199  _SERVICE_IS_PARAMS                                 Setup.obs
200  _SERVICE_IS_STATUS                                 Setup.obs
201  _STATEMGRSTATUS                                    Setup.obs
202  _WIN9X                                             Setup.obs
203  _WINNT                                             Setup.obs
204  __gbAliasingOff                                    iswi.obl(CompHelperFuncs.obs)
205  __gbCheckForUpdate                                 iswi.obl(CompHelperFuncs.obs)
206  __gbGetTarget                                      iswi.obl(CompHelperFuncs.obs)
207  __gbInitialized                                    iswi.obl(CompHelperFuncs.obs)
208  __gbInstallInfo                                    Setup.obs
209  __gbMaintenance                                    iswi.obl(CompHelperFuncs.obs)
210  __gbReopening                                      iswi.obl(CompHelperFuncs.obs)
211  __ghActiveDataBase                                 iswi.obl(CompHelperFuncs.obs)
212  __ghErrFileHandle                                  iswi.obl(CompHelperFuncs.obs)
213  __ghMsiInstall                                     iswi.obl(CompHelperFuncs.obs)
214  __gnButtonSelected                                 iswi.obl(CompHelperFuncs.obs)
215  __gnLastError                                      iswi.obl(CompHelperFuncs.obs)
216  __gnMsiReturn                                      iswi.obl(CompHelperFuncs.obs)
217  __gnOSMask                                         iswi.obl(CompHelperFuncs.obs)
218  __gnScriptMode                                     iswi.obl(CompHelperFuncs.obs)
219  __goISDriver                                       iswi.obl(CompHelperFuncs.obs)
220  __goMsiServer                                      iswi.obl(CompHelperFuncs.obs)
221  __gsINSTALLDIR                                     iswi.obl(CompHelperFuncs.obs)
222  __gsProductGuid                                    iswi.obl(CompHelperFuncs.obs)
223  __gsSourceDir                                      iswi.obl(CompHelperFuncs.obs)
224  __hContext                                         iswi.obl(CompHelperFuncs.obs)
225  __objGlobalTextSub                                 Setup.obs
226  __objStringTable                                   iswi.obl(ISWiInit.obs)
227  __szGUID                                           Setup.obs
228  bBackButton                                        Setup.obs
229  bCancelButton                                      Setup.obs
230  bEnterDiskBeep                                     Setup.obs
231  bFinishButton                                      Setup.obs
232  bInstall16                                         Setup.obs
233  bNextButton                                        Setup.obs
234  bSdInit                                            Setup.obs
235  bViewCmptKunits                                    Setup.obs
236  bViewCmptUseDecimal                                Setup.obs
237  g_bSuppressMissingStringWarning                    iswi.obl(DriverConv.obs)
238  g_nDlgAskPath                                      iswi.obl(CompHelperFuncs.obs)
239  nDlgMessageBox                                     iswi.obl(CompHelperFuncs.obs)
240  nDlgSelectDir                                      iswi.obl(CompHelperFuncs.obs)
241  nDlgSprintfBox                                     iswi.obl(CompHelperFuncs.obs)
242  nSdAskDestPath                                     Setup.obs
243  nSdComponentTree                                   Setup.obs
244  nSdDiskSpaceRequirements                           Setup.obs
245  nSdFinish                                          Setup.obs
246  nSdFinishReboot                                    Setup.obs
247  nSdLicense2                                        Setup.obs
248  nSdLicense2Rtf                                     Setup.obs
249  nSdOutOfDiskSpace                                  Setup.obs
250  nSdPatchWelcome                                    Setup.obs
251  nSdWelcome                                         Setup.obs
252  nSdWelcomeMaint                                    Setup.obs
253  szAppKey                                           Setup.obs
254  szSdProduct                                        Setup.obs
255  szSdStr_NotEnoughSpace                             Setup.obs
