***** External Functions *****
1    AdminAskPath                                       isrt.obl(ISRTScriptDialogs.obs)
2    AllFeaturesDeselected                              iswi.obl(CompHelperFuncs.obs)
3    CHECK_RETURN                                       iswi.obl(ErrHandler.obs)
4    ChangeDirectory                                    isrt.obl(Files.obs)
5    CloseFile                                          isrt.obl(Files.obs)
6    CmdGetHwndDlg                                      isrt.obl(CustomDialog.obs)
7    ComponentCompareSizeRequired                       isrt.obl(component.obs)
8    ComponentErrorInfo                                 isrt.obl(component.obs)
9    ComponentGetData                                   isrt.obl(component.obs)
10   ComponentGetTotalCost                              isrt.obl(component.obs)
11   ComponentIsItemSelected                            isrt.obl(component.obs)
12   ComponentListItems                                 isrt.obl(component.obs)
13   ComponentRemoveAll                                 isrt.obl(component.obs)
14   ComponentSaveTarget                                isrt.obl(component.obs)
15   ComponentSelectItem                                isrt.obl(component.obs)
16   ComponentTransferData                              isrt.obl(component.obs)
17   ComponentTreeInit                                  isrt.obl(Dialogs.obs)
18   CreateDir                                          isrt.obl(Files.obs)
19   CreateFile                                         isrt.obl(Files.obs)
20   CreateInstallationInfo                             isrt.obl(Registry.obs)
21   CtrlGetDlgItem                                     isrt.obl(CustomDialog.obs)
22   CtrlGetNotificationCode                            isrt.obl(CustomDialog.obs)
23   CtrlGetState                                       isrt.obl(CustomDialog.obs)
24   CtrlGetText                                        isrt.obl(CustomDialog.obs)
25   CtrlSelectText                                     isrt.obl(CustomDialog.obs)
26   CtrlSetList                                        isrt.obl(CustomDialog.obs)
27   CtrlSetMLEText                                     isrt.obl(CustomDialog.obs)
28   CtrlSetState                                       isrt.obl(CustomDialog.obs)
29   CtrlSetText                                        isrt.obl(CustomDialog.obs)
30   DefineDialog                                       isrt.obl(CustomDialog.obs)
31   DeleteFile                                         isrt.obl(Files.obs)
32   DeleteSingleFile                                   isrt.obl(Files.obs)
33   DialogSetDefaultFont                               isrt.obl(Dialogs.obs)
34   DialogSetFont                                      isrt.obl(Dialogs.obs)
35   DialogSetInfo                                      isrt.obl(Dialogs.obs)
36   Disable                                            isrt.obl(Enable.obs)
37   DllSizeOf                                          isrt.obl(Str.obs)
38   Do                                                 isrt.obl(Misc.obs)
39   Enable                                             isrt.obl(Enable.obs)
40   EndCurrentDialog                                   isrt.obl(Dialogs.obs)
41   EndDialog                                          isrt.obl(CustomDialog.obs)
42   ExistsDir                                          isrt.obl(Files.obs)
43   EzDefineDialog                                     isrt.obl(CustomDialog.obs)
44   FeatureCompareSizeRequired                         iswi.obl(FeatureConv.obs)
45   FeatureErrorInfo                                   iswi.obl(ComponentConv.obs)
46   FeatureFilterLanguage                              iswi.obl(FeatureConv.obs)
47   FeatureFilterOS                                    iswi.obl(FeatureConv.obs)
48   FeatureGetData                                     iswi.obl(ComponentConv.obs)
49   FeatureGetTotalCost                                iswi.obl(FeatureConv.obs)
50   FeatureIsItemSelected                              iswi.obl(ComponentConv.obs)
51   FeatureListItems                                   iswi.obl(ComponentConv.obs)
52   FeatureReinstall                                   iswi.obl(ComponentConv.obs)
53   FeatureRemoveAll                                   iswi.obl(ComponentConv.obs)
54   FeatureSaveTarget                                  iswi.obl(FeatureConv.obs)
55   FeatureSelectItem                                  iswi.obl(ComponentConv.obs)
56   FeatureTransferData                                iswi.obl(ComponentConv.obs)
57   FeaturesInstalled                                  iswi.obl(FileTransferFuncsConv.obs)
58   FeaturesInstalling                                 iswi.obl(FileTransferFuncsConv.obs)
59   FillLists                                          isrt.obl(ISRTScriptDialogs.obs)
60   FindFile                                           isrt.obl(Files.obs)
61   FormatMessage                                      isrt.obl(Misc.obs)
62   GDI32.CreateRectRgn                                Setup.obs
63   GDI32.GetDeviceCaps                                Setup.obs
64   GeneratedMSIScript                                 iswi.obl(FileTransferFuncsConv.obs)
65   GeneratingMSIScript                                iswi.obl(FileTransferFuncsConv.obs)
66   GetBasicMSI                                        isrt.obl(SysVars.obs)
67   GetBillboard                                       isrt.obl(SysVars.obs)
68   GetCompItemList                                    iswi.obl(CompHelperFuncs.obs)
69   GetComponentsFeatures                              iswi.obl(CompHelperFuncs.obs)
70   GetCurrentDialogName                               isrt.obl(Dialogs.obs)
71   GetCurrentDir                                      isrt.obl(Files.obs)
72   GetDialogTitle                                     isrt.obl(Dialogs.obs)
73   GetDir                                             isrt.obl(Str.obs)
74   GetDisk                                            isrt.obl(Str.obs)
75   GetDiskSpace                                       isrt.obl(GSI.obs)
76   GetDiskSpaceEx                                     isrt.obl(GSI.obs)
77   GetEnabledIServices                                isrt.obl(SysVars.obs)
78   GetExtents                                         isrt.obl(GSI.obs)
79   GetFolderApplications                              isrt.obl(SysVars.obs)
80   GetFolderApplications64                            isrt.obl(SysVars.obs)
81   GetFolderDotNet10                                  isrt.obl(SysVars.obs)
82   GetFolderDotNet11                                  isrt.obl(SysVars.obs)
83   GetFolderDotNet20                                  isrt.obl(SysVars.obs)
84   GetISRes                                           isrt.obl(SysVars.obs)
85   GetInstallScriptMSIEEUI                            isrt.obl(SysVars.obs)
86   GetKeyPathWinCurrVerAuto                           isrt.obl(SysVars.obs)
87   GetMSIFeatureName                                  iswi.obl(CompHelperFuncs.obs)
88   GetMaintenance                                     iswi.obl(ISWiInit.obs)
89   GetMsiFeaturePath                                  iswi.obl(CompHelperFuncs.obs)
90   GetMsiNameFromAliasTable                           iswi.obl(CompHelperFuncs.obs)
91   GetOpenFileMode                                    isrt.obl(Files.obs)
92   GetPackageLocation                                 isrt.obl(SysVars.obs)
93   GetPlatformList                                    iswi.obl(CompHelperFuncs.obs)
94   GetProductGUID                                     iswi.obl(ISWiInit.obs)
95   GetProfSectionKeyCount                             isrt.obl(Profile.obs)
96   GetProfString                                      isrt.obl(Profile.obs)
97   GetProfStringList                                  isrt.obl(Profile.obs)
98   GetProgramFiles                                    isrt.obl(SysVars.obs)
99   GetReinstallMode                                   isrt.obl(SysVars.obs)
100  GetRemoveAllMode                                   isrt.obl(SysVars.obs)
101  GetRemoveOnly                                      isrt.obl(SysVars.obs)
102  GetSelectedTreeComponent                           isrt.obl(CmptView.obs)
103  GetStandardSelectedLanguage                        isrt.obl(SysVars.obs)
104  GetSupportDir                                      isrt.obl(SysVars.obs)
105  GetSystemInfo                                      isrt.obl(GSI.obs)
106  GetTempFolder                                      isrt.obl(SysVars.obs)
107  GetUserSelectableAuto                              isrt.obl(SysVars.obs)
108  GetValidDrivesList                                 isrt.obl(GSI.obs)
109  GetWinDir                                          isrt.obl(SysVars.obs)
110  GetWinSysDir                                       isrt.obl(SysVars.obs)
111  GetWindowHandle                                    iswi.obl(MiscConv.obs)
112  HIWORD                                             isrt.obl(Misc.obs)
113  ISDeterminePlatform                                isrt.obl(OsInfo.obs)
114  ISMIF32.InstallStatusMIF                           isrt.obl(MIF.obs)
115  ISRT.ComponentViewSetInfoEx                        isrt.obl(Dialogs.obs)
116  ISRT.EnableHourGlass                               isrt.obl(Enable.obs)
117  ISRT.GetCPUType                                    isrt.obl(GSI.obs)
118  ISRT.GetFontSub                                    isrt.obl(Dialogs.obs)
119  ISRT.GetHandle                                     Setup.obs
120  ISRT.GetPorts                                      isrt.obl(GSI.obs)
121  ISRT.IsEmpty                                       Setup.obs
122  ISRT.IsNTAdmin                                     isrt.obl(Is.obs)
123  ISRT.IsObject                                      Setup.obs
124  ISRT.IsPowerUser                                   isrt.obl(Is.obs)
125  ISRT.LangLoadString                                isrt.obl(SDINT.obs)
126  ISRT.MessageBeepP                                  Setup.obs
127  ISRT.PathCompactPathPixel                          isrt.obl(CustomDialog.obs)
128  ISRT.PathGetDir                                    isrt.obl(Str.obs)
129  ISRT.PathGetDrive                                  isrt.obl(Str.obs)
130  ISRT.PathGetFile                                   isrt.obl(Files.obs)
131  ISRT.PathGetFileExt                                isrt.obl(Str.obs)
132  ISRT.PathGetFileName                               isrt.obl(Str.obs)
133  ISRT.PathGetLongFromShort                          isrt.obl(Str.obs)
134  ISRT.PathGetPath                                   isrt.obl(Str.obs)
135  ISRT.PathIsValidSyntax                             isrt.obl(Is.obs)
136  ISRT.VerGetFileVersion                             Setup.obs
137  ISRT._BrowseForFolder                              isrt.obl(ISRTScriptDialogsPriv.obs)
138  ISRT._CloseFile                                    isrt.obl(Files.obs)
139  ISRT._CmdGetHwndDlg                                isrt.obl(CustomDialog.obs)
140  ISRT._CompareDWORD                                 isrt.obl(Extend.obs)
141  ISRT._ComponentCompareSizeRequired                 iswi.obl(FeatureConv.obs)
142  ISRT._ComponentFilterLanguage                      iswi.obl(FeatureConv.obs)
143  ISRT._ComponentFilterOS                            iswi.obl(FeatureConv.obs)
144  ISRT._ComponentGetTotalCost                        iswi.obl(FeatureConv.obs)
145  ISRT._ComponentGetTotalCostEx                      iswi.obl(ComponentConv.obs)
146  ISRT._ComponentSaveTarget                          iswi.obl(FeatureConv.obs)
147  ISRT._CreateDir                                    isrt.obl(Files.obs)
148  ISRT._CtrlGetNotificationCode                      isrt.obl(CustomDialog.obs)
149  ISRT._CtrlGetParentWindowHelper                    iswi.obl(MiscConv.obs)
150  ISRT._CtrlSetHtmlContent                           isrt.obl(CustomDialog.obs)
151  ISRT._CtrlSetMLERichText                           isrt.obl(CustomDialog.obs)
152  ISRT._DefineDialog                                 isrt.obl(CustomDialog.obs)
153  ISRT._DialogSetFont                                isrt.obl(Dialogs.obs)
154  ISRT._DisableStatus                                isrt.obl(Enable.obs)
155  ISRT._DoSprintf                                    iswi.obl(HelperFuncs.obs)
156  ISRT._EnableDialogCache                            isrt.obl(Enable.obs)
157  ISRT._EnablePrevDialog                             Setup.obs
158  ISRT._EnableSkins                                  isrt.obl(Enable.obs)
159  ISRT._EnableStatus                                 isrt.obl(Enable.obs)
160  ISRT._EnableWow64FsRedirection                     isrt.obl(Enable.obs)
161  ISRT._EndDialog                                    isrt.obl(CustomDialog.obs)
162  ISRT._ExistsDir                                    isrt.obl(Files.obs)
163  ISRT._ExistsFile                                   isrt.obl(Files.obs)
164  ISRT._FileCopy                                     isrt.obl(Files.obs)
165  ISRT._FloatingPointOperation                       iswi.obl(ComponentConv.obs)
166  ISRT._GetCurrentDialogName                         isrt.obl(Dialogs.obs)
167  ISRT._GetDiskSpaceEx                               isrt.obl(GSI.obs)
168  ISRT._GetDiskSpaceExEx                             iswi.obl(ComponentConv.obs)
169  ISRT._GetGlobalMemorySize                          isrt.obl(GSI.obs)
170  ISRT._GetProcessorInfo                             isrt.obl(OsInfo.obs)
171  ISRT._GetRunningChildProcessEx2                    isrt.obl(Extend.obs)
172  ISRT._GetSelectedTreeComponent                     isrt.obl(CmptView.obs)
173  ISRT._GetStandardLangId                            isrt.obl(Misc.obs)
174  ISRT._GetSupportDir                                isrt.obl(SysVars.obs)
175  ISRT._GetVirtualMachineType                        isrt.obl(GSI.obs)
176  ISRT._IsFontTypefaceNameAvailable                  isrt.obl(Is.obs)
177  ISRT._IsInAdminGroup                               isrt.obl(Is.obs)
178  ISRT._IsLangSupported                              isrt.obl(Is.obs)
179  ISRT._IsSkinLoaded                                 isrt.obl(Is.obs)
180  ISRT._IsVirtualMachine                             isrt.obl(OsInfo.obs)
181  ISRT._IsWindowsME                                  isrt.obl(GSI.obs)
182  ISRT._IsWow64                                      isrt.obl(OsInfo.obs)
183  ISRT._ListAddItem                                  isrt.obl(scrlist.obs)
184  ISRT._ListAddString                                isrt.obl(scrlist.obs)
185  ISRT._ListCount                                    isrt.obl(scrlist.obs)
186  ISRT._ListCreate                                   isrt.obl(scrlist.obs)
187  ISRT._ListCurrentString                            isrt.obl(scrlist.obs)
188  ISRT._ListDeleteItem                               isrt.obl(scrlist.obs)
189  ISRT._ListDeleteString                             isrt.obl(scrlist.obs)
190  ISRT._ListDestroy                                  isrt.obl(scrlist.obs)
191  ISRT._ListFindItem                                 isrt.obl(scrlist.obs)
192  ISRT._ListFindString                               isrt.obl(scrlist.obs)
193  ISRT._ListGetFirstItem                             isrt.obl(scrlist.obs)
194  ISRT._ListGetFirstString                           isrt.obl(scrlist.obs)
195  ISRT._ListGetNextItem                              isrt.obl(scrlist.obs)
196  ISRT._ListGetNextString                            isrt.obl(scrlist.obs)
197  ISRT._ListGetType                                  isrt.obl(scrlist.obs)
198  ISRT._ListReadFromFile                             isrt.obl(scrlist.obs)
199  ISRT._ListSetIndex                                 isrt.obl(scrlist.obs)
200  ISRT._MediaGetFilteringInfo                        iswi.obl(FeatureConv.obs)
201  ISRT._MediaGetInfo                                 iswi.obl(FeatureConv.obs)
202  ISRT._OpenFile                                     isrt.obl(Files.obs)
203  ISRT._Preprogram                                   Setup.obs
204  ISRT._PrintFile                                    isrt.obl(Files.obs)
205  ISRT._RegCreateKey                                 isrt.obl(Registry.obs)
206  ISRT._RegDeleteKey                                 isrt.obl(Registry.obs)
207  ISRT._RegEnableTextSubs                            isrt.obl(Enable.obs)
208  ISRT._RegEnum                                      isrt.obl(Registry.obs)
209  ISRT._RegExistsKey                                 isrt.obl(Registry.obs)
210  ISRT._RegGetOptions                                isrt.obl(SysVars.obs)
211  ISRT._RegIsRemoteRegConnected                      isrt.obl(Is.obs)
212  ISRT._RegQueryKeyBinaryValue                       isrt.obl(Registry.obs)
213  ISRT._RegQueryKeyValue                             isrt.obl(Registry.obs)
214  ISRT._RegSetKeyBinaryValue                         isrt.obl(Registry.obs)
215  ISRT._RegSetKeyValue                               isrt.obl(Registry.obs)
216  ISRT._RegSetOptions                                isrt.obl(SysVars.obs)
217  ISRT._ReleaseDialog                                isrt.obl(CustomDialog.obs)
218  ISRT._SdShowMsg                                    isrt.obl(ISRTScriptDialogsPriv.obs)
219  ISRT._SetAltMainImage                              isrt.obl(Dialogs.obs)
220  ISRT._SetDisplayEffect                             isrt.obl(ui.obs)
221  ISRT._SetSilentSdShowMsg                           isrt.obl(Enable.obs)
222  ISRT._SetTitle                                     isrt.obl(ui.obs)
223  ISRT._SetupTraceWrite                              isrt.obl(Misc.obs)
224  ISRT._StatusUpdate                                 isrt.obl(ui.obs)
225  ISRT._TreeViewCreate                               isrt.obl(CmptView.obs)
226  ISRT._WaitOnDialog                                 isrt.obl(CustomDialog.obs)
227  ISRT._WriteLine                                    isrt.obl(Files.obs)
228  ISRT.__CreateObjectContext                         isrt.obl(ISRTInit.obs)
229  ISRT.__GetCmdLineOptions                           isrt.obl(ISRTInit.obs)
230  ISRT.__GetContextGUID                              isrt.obl(ISRTInit.obs)
231  ISRT.__GetEnabledIServices                         isrt.obl(SysVars.obs)
232  ISRT.__GetFileRegistrar                            isrt.obl(ISRTInit.obs)
233  ISRT.__GetISMSIStringTableObj                      iswi.obl(ISWiInit.obs)
234  ISRT.__GetInfo                                     isrt.obl(ISRTInit.obs)
235  ISRT.__GetInstallGuid                              isrt.obl(SysVars.obs)
236  ISRT.__GetLogDB                                    isrt.obl(ISRTInit.obs)
237  ISRT.__GetMainWindow                               Setup.obs
238  ISRT.__GetMaintOption                              isrt.obl(SysVars.obs)
239  ISRT.__GetMaintenanceMode                          isrt.obl(SysVars.obs)
240  ISRT.__GetObjects                                  isrt.obl(ISRTInit.obs)
241  ISRT.__GetProductGuid                              isrt.obl(SysVars.obs)
242  ISRT.__GetProgress                                 Setup.obs
243  ISRT.__GetReboot                                   isrt.obl(ISRTInit.obs)
244  ISRT.__GetReinstallMode                            isrt.obl(SysVars.obs)
245  ISRT.__GetRemoveAllMode                            isrt.obl(SysVars.obs)
246  ISRT.__GetTextSub                                  isrt.obl(ISRTInit.obs)
247  ISRT.__GetUpdateMode                               isrt.obl(SysVars.obs)
248  ISRT.__PutEnabledIServices                         isrt.obl(Enable.obs)
249  ISRT.__ReleaseObjectContext                        isrt.obl(ISRTInit.obs)
250  ISRT.__RestoreMainLog                              isrt.obl(ISRTInit.obs)
251  ISRT.__RestoreMainLogEx                            isrt.obl(ISRTInit.obs)
252  ISRT.__SetComponentLog                             isrt.obl(ISRTInit.obs)
253  ISRT.__SetUpdateMode                               isrt.obl(SysVars.obs)
254  ISRTHandleScriptException                          isrt.obl(Misc.obs)
255  ISRTPreprogram                                     isrt.obl(Driver.obs)
256  ISWIOnAppSearch                                    iswi.obl(DriverConv.obs)
257  ISWIOnCCPSearch                                    iswi.obl(DriverConv.obs)
258  ISWIOnExitInstall                                  iswi.obl(DriverConv.obs)
259  ISWIOnFirstUIAfter                                 iswi.obl(DriverConv.obs)
260  ISWIOnFirstUIBefore                                iswi.obl(DriverConv.obs)
261  ISWIOnInitInstall                                  iswi.obl(DriverConv.obs)
262  ISWIOnMaintUIAfter                                 iswi.obl(DriverConv.obs)
263  ISWIOnMaintUIBefore                                iswi.obl(DriverConv.obs)
264  ISWIOnMoveData                                     iswi.obl(DriverConv.obs)
265  ISWIOnMoveDataPostInstall                          iswi.obl(DriverConv.obs)
266  ISWIOnMoveDataPreInstall                           iswi.obl(DriverConv.obs)
267  ISWIOnResumeUIAfter                                iswi.obl(DriverConv.obs)
268  ISWIOnResumeUIBefore                               iswi.obl(DriverConv.obs)
269  ISWIPostprogram                                    iswi.obl(DriverConv.obs)
270  ISWIPreprogram                                     iswi.obl(DriverConv.obs)
271  InstallFilesActionAfter                            iswi.obl(FileTransferFuncsConv.obs)
272  InstallFilesActionBefore                           iswi.obl(FileTransferFuncsConv.obs)
273  Is                                                 isrt.obl(Is.obs)
274  IsComponentFiltered                                iswi.obl(CompHelperFuncs.obs)
275  IsTestSetup                                        iswi.obl(HelperFuncs.obs)
276  KERNEL.GetModuleHandle                             Setup.obs
277  KERNEL32.CloseHandle                               Setup.obs
278  KERNEL32.CreateFileA                               Setup.obs
279  KERNEL32.CreateProcess                             Setup.obs
280  KERNEL32.DeleteFileA                               Setup.obs
281  KERNEL32.FindClose                                 Setup.obs
282  KERNEL32.FindFirstFileA                            Setup.obs
283  KERNEL32.FindNextFileA                             Setup.obs
284  KERNEL32.FormatMessageA                            Setup.obs
285  KERNEL32.FreeLibrary                               Setup.obs
286  KERNEL32.GetCurrentDirectoryA                      Setup.obs
287  KERNEL32.GetDriveType                              Setup.obs
288  KERNEL32.GetExitCodeProcess                        Setup.obs
289  KERNEL32.GetFileAttributesA                        Setup.obs
290  KERNEL32.GetLocalTime                              Setup.obs
291  KERNEL32.GetLocaleInfo                             Setup.obs
292  KERNEL32.GetPrivateProfileSectionA                 Setup.obs
293  KERNEL32.GetPrivateProfileString                   Setup.obs
294  KERNEL32.GetPrivateProfileStringA                  Setup.obs
295  KERNEL32.GetProcAddress                            Setup.obs
296  KERNEL32.GetProcessId                              Setup.obs
297  KERNEL32.GetProfileStringA                         Setup.obs
298  KERNEL32.GetSystemDefaultLCID                      Setup.obs
299  KERNEL32.GetSystemDefaultLangID                    Setup.obs
300  KERNEL32.GetSystemDefaultUILanguage                Setup.obs
301  KERNEL32.GetTickCount                              Setup.obs
302  KERNEL32.GetUserDefaultLangID                      Setup.obs
303  KERNEL32.GetVersion                                Setup.obs
304  KERNEL32.GetVersionEx                              Setup.obs
305  KERNEL32.GetVolumeInformation                      Setup.obs
306  KERNEL32.GetWindowsDirectory                       Setup.obs
307  KERNEL32.GetWindowsDirectoryA                      Setup.obs
308  KERNEL32.LoadLibraryA                              Setup.obs
309  KERNEL32.MoveFileA                                 Setup.obs
310  KERNEL32.SetCurrentDirectoryA                      Setup.obs
311  KERNEL32.SetFileAttributesA                        Setup.obs
312  KERNEL32.WritePrivateProfileString                 Setup.obs
313  KERNEL32.lstrlen                                   Setup.obs
314  Kernel32.GetModuleHandleA                          iswi.obl(ComponentConv.obs)
315  LOWORD                                             isrt.obl(Misc.obs)
316  LaunchAppAndWait                                   isrt.obl(Extend.obs)
317  LaunchAppAndWaitInitStartupInfo                    isrt.obl(Extend.obs)
318  LaunchApplication                                  isrt.obl(Extend.obs)
319  LaunchApplicationInit                              isrt.obl(Extend.obs)
320  ListAddItem                                        isrt.obl(scrlist.obs)
321  ListAddString                                      isrt.obl(scrlist.obs)
322  ListConvertStrToNum                                isrt.obl(scrlist.obs)
323  ListCount                                          isrt.obl(scrlist.obs)
324  ListCreate                                         isrt.obl(scrlist.obs)
325  ListCurrentString                                  isrt.obl(scrlist.obs)
326  ListDeleteItem                                     isrt.obl(scrlist.obs)
327  ListDeleteString                                   isrt.obl(scrlist.obs)
328  ListDestroy                                        isrt.obl(scrlist.obs)
329  ListFindItem                                       isrt.obl(scrlist.obs)
330  ListFindString                                     isrt.obl(scrlist.obs)
331  ListGetFirstItem                                   isrt.obl(scrlist.obs)
332  ListGetFirstString                                 isrt.obl(scrlist.obs)
333  ListGetLastString                                  iswi.obl(CompHelperFuncs.obs)
334  ListGetNextItem                                    isrt.obl(scrlist.obs)
335  ListGetNextString                                  isrt.obl(scrlist.obs)
336  ListGetType                                        isrt.obl(scrlist.obs)
337  ListReadFromFile                                   isrt.obl(scrlist.obs)
338  ListSetIndex                                       isrt.obl(scrlist.obs)
339  ListValid                                          isrt.obl(scrlist.obs)
340  ListValidType                                      isrt.obl(scrlist.obs)
341  LoadStringFromStringTable                          iswi.obl(ISWiInit.obs)
342  LongPathFromShortPath                              isrt.obl(Str.obs)
343  LongPathToQuote                                    isrt.obl(Str.obs)
344  MAKELONG                                           isrt.obl(Misc.obs)
345  MIFCreateMIFFile                                   isrt.obl(MIF.obs)
346  MIFDeleteMIFFile                                   isrt.obl(MIF.obs)
347  MIFInitialize                                      isrt.obl(MIF.obs)
348  MIFSetInformation                                  isrt.obl(MIF.obs)
349  MIFUnInitialize                                    isrt.obl(MIF.obs)
350  MIFWasSetInformationCalled                         isrt.obl(MIF.obs)
351  MediaGetDataEx                                     iswi.obl(FeatureConv.obs)
352  MessageBeep                                        isrt.obl(Misc.obs)
353  MessageBox                                         isrt.obl(ISRTScriptDialogsPriv.obs)
354  MessageBoxEx                                       isrt.obl(ISRTScriptDialogsPriv.obs)
355  Moved                                              iswi.obl(FileTransferFuncsConv.obs)
356  Moving                                             iswi.obl(FileTransferFuncsConv.obs)
357  MsiCloseHandle                                     iswi.obl(MsiFuncsConv.obs)
358  MsiCreateRecord                                    iswi.obl(MsiFuncsConv.obs)
359  MsiDatabaseOpenView                                iswi.obl(MsiFuncsConv.obs)
360  MsiDoAction                                        iswi.obl(MsiFuncsConv.obs)
361  MsiGetActiveDatabase                               iswi.obl(MsiFuncsConv.obs)
362  MsiGetMode                                         iswi.obl(MsiFuncsConv.obs)
363  MsiGetProperty                                     iswi.obl(MsiFuncsConv.obs)
364  MsiGetPropertyIS                                   iswi.obl(MsiFuncsConv.obs)
365  MsiGetSourcePath                                   iswi.obl(MsiFuncsConv.obs)
366  MsiGetTargetPath                                   iswi.obl(MsiFuncsConv.obs)
367  MsiInstallProduct                                  iswi.obl(MsiFuncsConv.obs)
368  MsiProcessMessage                                  iswi.obl(MsiFuncsConv.obs)
369  MsiQueryFeatureState                               iswi.obl(MsiFuncsConv.obs)
370  MsiRecordGetInteger                                iswi.obl(MsiFuncsConv.obs)
371  MsiRecordGetString                                 iswi.obl(MsiFuncsConv.obs)
372  MsiRecordSetString                                 iswi.obl(MsiFuncsConv.obs)
373  MsiSetProperty                                     iswi.obl(MsiFuncsConv.obs)
374  MsiSetTargetPath                                   iswi.obl(MsiFuncsConv.obs)
375  MsiViewExecute                                     iswi.obl(MsiFuncsConv.obs)
376  MsiViewFetch                                       iswi.obl(MsiFuncsConv.obs)
377  OnAbort                                            iswi.obl(DriverConv.obs)
378  OnAction                                           iswi.obl(ISWiInit.obs)
379  OnAdminInstallUIAfter                              iswi.obl(DriverConv.obs)
380  OnAdminInstallUIBefore                             iswi.obl(DriverConv.obs)
381  OnAdminPatchUIAfter                                iswi.obl(DriverConv.obs)
382  OnAdminPatchUIBefore                               iswi.obl(DriverConv.obs)
383  OnAdvertisementAfter                               iswi.obl(DriverConv.obs)
384  OnAdvertisementBefore                              iswi.obl(DriverConv.obs)
385  OnAppSearch                                        iswi.obl(DriverConv.obs)
386  OnBegin                                            iswi.obl(DriverConv.obs)
387  OnCCPSearch                                        iswi.obl(DriverConv.obs)
388  OnCanceling                                        iswi.obl(DriverConv.obs)
389  OnComponentError                                   iswi.obl(DriverConv.obs)
390  OnDIFxLogCallback                                  isrt.obl(ISDIFx.obs)
391  OnDIFxLogCallbackImpl                              isrt.obl(ISDIFx.obs)
392  OnEnd                                              iswi.obl(DriverConv.obs)
393  OnError                                            iswi.obl(DriverConv.obs)
394  OnException                                        iswi.obl(DriverConv.obs)
395  OnFeaturesInstalled                                iswi.obl(FileTransferFuncsConv.obs)
396  OnFeaturesInstalling                               iswi.obl(FileTransferFuncsConv.obs)
397  OnFileError                                        iswi.obl(Exceptions.obs)
398  OnFileLocked                                       iswi.obl(Exceptions.obs)
399  OnFileReadOnly                                     iswi.obl(Exceptions.obs)
400  OnFilesInUse                                       iswi.obl(DriverConv.obs)
401  OnFilterComponents                                 iswi.obl(DriverConv.obs)
402  OnFirstUIAfter                                     Setup.obs
403  OnFirstUIBefore                                    Setup.obs
404  OnGeneratedMSIScript                               iswi.obl(DriverConv.obs)
405  OnGeneratingMSIScript                              iswi.obl(DriverConv.obs)
406  OnHelp                                             iswi.obl(DriverConv.obs)
407  OnInstallFilesActionAfter                          iswi.obl(DriverConv.obs)
408  OnInstallFilesActionBefore                         iswi.obl(DriverConv.obs)
409  OnInternetError                                    iswi.obl(Exceptions.obs)
410  OnLaunchAppAndWaitCallback                         iswi.obl(DriverConv.obs)
411  OnLogonUserSetMsiProperties                        iswi.obl(DriverConv.obs)
412  OnMD5Error                                         iswi.obl(Exceptions.obs)
413  OnMaintUIAfter                                     Setup.obs
414  OnMaintUIBefore                                    Setup.obs
415  OnMaintenance                                      iswi.obl(DriverConv.obs)
416  OnMoved                                            iswi.obl(DriverConv.obs)
417  OnMoving                                           iswi.obl(DriverConv.obs)
418  OnMsiSilentInstall                                 iswi.obl(DriverConv.obs)
419  OnNetApiCreateUserAccountInternal                  isrt.obl(NetApiRT.obs)
420  OnNextDisk                                         iswi.obl(Exceptions.obs)
421  OnOutOfDiskSpace                                   iswi.obl(DriverConv.obs)
422  OnPatchUIAfter                                     iswi.obl(DriverConv.obs)
423  OnPatchUIBefore                                    iswi.obl(DriverConv.obs)
424  OnRMFilesInUse                                     iswi.obl(DriverConv.obs)
425  OnRebooted                                         iswi.obl(DriverConv.obs)
426  OnRemovingSharedFile                               iswi.obl(Exceptions.obs)
427  OnResume                                           iswi.obl(DriverConv.obs)
428  OnResumeUIAfter                                    iswi.obl(DriverConv.obs)
429  OnResumeUIBefore                                   iswi.obl(DriverConv.obs)
430  OnSQLLogin                                         iswi.obl(DriverConv.obs)
431  OnSelfRegistrationError                            iswi.obl(Exceptions.obs)
432  OnUnhandledException                               iswi.obl(DriverConv.obs)
433  OnUninstall                                        iswi.obl(DriverConv.obs)
434  OnUpdateService                                    iswi.obl(DriverConv.obs)
435  OnWarning                                          iswi.obl(DriverConv.obs)
436  OpenFile                                           isrt.obl(Files.obs)
437  OpenFileMode                                       isrt.obl(Files.obs)
438  ParsePath                                          isrt.obl(Str.obs)
439  PopulateColumnHeaders                              isrt.obl(ISRTScriptDialogs.obs)
440  PopulateListView                                   isrt.obl(ISRTScriptDialogs.obs)
441  PostShowComponentDlg                               iswi.obl(ISWiInit.obs)
442  Postprogram                                        iswi.obl(DriverConv.obs)
443  PreShowComponentDlg                                iswi.obl(ISWiInit.obs)
444  Preprogram                                         iswi.obl(DriverConv.obs)
445  PrintFile                                          isrt.obl(Files.obs)
446  ProgramEeuiPostInstall                             iswi.obl(DriverConv.obs)
447  ProgramEeuiPreInstall                              iswi.obl(DriverConv.obs)
448  PthFixPath                                         isrt.obl(Pth.obs)
449  PthIsAbsPath                                       isrt.obl(Pth.obs)
450  RebootNeeded                                       iswi.obl(FileTransferFuncsConv.obs)
451  RedirectMsiCloseHandle                             iswi.obl(RedirectedMsiFuncsConv.obs)
452  RedirectMsiCreateRecord                            iswi.obl(RedirectedMsiFuncsConv.obs)
453  RedirectMsiGetActiveDatabase                       iswi.obl(RedirectedMsiFuncsConv.obs)
454  RedirectMsiGetMode                                 iswi.obl(RedirectedMsiFuncsConv.obs)
455  RedirectMsiProcessMessage                          iswi.obl(RedirectedMsiFuncsConv.obs)
456  RedirectMsiRecordGetInteger                        iswi.obl(RedirectedMsiFuncsConv.obs)
457  RedirectMsiViewExecute                             iswi.obl(RedirectedMsiFuncsConv.obs)
458  RedirectMsiViewFetch                               iswi.obl(RedirectedMsiFuncsConv.obs)
459  RegDBCopyKeys                                      isrt.obl(Registry.obs)
460  RegDBCopyValues                                    isrt.obl(Registry.obs)
461  RegDBCreateKeyEx                                   isrt.obl(Registry.obs)
462  RegDBDeleteKey                                     isrt.obl(Registry.obs)
463  RegDBGetDefaultRoot                                isrt.obl(SysVars.obs)
464  RegDBGetItem                                       isrt.obl(Registry.obs)
465  RegDBGetKeyValueEx                                 isrt.obl(Registry.obs)
466  RegDBGetUninstCmdLine                              isrt.obl(Registry.obs)
467  RegDBKeyExist                                      isrt.obl(Registry.obs)
468  RegDBQueryKey                                      isrt.obl(Registry.obs)
469  RegDBQueryKeyCount                                 isrt.obl(Registry.obs)
470  RegDBQueryStringMultiStringCount                   isrt.obl(Registry.obs)
471  RegDBQueryValue                                    isrt.obl(Registry.obs)
472  RegDBQueryValue32                                  isrt.obl(Registry.obs)
473  RegDBSetDefaultRoot                                isrt.obl(SysVars.obs)
474  RegDBSetKeyValueEx                                 isrt.obl(Registry.obs)
475  RegDBSetValue                                      isrt.obl(Registry.obs)
476  ReleaseDialog                                      isrt.obl(CustomDialog.obs)
477  RemoveSpaces                                       iswi.obl(HelperFuncs.obs)
478  RenameFile                                         isrt.obl(Files.obs)
479  ResolveShellObjectsFolder                          iswi.obl(CompHelperFuncs.obs)
480  SdAskDestPath                                      isrt.obl(ISRTScriptDialogs.obs)
481  SdCloseDlg                                         isrt.obl(SDINT.obs)
482  SdComponentDlgCheckSpace                           isrt.obl(SDINT.obs)
483  SdDiskSpace2                                       isrt.obl(ISRTScriptDialogs.obs)
484  SdDlgToTop                                         isrt.obl(SDINT.obs)
485  SdDoStdButton                                      isrt.obl(SDINT.obs)
486  SdEnablement                                       isrt.obl(SDINT.obs)
487  SdError                                            isrt.obl(SDINT.obs)
488  SdFeatureTree                                      isrt.obl(ISRTScriptDialogs.obs)
489  SdFilesInUse                                       isrt.obl(ISRTScriptDialogs.obs)
490  SdFinish                                           isrt.obl(ISRTScriptDialogs.obs)
491  SdFinishEx                                         isrt.obl(ISRTScriptDialogs.obs)
492  SdFinishReboot                                     isrt.obl(ISRTScriptDialogs.obs)
493  SdGeneralInit                                      isrt.obl(SDINT.obs)
494  SdInit                                             isrt.obl(SDINT.obs)
495  SdIsStdButton                                      isrt.obl(SDINT.obs)
496  SdLicense2                                         isrt.obl(ISRTScriptDialogs.obs)
497  SdLicense2Ex                                       isrt.obl(ISRTScriptDialogs.obs)
498  SdLoadString                                       isrt.obl(SDINT.obs)
499  SdMakeName                                         isrt.obl(SDINT.obs)
500  SdPatchWelcome                                     isrt.obl(ISRTScriptDialogs.obs)
501  SdPlugInProductName                                isrt.obl(SDINT.obs)
502  SdRMFilesInUse                                     isrt.obl(ISRTScriptDialogs.obs)
503  SdSetDlgTitle                                      isrt.obl(SDINT.obs)
504  SdSetStatic                                        isrt.obl(SDINT.obs)
505  SdSetupCompleteError                               isrt.obl(ISRTScriptDialogs.obs)
506  SdShowMsg                                          isrt.obl(ISRTScriptDialogsPriv.obs)
507  SdSubstituteProductInfo                            isrt.obl(SDINT.obs)
508  SdUnInit                                           isrt.obl(SDINT.obs)
509  SdWelcome                                          isrt.obl(ISRTScriptDialogs.obs)
510  SdWelcomeMaint                                     isrt.obl(ISRTScriptDialogs.obs)
511  SelectDir                                          isrt.obl(ISRTScriptDialogsPriv.obs)
512  SelectDirNoLog                                     isrt.obl(ISRTScriptDialogsPriv.obs)
513  SendMessage                                        isrt.obl(Misc.obs)
514  ServiceInitParams                                  isrt.obl(Service.obs)
515  SetCmdLine                                         isrt.obl(SysVars.obs)
516  SetDisplayEffect                                   isrt.obl(ui.obs)
517  SetExtendedErrInfo                                 isrt.obl(IsUtil.obs)
518  SetGlobalVars                                      iswi.obl(ISWiInit.obs)
519  SetInstallationInfo                                isrt.obl(Registry.obs)
520  SetMifInformationOnly                              isrt.obl(Registry.obs)
521  SetStatusExStaticText                              isrt.obl(ui.obs)
522  SetStatusWindow                                    isrt.obl(ui.obs)
523  SetTitle                                           isrt.obl(ui.obs)
524  SetupTraceWrite                                    isrt.obl(Misc.obs)
525  Shell32.ShellExecuteEx                             Setup.obs
526  SilentDoGeneralInfo                                isrt.obl(Silent.obs)
527  SilentFailed                                       isrt.obl(Silent.obs)
528  SilentFinish                                       isrt.obl(Silent.obs)
529  SilentInit                                         isrt.obl(Silent.obs)
530  SilentReadData                                     isrt.obl(Silent.obs)
531  SilentSetInfo                                      isrt.obl(Silent.obs)
532  SilentSetMode                                      isrt.obl(Silent.obs)
533  SilentWriteData                                    isrt.obl(Silent.obs)
534  Sprintf                                            isrt.obl(Str.obs)
535  SprintfBox                                         isrt.obl(ISRTScriptDialogsPriv.obs)
536  SprintfMsiLog                                      iswi.obl(HelperFuncs.obs)
537  StatusUpdate                                       isrt.obl(ui.obs)
538  StrAddLastSlash                                    isrt.obl(Str.obs)
539  StrConvertSizeUnit                                 isrt.obl(Str.obs)
540  StrDelete                                          iswi.obl(HelperFuncs.obs)
541  StrFindEx                                          isrt.obl(Str.obs)
542  StrGetTokens                                       isrt.obl(Str.obs)
543  StrLength                                          isrt.obl(Str.obs)
544  StrParseMSIMessage                                 isrt.obl(Str.obs)
545  StrRemoveLastSlash                                 isrt.obl(Str.obs)
546  StrReplace                                         isrt.obl(Str.obs)
547  StrToNumHex                                        isrt.obl(Str.obs)
548  StrToUpper                                         isrt.obl(Str.obs)
549  StrTrim                                            isrt.obl(Str.obs)
550  SysVarsInit                                        isrt.obl(SysVars.obs)
551  SysVarsInitConv                                    iswi.obl(SysVarsConv.obs)
552  SysVarsTrace                                       isrt.obl(SysVars.obs)
553  SysVarsUnInit                                      iswi.obl(SysVarsConv.obs)
554  System                                             isrt.obl(Misc.obs)
555  SystemRestoreCancelRestorePointIS                  isrt.obl(PCRestore.obs)
556  SystemRestoreCloseRestorePointIS                   isrt.obl(PCRestore.obs)
557  SystemRestoreDisableIS                             isrt.obl(PCRestore.obs)
558  SystemRestoreIsEnabledIS                           isrt.obl(PCRestore.obs)
559  SystemRestoreOpenRestorePointIS                    isrt.obl(PCRestore.obs)
560  TextSubGetValue                                    isrt.obl(TextSub.obs)
561  TextSubParseTextSub                                isrt.obl(TextSub.obs)
562  TextSubSetValue                                    isrt.obl(TextSub.obs)
563  TreeViewCreate                                     isrt.obl(CmptView.obs)
564  USER.EnableWindow                                  Setup.obs
565  USER.GetClassName                                  Setup.obs
566  USER.GetDC                                         Setup.obs
567  USER.GetDlgItem                                    Setup.obs
568  USER.GetFocus                                      Setup.obs
569  USER.GetWindowLong                                 Setup.obs
570  USER.GetWindowRect                                 Setup.obs
571  USER.IsIconic                                      Setup.obs
572  USER.IsWindow                                      Setup.obs
573  USER.ReleaseDC                                     Setup.obs
574  USER.SendMessageA                                  Setup.obs
575  USER.SetFocus                                      Setup.obs
576  USER.SetWindowPos                                  Setup.obs
577  USER.SetWindowText                                 Setup.obs
578  USER.ShowWindow                                    Setup.obs
579  USER32.CharUpperBuffA                              Setup.obs
580  USER32.DestroyWindow                               Setup.obs
581  USER32.GetDesktopWindow                            Setup.obs
582  USER32.GetSystemMetrics                            Setup.obs
583  USER32.GetWindowText                               Setup.obs
584  USER32.GetWindowTextLength                         Setup.obs
585  USER32.IsWindowVisible                             Setup.obs
586  USER32.MessageBoxA                                 Setup.obs
587  USER32.MsgWaitForMultipleObjects                   Setup.obs
588  USER32.PeekMessageA                                Setup.obs
589  USER32.SendMessageA                                Setup.obs
590  USER32.SetForegroundWindow                         Setup.obs
591  USER32.SetWindowLong                               Setup.obs
592  USER32.SetWindowRgn                                Setup.obs
593  USER32.WaitForInputIdle                            Setup.obs
594  UninstallApplication                               isrt.obl(Extend.obs)
595  UpdateDirectoryPathForIsMsiEeui                    iswi.obl(HelperFuncs.obs)
596  UpdateServiceEnableUpdateService                   isrt.obl(ISUpdateService.obs)
597  User32.LoadStringA                                 iswi.obl(ComponentConv.obs)
598  VarInit                                            isrt.obl(SysVars.obs)
599  VarRestore                                         iswi.obl(SysVarsConv.obs)
600  VarRestoreISRT                                     isrt.obl(SysVars.obs)
601  VarSave                                            iswi.obl(SysVarsConv.obs)
602  VarSaveISRT                                        isrt.obl(SysVars.obs)
603  VerCompare                                         isrt.obl(version.obs)
604  VerProductGetInstalledVersion                      isrt.obl(version.obs)
605  VerProductNumToStr                                 isrt.obl(version.obs)
606  VerProductVerPartsFromVer                          isrt.obl(version.obs)
607  WaitForApplication                                 isrt.obl(Extend.obs)
608  WaitOnDialog                                       isrt.obl(CustomDialog.obs)
609  WriteLine                                          isrt.obl(Files.obs)
610  XCopyFile                                          isrt.obl(Files.obs)
611  __AddStringToArray                                 iswi.obl(HelperFuncs.obs)
612  __Begin                                            iswi.obl(DriverConv.obs)
613  __ComponentListItemsEx                             iswi.obl(CompHelperFuncs.obs)
614  __ComponentListItemsExInstall                      iswi.obl(CompHelperFuncs.obs)
615  __ComponentListItemsExUnInstall                    iswi.obl(CompHelperFuncs.obs)
616  __ComponentMoveXferData                            iswi.obl(CompHelperFuncs.obs)
617  __End                                              iswi.obl(DriverConv.obs)
618  __GetCommonAppDataFolder                           iswi.obl(SysVarsConv.obs)
619  __GetFinishMode                                    iswi.obl(ISWiInit.obs)
620  __GetMsiHandle                                     iswi.obl(SysVarsConv.obs)
621  __GetSourceDir                                     iswi.obl(SysVarsConv.obs)
622  __HandleError                                      iswi.obl(ErrHandler.obs)
623  __ISRTDoExit                                       isrt.obl(Misc.obs)
624  __ISRTInit                                         isrt.obl(ISRTInit.obs)
625  __ISRTRestoreMainLog                               isrt.obl(ISRTInit.obs)
626  __ISRTRestoreMainLogEx                             isrt.obl(ISRTInit.obs)
627  __ISRTSetComponentLog                              isrt.obl(ISRTInit.obs)
628  __ISRTUnInit                                       isrt.obl(ISRTInit.obs)
629  __ISWIInit                                         iswi.obl(ISWiInit.obs)
630  __ISWIMsiHandle                                    iswi.obl(ISWiInit.obs)
631  __ISWIUnInit                                       iswi.obl(ISWiInit.obs)
632  __IsArrayEmpty                                     iswi.obl(HelperFuncs.obs)
633  __LoadIScriptString                                isrt.obl(LoadStr.obs)
634  __Moved                                            iswi.obl(FileTransferFuncsConv.obs)
635  __Moving                                           iswi.obl(FileTransferFuncsConv.obs)
636  __MsiOpenView                                      iswi.obl(CompHelperFuncs.obs)
637  __MsiQueryFeatureState                             iswi.obl(MsiWrappersConv.obs)
638  __MsiRecordGetString                               iswi.obl(MsiWrappersConv.obs)
639  __OnAbort                                          iswi.obl(DriverConv.obs)
640  __OnAdminPatch                                     iswi.obl(DriverConv.obs)
641  __OnAdministrativeInstall                          iswi.obl(DriverConv.obs)
642  __OnAdvertisement                                  iswi.obl(DriverConv.obs)
643  __OnBegin                                          iswi.obl(DriverConv.obs)
644  __OnCanceling                                      iswi.obl(DriverConv.obs)
645  __OnEnd                                            iswi.obl(DriverConv.obs)
646  __OnError                                          iswi.obl(DriverConv.obs)
647  __OnMsiMaintenance                                 iswi.obl(DriverConv.obs)
648  __OnMsiRebooted                                    iswi.obl(DriverConv.obs)
649  __OnMsiSilentInstall                               iswi.obl(DriverConv.obs)
650  __OnMsiUninstall                                   iswi.obl(DriverConv.obs)
651  __OnPatch                                          iswi.obl(DriverConv.obs)
652  __OnResume                                         iswi.obl(DriverConv.obs)
653  __OnWarning                                        iswi.obl(DriverConv.obs)
654  __ResetMsiObject                                   iswi.obl(ISWiInit.obs)
655  __SetMaintenance                                   iswi.obl(ISWiInit.obs)
656  __SetMsiHandle                                     iswi.obl(SysVarsConv.obs)
657  __SetMsiServer                                     iswi.obl(ISWiInit.obs)
658  __SetPatch                                         iswi.obl(SysVarsConv.obs)
659  __SetSourceDir                                     iswi.obl(SysVarsConv.obs)
660  isrt._ComponentGetData                             iswi.obl(ComponentConv.obs)
661  isrt._ComponentIsItemSelected                      iswi.obl(ComponentConv.obs)
662  isrt._ComponentListItems                           iswi.obl(ComponentConv.obs)
663  isrt._ComponentReinstall                           iswi.obl(ComponentConv.obs)
664  isrt._ComponentRemoveAll                           iswi.obl(ComponentConv.obs)
665  isrt._ComponentSelectItem                          iswi.obl(ComponentConv.obs)
666  isrt._EnableDialogCache                            iswi.obl(ISWiInit.obs)
667  msi.MsiCloseHandle                                 iswi.obl(RedirectedMsiFuncsConv.obs)
668  msi.MsiCreateRecord                                iswi.obl(RedirectedMsiFuncsConv.obs)
669  msi.MsiDatabaseOpenViewA                           Setup.obs
670  msi.MsiDoActionA                                   Setup.obs
671  msi.MsiGetActiveDatabase                           iswi.obl(RedirectedMsiFuncsConv.obs)
672  msi.MsiGetMode                                     iswi.obl(RedirectedMsiFuncsConv.obs)
673  msi.MsiGetProductInfoA                             Setup.obs
674  msi.MsiGetPropertyA                                Setup.obs
675  msi.MsiGetSourcePathA                              Setup.obs
676  msi.MsiGetTargetPathA                              Setup.obs
677  msi.MsiProcessMessage                              iswi.obl(RedirectedMsiFuncsConv.obs)
678  msi.MsiQueryFeatureStateA                          Setup.obs
679  msi.MsiRecordGetInteger                            iswi.obl(RedirectedMsiFuncsConv.obs)
680  msi.MsiRecordGetStringA                            Setup.obs
681  msi.MsiRecordSetStringA                            Setup.obs
682  msi.MsiSetPropertyA                                Setup.obs
683  msi.MsiSetTargetPathA                              Setup.obs
684  msi.MsiViewExecute                                 iswi.obl(RedirectedMsiFuncsConv.obs)
685  msi.MsiViewFetch                                   iswi.obl(RedirectedMsiFuncsConv.obs)
686  program                                            iswi.obl(DriverConv.obs)
687  sfc.SRSetRestorePoint                              Setup.obs


***** External Variables *****
1    ADDREMOVE                                          iswi.obl(SysVarsConv.obs)
2    ADDREMOVE_COMBINEDBUTTON                           Setup.obs
3    ADDREMOVE_HIDECHANGEOPTION                         Setup.obs
4    ADDREMOVE_HIDEREMOVEOPTION                         Setup.obs
5    ADDREMOVE_HIDEREPAIROPTION                         Setup.obs
6    ADDREMOVE_STRING_REMOVEONLY                        Setup.obs
7    ADDREMOVE_SYSTEMCOMPONENT                          Setup.obs
8    ADMINUSER                                          Setup.obs
9    ALLUSERS                                           Setup.obs
10   AdminToolsFolder                                   iswi.obl(DebugSymbolsConv.obs)
11   AppDataFolder                                      iswi.obl(DebugSymbolsConv.obs)
12   BASICMSI                                           iswi.obl(SysVarsConv.obs)
13   BATCH_INSTALL                                      Setup.obs
14   CMDLINE                                            iswi.obl(SysVarsConv.obs)
15   COMMONFILES                                        iswi.obl(SysVarsConv.obs)
16   COMMONFILES64                                      iswi.obl(SysVarsConv.obs)
17   CommonAppDataFolder                                iswi.obl(DebugSymbolsConv.obs)
18   CommonFiles64Folder                                iswi.obl(DebugSymbolsConv.obs)
19   CommonFilesFolder                                  iswi.obl(DebugSymbolsConv.obs)
20   DISABLE_ALLUSERBTN                                 Setup.obs
21   DISABLE_PERUSERBTN                                 Setup.obs
22   DISK1SETUPEXENAME                                  iswi.obl(SysVarsConv.obs)
23   DISK1TARGET                                        Setup.obs
24   DesktopFolder                                      iswi.obl(DebugSymbolsConv.obs)
25   ENABLED_ISERVICES                                  iswi.obl(SysVarsConv.obs)
26   ENGINECOMMONDIR                                    iswi.obl(SysVarsConv.obs)
27   ENGINEDIR                                          iswi.obl(SysVarsConv.obs)
28   ERRORFILENAME                                      Setup.obs
29   ERRORINFO                                          iswi.obl(ComponentConv.obs)
30   Err                                                Setup.obs
31   FEATURE                                            iswi.obl(ComponentConv.obs)
32   FILEERROR                                          iswi.obl(ComponentConv.obs)
33   FILETIME                                           Setup.obs
34   FIND_DATA                                          Setup.obs
35   FOLDER_APPDATA                                     iswi.obl(SysVarsConv.obs)
36   FOLDER_COMMON_APPDATA                              iswi.obl(SysVarsConv.obs)
37   FOLDER_DESKTOP                                     iswi.obl(SysVarsConv.obs)
38   FOLDER_DOTNET_10                                   iswi.obl(SysVarsConv.obs)
39   FOLDER_DOTNET_11                                   iswi.obl(SysVarsConv.obs)
40   FOLDER_DOTNET_20                                   iswi.obl(SysVarsConv.obs)
41   FOLDER_DOTNET_30                                   iswi.obl(SysVarsConv.obs)
42   FOLDER_DOTNET_35                                   iswi.obl(SysVarsConv.obs)
43   FOLDER_FONTS                                       iswi.obl(SysVarsConv.obs)
44   FOLDER_LOCAL_APPDATA                               iswi.obl(SysVarsConv.obs)
45   FOLDER_PERSONAL                                    iswi.obl(SysVarsConv.obs)
46   FOLDER_PROGRAMS                                    iswi.obl(SysVarsConv.obs)
47   FOLDER_STARTMENU                                   iswi.obl(SysVarsConv.obs)
48   FOLDER_STARTUP                                     iswi.obl(SysVarsConv.obs)
49   FOLDER_TEMP                                        iswi.obl(SysVarsConv.obs)
50   FavoritesFolder                                    iswi.obl(DebugSymbolsConv.obs)
51   FileRegistrar                                      Setup.obs
52   FontsFolder                                        iswi.obl(DebugSymbolsConv.obs)
53   HIDE_DISABLED_BTNS                                 Setup.obs
54   HKEYCURRENTROOTKEY                                 Setup.obs
55   IFX_COMPANY_NAME                                   Setup.obs
56   IFX_INSTALLED_DISPLAY_VERSION                      Setup.obs
57   IFX_INSTALLED_VERSION                              Setup.obs
58   IFX_KEYPATH_PRODUCT_INFO                           Setup.obs
59   IFX_MULTI_INSTANCE_SUFFIX                          Setup.obs
60   IFX_NETAPI_GROUP                                   Setup.obs
61   IFX_NETAPI_PASSWORD                                Setup.obs
62   IFX_NETAPI_USER_ACCOUNT                            Setup.obs
63   IFX_OPEN_RESTORE_POINT                             isrt.obl(PCRestore.obs)
64   IFX_PRODUCT_COMMENTS                               Setup.obs
65   IFX_PRODUCT_DISPLAY_NAME                           Setup.obs
66   IFX_PRODUCT_DISPLAY_VERSION                        Setup.obs
67   IFX_PRODUCT_ICON                                   Setup.obs
68   IFX_PRODUCT_KEY                                    Setup.obs
69   IFX_PRODUCT_NAME                                   Setup.obs
70   IFX_PRODUCT_README                                 Setup.obs
71   IFX_PRODUCT_REGISTEREDCOMPANY                      Setup.obs
72   IFX_PRODUCT_REGISTEREDOWNER                        Setup.obs
73   IFX_PRODUCT_REGISTEREDSERIALNUM                    Setup.obs
74   IFX_PRODUCT_SUPPORT_CONTACT                        Setup.obs
75   IFX_PRODUCT_SUPPORT_PHONE                          Setup.obs
76   IFX_PRODUCT_SUPPORT_URL                            Setup.obs
77   IFX_PRODUCT_UPDATE_URL                             Setup.obs
78   IFX_PRODUCT_URL                                    Setup.obs
79   IFX_PRODUCT_VERSION                                Setup.obs
80   IFX_RESTORE_DISABLED                               isrt.obl(PCRestore.obs)
81   IFX_SETUP_TITLE                                    Setup.obs
82   IFX_SUPPORTED_VERSIONS                             Setup.obs
83   IISROOTFOLDER                                      iswi.obl(SysVarsConv.obs)
84   INSTALLDIR                                         Setup.obs
85   INSTALLSCRIPTMSI                                   iswi.obl(SysVarsConv.obs)
86   INSTALLSCRIPTMSIEEUI                               iswi.obl(SysVarsConv.obs)
87   INSTANCE_GUID                                      iswi.obl(SysVarsConv.obs)
88   ISDIFXAPPID                                        Setup.obs
89   ISMSI_HANDLE                                       iswi.obl(DebugSymbolsConv.obs)
90   ISRES                                              iswi.obl(SysVarsConv.obs)
91   ISUSER                                             iswi.obl(SysVarsConv.obs)
92   ISUTIL_FUNCTION_ACTUAL_ERROR                       Setup.obs
93   ISUTIL_FUNCTION_ERROR                              iswi.obl(CompHelperFuncs.obs)
94   ISUTIL_LINE_NUMBER                                 Setup.obs
95   ISUTIL_POSITIVE_ERROR                              iswi.obl(CompHelperFuncs.obs)
96   ISUTIL_SCRIPT_FILE                                 Setup.obs
97   ISVERSION                                          iswi.obl(SysVarsConv.obs)
98   IS_NULLSTR_PTR                                     Setup.obs
99   LAAW_PARAMETERS                                    Setup.obs
100  LAAW_PROCESS_INFORMATION                           Setup.obs
101  LAAW_SHELLEXECUTEINFO                              Setup.obs
102  LAAW_SHELLEXECUTEVERB                              Setup.obs
103  LAAW_STARTUPINFO                                   Setup.obs
104  LAST_RESULT                                        Setup.obs
105  LVITEM                                             Setup.obs
106  LV_COLUMN                                          Setup.obs
107  LocalAppDataFolder                                 iswi.obl(DebugSymbolsConv.obs)
108  LogDB                                              Setup.obs
109  MAINTENANCE                                        iswi.obl(SysVarsConv.obs)
110  MAINT_OPTION                                       iswi.obl(SysVarsConv.obs)
111  MEDIA                                              Setup.obs
112  MEDIA_INFO                                         iswi.obl(FeatureConv.obs)
113  MODE                                               Setup.obs
114  MSG                                                Setup.obs
115  MULTI_INSTANCE_COUNT                               iswi.obl(SysVarsConv.obs)
116  MainWindow                                         Setup.obs
117  MyPicturesFolder                                   iswi.obl(DebugSymbolsConv.obs)
118  NOTHING                                            Setup.obs
119  NetHoodFolder                                      iswi.obl(DebugSymbolsConv.obs)
120  OSINFO_PLATFORM_INFO                               Setup.obs
121  OSINFO_PROCESSOR_INFO                              Setup.obs
122  OSVERSIONINFO                                      Setup.obs
123  OSVERSIONINFOEX                                    Setup.obs
124  Objects                                            Setup.obs
125  OriginalDatabase                                   iswi.obl(DebugSymbolsConv.obs)
126  PACKAGE_LOCATION                                   iswi.obl(SysVarsConv.obs)
127  PATCH                                              iswi.obl(DebugSymbolsConv.obs)
128  POINT                                              Setup.obs
129  PRIVILEGED                                         Setup.obs
130  PROCESS_INFORMATION                                Setup.obs
131  PRODUCT_GUID                                       iswi.obl(SysVarsConv.obs)
132  PROGRAMFILES                                       iswi.obl(SysVarsConv.obs)
133  PROGRAMFILES64                                     iswi.obl(SysVarsConv.obs)
134  PersonalFolder                                     iswi.obl(DebugSymbolsConv.obs)
135  PrintHoodFolder                                    iswi.obl(DebugSymbolsConv.obs)
136  ProgramFiles64Folder                               iswi.obl(DebugSymbolsConv.obs)
137  ProgramFilesFolder                                 iswi.obl(DebugSymbolsConv.obs)
138  ProgramMenuFolder                                  iswi.obl(DebugSymbolsConv.obs)
139  RECT                                               Setup.obs
140  REGDB_OPTIONS                                      Setup.obs
141  REINSTALLMODE                                      iswi.obl(SysVarsConv.obs)
142  REMOVEALLMODE                                      iswi.obl(SysVarsConv.obs)
143  REMOVEONLY                                         iswi.obl(SysVarsConv.obs)
144  RUN_ONCE_PROGRAM                                   iswi.obl(SysVarsConv.obs)
145  Reboot                                             Setup.obs
146  RecentFolder                                       iswi.obl(DebugSymbolsConv.obs)
147  SELECTED_LANGUAGE                                  iswi.obl(SysVarsConv.obs)
148  SERVICE_IS_PARAMS                                  Setup.obs
149  SETUPTYPE_STR_COMPACT                              Setup.obs
150  SETUPTYPE_STR_COMPLETE                             Setup.obs
151  SETUPTYPE_STR_CUSTOM                               Setup.obs
152  SETUPTYPE_STR_TYPICAL                              Setup.obs
153  SHAREDSUPPORTDIR                                   iswi.obl(SysVarsConv.obs)
154  SHELLEXECUTEINFO                                   Setup.obs
155  SHELL_OBJECT_FOLDER                                Setup.obs
156  SHOW_PASSWORD_DIALOG                               iswi.obl(SysVarsConv.obs)
157  SRCDIR                                             Setup.obs
158  SRCDISK                                            iswi.obl(SysVarsConv.obs)
159  STANDARD_SELECTED_LANGUAGE                         iswi.obl(SysVarsConv.obs)
160  STARTUPINFO                                        Setup.obs
161  SUPPORTDIR                                         iswi.obl(SysVarsConv.obs)
162  SYSINFO                                            Setup.obs
163  SYSPROCESSORINFO                                   Setup.obs
164  SYSTEMTIME                                         Setup.obs
165  SendToFolder                                       iswi.obl(DebugSymbolsConv.obs)
166  SetupInfo                                          Setup.obs
167  SourceDir                                          iswi.obl(DebugSymbolsConv.obs)
168  StartMenuFolder                                    iswi.obl(DebugSymbolsConv.obs)
169  StartupFolder                                      iswi.obl(DebugSymbolsConv.obs)
170  StatusDlg                                          Setup.obs
171  System16Folder                                     iswi.obl(DebugSymbolsConv.obs)
172  System64Folder                                     iswi.obl(DebugSymbolsConv.obs)
173  SystemFolder                                       iswi.obl(DebugSymbolsConv.obs)
174  TARGETDIR                                          Setup.obs
175  TARGETDISK                                         iswi.obl(SysVarsConv.obs)
176  TempFolder                                         iswi.obl(DebugSymbolsConv.obs)
177  TemplateFolder                                     iswi.obl(DebugSymbolsConv.obs)
178  TextSub                                            Setup.obs
179  UNINST                                             Setup.obs
180  UNINSTALLKEY                                       Setup.obs
181  UNINSTALL_DISPLAYNAME                              Setup.obs
182  UNINSTALL_STRING                                   Setup.obs
183  UPDATEMODE                                         Setup.obs
184  WINDIR                                             iswi.obl(SysVarsConv.obs)
185  WINDISK                                            iswi.obl(SysVarsConv.obs)
186  WINSYSDIR                                          iswi.obl(SysVarsConv.obs)
187  WINSYSDIR64                                        iswi.obl(SysVarsConv.obs)
188  WINSYSDISK                                         iswi.obl(SysVarsConv.obs)
189  WindowsFolder                                      iswi.obl(DebugSymbolsConv.obs)
190  WindowsVolume                                      iswi.obl(DebugSymbolsConv.obs)
191  _INT64                                             Setup.obs
192  _LAAW_PARAMETERS                                   Setup.obs
193  _LAAW_TEMP_DATA                                    isrt.obl(Extend.obs)
194  _RESTOREPOINTINFO                                  Setup.obs
195  _SERVICE_IS_PARAMS                                 Setup.obs
196  _STATEMGRSTATUS                                    Setup.obs
197  _WIN9X                                             Setup.obs
198  _WINNT                                             Setup.obs
199  __gbAliasingOff                                    iswi.obl(CompHelperFuncs.obs)
200  __gbCheckForUpdate                                 iswi.obl(CompHelperFuncs.obs)
201  __gbGetTarget                                      iswi.obl(CompHelperFuncs.obs)
202  __gbInitialized                                    iswi.obl(CompHelperFuncs.obs)
203  __gbInstallInfo                                    Setup.obs
204  __gbMaintenance                                    iswi.obl(CompHelperFuncs.obs)
205  __gbReopening                                      iswi.obl(CompHelperFuncs.obs)
206  __ghActiveDataBase                                 iswi.obl(CompHelperFuncs.obs)
207  __ghErrFileHandle                                  iswi.obl(CompHelperFuncs.obs)
208  __ghMsiInstall                                     iswi.obl(CompHelperFuncs.obs)
209  __gnButtonSelected                                 iswi.obl(CompHelperFuncs.obs)
210  __gnLastError                                      iswi.obl(CompHelperFuncs.obs)
211  __gnMsiReturn                                      iswi.obl(CompHelperFuncs.obs)
212  __gnOSMask                                         iswi.obl(CompHelperFuncs.obs)
213  __gnScriptMode                                     iswi.obl(CompHelperFuncs.obs)
214  __goISDriver                                       iswi.obl(CompHelperFuncs.obs)
215  __goMsiServer                                      iswi.obl(CompHelperFuncs.obs)
216  __gsINSTALLDIR                                     iswi.obl(CompHelperFuncs.obs)
217  __gsProductGuid                                    iswi.obl(CompHelperFuncs.obs)
218  __gsSourceDir                                      iswi.obl(CompHelperFuncs.obs)
219  __hContext                                         iswi.obl(CompHelperFuncs.obs)
220  __objGlobalTextSub                                 Setup.obs
221  __objStringTable                                   iswi.obl(ISWiInit.obs)
222  __szGUID                                           Setup.obs
223  bBackButton                                        Setup.obs
224  bCancelButton                                      Setup.obs
225  bEnterDiskBeep                                     Setup.obs
226  bFinishButton                                      Setup.obs
227  bInstall16                                         Setup.obs
228  bNextButton                                        Setup.obs
229  bSdInit                                            Setup.obs
230  bViewCmptKunits                                    Setup.obs
231  bViewCmptUseDecimal                                Setup.obs
232  g_bSuppressMissingStringWarning                    iswi.obl(DriverConv.obs)
233  g_nDlgAskPath                                      iswi.obl(CompHelperFuncs.obs)
234  nDlgMessageBox                                     iswi.obl(CompHelperFuncs.obs)
235  nDlgSelectDir                                      iswi.obl(CompHelperFuncs.obs)
236  nDlgSprintfBox                                     iswi.obl(CompHelperFuncs.obs)
237  nSdAskDestPath                                     Setup.obs
238  nSdComponentTree                                   Setup.obs
239  nSdDiskSpaceRequirements                           Setup.obs
240  nSdFinish                                          Setup.obs
241  nSdFinishReboot                                    Setup.obs
242  nSdLicense2                                        Setup.obs
243  nSdLicense2Rtf                                     Setup.obs
244  nSdOutOfDiskSpace                                  Setup.obs
245  nSdPatchWelcome                                    Setup.obs
246  nSdWelcome                                         Setup.obs
247  nSdWelcomeMaint                                    Setup.obs
248  szAppKey                                           Setup.obs
249  szSdProduct                                        Setup.obs
250  szSdStr_NotEnoughSpace                             Setup.obs
