***** External Functions *****
1    AdminAskPath                                       iswi.obl(AdminAskPath.obs)
2    AllFeaturesDeselected                              iswi.obl(CompHelperFuncs.obs)
3    CHECK_RETURN                                       iswi.obl(ErrHandler.obs)
4    ChangeDirectory                                    isrt.obl(Files.obs)
5    CloseFile                                          isrt.obl(Files.obs)
6    CmdGetHwndDlg                                      isrt.obl(CustomDialog.obs)
7    CoCreateObject                                     isrt.obl(Misc.obs)
8    ComponentCompareSizeRequired                       isrt.obl(component.obs)
9    ComponentErrorInfo                                 isrt.obl(component.obs)
10   ComponentGetData                                   isrt.obl(component.obs)
11   ComponentGetTotalCost                              isrt.obl(component.obs)
12   ComponentIsItemSelected                            isrt.obl(component.obs)
13   ComponentListItems                                 isrt.obl(component.obs)
14   ComponentReinstall                                 isrt.obl(component.obs)
15   ComponentRemoveAll                                 isrt.obl(component.obs)
16   ComponentSaveTarget                                isrt.obl(component.obs)
17   ComponentSelectItem                                isrt.obl(component.obs)
18   ComponentTransferData                              isrt.obl(component.obs)
19   ComponentTreeInit                                  isrt.obl(Dialogs.obs)
20   CreateDir                                          isrt.obl(Files.obs)
21   CreateFile                                         isrt.obl(Files.obs)
22   CreateInstallationInfo                             isrt.obl(Registry.obs)
23   CtrlGetNotificationCode                            isrt.obl(CustomDialog.obs)
24   CtrlGetState                                       isrt.obl(CustomDialog.obs)
25   CtrlGetText                                        isrt.obl(CustomDialog.obs)
26   CtrlSelectText                                     isrt.obl(CustomDialog.obs)
27   CtrlSetList                                        isrt.obl(CustomDialog.obs)
28   CtrlSetMLEText                                     isrt.obl(CustomDialog.obs)
29   CtrlSetState                                       isrt.obl(CustomDialog.obs)
30   CtrlSetText                                        isrt.obl(CustomDialog.obs)
31   DefineDialog                                       isrt.obl(CustomDialog.obs)
32   DeleteFile                                         isrt.obl(Files.obs)
33   DeleteSingleFile                                   isrt.obl(Files.obs)
34   DialogSetDefaultFont                               isrt.obl(Dialogs.obs)
35   DialogSetFont                                      isrt.obl(Dialogs.obs)
36   DialogSetInfo                                      isrt.obl(Dialogs.obs)
37   Disable                                            isrt.obl(Enable.obs)
38   DllSizeOf                                          isrt.obl(Str.obs)
39   Do                                                 isrt.obl(Misc.obs)
40   Enable                                             isrt.obl(Enable.obs)
41   EndCurrentDialog                                   isrt.obl(Dialogs.obs)
42   EndDialog                                          isrt.obl(CustomDialog.obs)
43   ExistsDir                                          isrt.obl(Files.obs)
44   EzDefineDialog                                     isrt.obl(CustomDialog.obs)
45   FeatureCompareSizeRequired                         iswi.obl(FeatureConv.obs)
46   FeatureErrorInfo                                   iswi.obl(ComponentConv.obs)
47   FeatureFilterLanguage                              iswi.obl(ComponentConv.obs)
48   FeatureFilterOS                                    iswi.obl(ComponentConv.obs)
49   FeatureGetData                                     iswi.obl(ComponentConv.obs)
50   FeatureGetTotalCost                                iswi.obl(FeatureConv.obs)
51   FeatureIsItemSelected                              iswi.obl(ComponentConv.obs)
52   FeatureListItems                                   iswi.obl(ComponentConv.obs)
53   FeatureReinstall                                   iswi.obl(ComponentConv.obs)
54   FeatureRemoveAll                                   iswi.obl(ComponentConv.obs)
55   FeatureSaveTarget                                  iswi.obl(FeatureConv.obs)
56   FeatureSelectItem                                  iswi.obl(ComponentConv.obs)
57   FeatureTransferData                                iswi.obl(ComponentConv.obs)
58   FeaturesInstalled                                  iswi.obl(FileTransferFuncsConv.obs)
59   FeaturesInstalling                                 iswi.obl(FileTransferFuncsConv.obs)
60   FindFile                                           isrt.obl(Files.obs)
61   FindWindow                                         isrt.obl(Misc.obs)
62   FixUpCmdLine                                       iswi.obl(HelperFuncs.obs)
63   FixUpCmdLinePostReboot                             iswi.obl(HelperFuncs.obs)
64   FormatMessage                                      isrt.obl(Misc.obs)
65   GDI32.CreateRectRgn                                Setup.obs
66   GDI32.GetDeviceCaps                                Setup.obs
67   GeneratedMSIScript                                 iswi.obl(FileTransferFuncsConv.obs)
68   GeneratingMSIScript                                iswi.obl(FileTransferFuncsConv.obs)
69   GetBasicMSI                                        isrt.obl(SysVars.obs)
70   GetBillboard                                       isrt.obl(SysVars.obs)
71   GetCommonFiles                                     isrt.obl(SysVars.obs)
72   GetComponentsFeatures                              iswi.obl(CompHelperFuncs.obs)
73   GetCurrentDialogName                               isrt.obl(Dialogs.obs)
74   GetCurrentDir                                      isrt.obl(Files.obs)
75   GetDialogTitle                                     isrt.obl(Dialogs.obs)
76   GetDir                                             isrt.obl(Str.obs)
77   GetDisk                                            isrt.obl(Str.obs)
78   GetDisk1SetupExeName                               isrt.obl(SysVars.obs)
79   GetDiskSpace                                       isrt.obl(GSI.obs)
80   GetDiskSpaceEx                                     isrt.obl(GSI.obs)
81   GetEnabledIServices                                isrt.obl(SysVars.obs)
82   GetExtents                                         isrt.obl(GSI.obs)
83   GetFolderApplications                              isrt.obl(SysVars.obs)
84   GetFolderApplications64                            isrt.obl(SysVars.obs)
85   GetISRes                                           isrt.obl(SysVars.obs)
86   GetKeyPathWinCurrVerAuto                           isrt.obl(SysVars.obs)
87   GetMSIFeatureName                                  iswi.obl(CompHelperFuncs.obs)
88   GetMaintenance                                     iswi.obl(ISWiInit.obs)
89   GetMsiFeaturePath                                  iswi.obl(CompHelperFuncs.obs)
90   GetMsiNameFromAliasTable                           iswi.obl(CompHelperFuncs.obs)
91   GetOpenFileMode                                    isrt.obl(Files.obs)
92   GetPackageLocation                                 isrt.obl(SysVars.obs)
93   GetProductGUID                                     iswi.obl(ISWiInit.obs)
94   GetProfSectionKeyCount                             isrt.obl(Profile.obs)
95   GetProfString                                      isrt.obl(Profile.obs)
96   GetProfStringList                                  isrt.obl(Profile.obs)
97   GetProgramFiles                                    isrt.obl(SysVars.obs)
98   GetRemoveAllMode                                   isrt.obl(SysVars.obs)
99   GetRemoveOnly                                      isrt.obl(SysVars.obs)
100  GetSelectedLanguage                                isrt.obl(SysVars.obs)
101  GetSelectedTreeComponent                           isrt.obl(CmptView.obs)
102  GetSupportDir                                      isrt.obl(SysVars.obs)
103  GetSystemInfo                                      isrt.obl(GSI.obs)
104  GetTempFolder                                      isrt.obl(SysVars.obs)
105  GetUpdateStatus                                    iswi.obl(HelperFuncs.obs)
106  GetUpdateStatusReboot                              iswi.obl(HelperFuncs.obs)
107  GetUserSelectableAuto                              isrt.obl(SysVars.obs)
108  GetValidDrivesList                                 isrt.obl(GSI.obs)
109  GetWinDir                                          isrt.obl(SysVars.obs)
110  GetWinSysDir                                       isrt.obl(SysVars.obs)
111  GetWindowHandle                                    iswi.obl(MiscConv.obs)
112  HIWORD                                             isrt.obl(Misc.obs)
113  ISDeterminePlatform                                isrt.obl(OsInfo.obs)
114  ISMIF32.InstallStatusMIF                           isrt.obl(MIF.obs)
115  ISRT.ComponentViewSetInfoEx                        isrt.obl(Dialogs.obs)
116  ISRT.EnableHourGlass                               isrt.obl(Enable.obs)
117  ISRT.GetCPUType                                    isrt.obl(GSI.obs)
118  ISRT.GetFontSub                                    isrt.obl(Dialogs.obs)
119  ISRT.GetHandle                                     Setup.obs
120  ISRT.GetPorts                                      isrt.obl(GSI.obs)
121  ISRT.IsEmpty                                       Setup.obs
122  ISRT.IsNTAdmin                                     isrt.obl(Is.obs)
123  ISRT.IsObject                                      Setup.obs
124  ISRT.IsPowerUser                                   isrt.obl(Is.obs)
125  ISRT.LangLoadString                                isrt.obl(SDINT.obs)
126  ISRT.MessageBeepP                                  Setup.obs
127  ISRT.PathCompactPathPixel                          isrt.obl(CustomDialog.obs)
128  ISRT.PathGetDir                                    isrt.obl(Str.obs)
129  ISRT.PathGetDrive                                  isrt.obl(Str.obs)
130  ISRT.PathGetFile                                   isrt.obl(Files.obs)
131  ISRT.PathGetFileExt                                isrt.obl(Str.obs)
132  ISRT.PathGetFileName                               isrt.obl(Str.obs)
133  ISRT.PathGetLongFromShort                          isrt.obl(Str.obs)
134  ISRT.PathGetPath                                   isrt.obl(Str.obs)
135  ISRT.PathGetSpecialFolder                          isrt.obl(SysVars.obs)
136  ISRT.PathIsValidSyntax                             isrt.obl(Is.obs)
137  ISRT._BrowseForFolder                              isrt.obl(SelectDir.obs)
138  ISRT._CloseFile                                    isrt.obl(Files.obs)
139  ISRT._CmdGetHwndDlg                                isrt.obl(CustomDialog.obs)
140  ISRT._ComponentCompareSizeRequired                 iswi.obl(FeatureConv.obs)
141  ISRT._ComponentGetTotalCost                        iswi.obl(FeatureConv.obs)
142  ISRT._ComponentGetTotalCostEx                      isrt.obl(SdComponentTreeDlg.obs)
143  ISRT._ComponentSaveTarget                          iswi.obl(FeatureConv.obs)
144  ISRT._CreateDir                                    isrt.obl(Files.obs)
145  ISRT._CreateObject                                 isrt.obl(Misc.obs)
146  ISRT._CtrlGetNotificationCode                      isrt.obl(CustomDialog.obs)
147  ISRT._CtrlSetMLERichText                           isrt.obl(CustomDialog.obs)
148  ISRT._DefineDialog                                 isrt.obl(CustomDialog.obs)
149  ISRT._DialogSetFont                                isrt.obl(Dialogs.obs)
150  ISRT._DisableStatus                                isrt.obl(Enable.obs)
151  ISRT._DoSprintf                                    iswi.obl(HelperFuncs.obs)
152  ISRT._EnableDialogCache                            isrt.obl(Enable.obs)
153  ISRT._EnablePrevDialog                             iswi.obl(AdminAskPath.obs)
154  ISRT._EnableSkins                                  isrt.obl(Enable.obs)
155  ISRT._EnableStatus                                 isrt.obl(Enable.obs)
156  ISRT._EnableWow64FsRedirection                     isrt.obl(Enable.obs)
157  ISRT._EndDialog                                    isrt.obl(CustomDialog.obs)
158  ISRT._ExistsDir                                    isrt.obl(Files.obs)
159  ISRT._ExistsFile                                   isrt.obl(Files.obs)
160  ISRT._GetCurrentDialogName                         isrt.obl(Dialogs.obs)
161  ISRT._GetDiskSpaceEx                               isrt.obl(GSI.obs)
162  ISRT._GetDiskSpaceExEx                             isrt.obl(SdComponentTreeDlg.obs)
163  ISRT._GetGlobalMemorySize                          isrt.obl(GSI.obs)
164  ISRT._GetProcessorInfo                             isrt.obl(OsInfo.obs)
165  ISRT._GetSelectedTreeComponent                     isrt.obl(CmptView.obs)
166  ISRT._GetSupportDir                                isrt.obl(SysVars.obs)
167  ISRT._IsFontTypefaceNameAvailable                  isrt.obl(Is.obs)
168  ISRT._IsSkinLoaded                                 isrt.obl(Is.obs)
169  ISRT._IsWindowsME                                  isrt.obl(GSI.obs)
170  ISRT._IsWow64                                      isrt.obl(OsInfo.obs)
171  ISRT._ListAddItem                                  isrt.obl(scrlist.obs)
172  ISRT._ListAddString                                isrt.obl(scrlist.obs)
173  ISRT._ListCount                                    isrt.obl(scrlist.obs)
174  ISRT._ListCreate                                   isrt.obl(scrlist.obs)
175  ISRT._ListCurrentString                            isrt.obl(scrlist.obs)
176  ISRT._ListDeleteItem                               isrt.obl(scrlist.obs)
177  ISRT._ListDeleteString                             isrt.obl(scrlist.obs)
178  ISRT._ListDestroy                                  isrt.obl(scrlist.obs)
179  ISRT._ListFindString                               isrt.obl(scrlist.obs)
180  ISRT._ListGetFirstItem                             isrt.obl(scrlist.obs)
181  ISRT._ListGetFirstString                           isrt.obl(scrlist.obs)
182  ISRT._ListGetNextItem                              isrt.obl(scrlist.obs)
183  ISRT._ListGetNextString                            isrt.obl(scrlist.obs)
184  ISRT._ListGetType                                  isrt.obl(scrlist.obs)
185  ISRT._ListReadFromFile                             isrt.obl(scrlist.obs)
186  ISRT._ListSetIndex                                 isrt.obl(scrlist.obs)
187  ISRT._MediaGetInfo                                 iswi.obl(FeatureConv.obs)
188  ISRT._OpenFile                                     isrt.obl(Files.obs)
189  ISRT._Preprogram                                   Setup.obs
190  ISRT._PrintFile                                    isrt.obl(Files.obs)
191  ISRT._RegCreateKey                                 isrt.obl(Registry.obs)
192  ISRT._RegEnableTextSubs                            isrt.obl(Enable.obs)
193  ISRT._RegEnum                                      isrt.obl(Registry.obs)
194  ISRT._RegExistsKey                                 isrt.obl(Registry.obs)
195  ISRT._RegGetOptions                                isrt.obl(SysVars.obs)
196  ISRT._RegIsRemoteRegConnected                      isrt.obl(Is.obs)
197  ISRT._RegQueryKeyBinaryValue                       isrt.obl(Registry.obs)
198  ISRT._RegQueryKeyValue                             isrt.obl(Registry.obs)
199  ISRT._RegSetKeyBinaryValue                         isrt.obl(Registry.obs)
200  ISRT._RegSetKeyValue                               isrt.obl(Registry.obs)
201  ISRT._RegSetOptions                                isrt.obl(SysVars.obs)
202  ISRT._ReleaseDialog                                isrt.obl(CustomDialog.obs)
203  ISRT._SdShowMsg                                    isrt.obl(SDSMSG.obs)
204  ISRT._SetAltMainImage                              isrt.obl(Dialogs.obs)
205  ISRT._SetDisplayEffect                             isrt.obl(ui.obs)
206  ISRT._SetSilentSdShowMsg                           isrt.obl(Enable.obs)
207  ISRT._SetTitle                                     isrt.obl(ui.obs)
208  ISRT._SetupTraceWrite                              isrt.obl(Misc.obs)
209  ISRT._TreeViewCreate                               isrt.obl(CmptView.obs)
210  ISRT._WaitOnDialog                                 isrt.obl(CustomDialog.obs)
211  ISRT._WriteLine                                    isrt.obl(Files.obs)
212  ISRT.__CreateObjectContext                         isrt.obl(ISRTInit.obs)
213  ISRT.__GetCmdLineOptions                           isrt.obl(ISRTInit.obs)
214  ISRT.__GetContextGUID                              isrt.obl(ISRTInit.obs)
215  ISRT.__GetEnabledIServices                         isrt.obl(SysVars.obs)
216  ISRT.__GetFileRegistrar                            isrt.obl(ISRTInit.obs)
217  ISRT.__GetISMSIStringTableObj                      iswi.obl(ISWiInit.obs)
218  ISRT.__GetInfo                                     isrt.obl(ISRTInit.obs)
219  ISRT.__GetInstallGuid                              isrt.obl(SysVars.obs)
220  ISRT.__GetLogDB                                    isrt.obl(ISRTInit.obs)
221  ISRT.__GetMainWindow                               Setup.obs
222  ISRT.__GetMaintOption                              isrt.obl(SysVars.obs)
223  ISRT.__GetMaintenanceMode                          isrt.obl(SysVars.obs)
224  ISRT.__GetObjects                                  isrt.obl(ISRTInit.obs)
225  ISRT.__GetProductGuid                              isrt.obl(SysVars.obs)
226  ISRT.__GetProgress                                 Setup.obs
227  ISRT.__GetReboot                                   isrt.obl(ISRTInit.obs)
228  ISRT.__GetRemoveAllMode                            isrt.obl(SysVars.obs)
229  ISRT.__GetTextSub                                  isrt.obl(ISRTInit.obs)
230  ISRT.__GetUpdateMode                               isrt.obl(SysVars.obs)
231  ISRT.__PutEnabledIServices                         isrt.obl(Enable.obs)
232  ISRT.__ReleaseObjectContext                        isrt.obl(ISRTInit.obs)
233  ISRT.__RestoreMainLog                              isrt.obl(ISRTInit.obs)
234  ISRT.__RestoreMainLogEx                            isrt.obl(ISRTInit.obs)
235  ISRT.__SetComponentLog                             isrt.obl(ISRTInit.obs)
236  ISRT.__SetUpdateMode                               isrt.obl(SysVars.obs)
237  ISRTHandleScriptException                          isrt.obl(Misc.obs)
238  ISRTPreprogram                                     isrt.obl(Driver.obs)
239  ISWIOnAppSearch                                    iswi.obl(DriverConv.obs)
240  ISWIOnCCPSearch                                    iswi.obl(DriverConv.obs)
241  ISWIOnExitInstall                                  iswi.obl(DriverConv.obs)
242  ISWIOnFirstUIAfter                                 iswi.obl(DriverConv.obs)
243  ISWIOnFirstUIBefore                                iswi.obl(DriverConv.obs)
244  ISWIOnInitInstall                                  iswi.obl(DriverConv.obs)
245  ISWIOnMaintUIAfter                                 iswi.obl(DriverConv.obs)
246  ISWIOnMaintUIBefore                                iswi.obl(DriverConv.obs)
247  ISWIOnMoveData                                     iswi.obl(DriverConv.obs)
248  ISWIOnResumeUIAfter                                iswi.obl(DriverConv.obs)
249  ISWIOnResumeUIBefore                               iswi.obl(DriverConv.obs)
250  ISWIPCRestoreAfter                                 iswi.obl(DriverConv.obs)
251  ISWIPCRestoreBefore                                iswi.obl(DriverConv.obs)
252  ISWIPostprogram                                    iswi.obl(DriverConv.obs)
253  ISWIPreprogram                                     iswi.obl(DriverConv.obs)
254  InstallFilesActionAfter                            iswi.obl(FileTransferFuncsConv.obs)
255  InstallFilesActionBefore                           iswi.obl(FileTransferFuncsConv.obs)
256  Is                                                 isrt.obl(Is.obs)
257  IsTestSetup                                        iswi.obl(HelperFuncs.obs)
258  KERNEL.GetModuleHandle                             Setup.obs
259  KERNEL32.CloseHandle                               Setup.obs
260  KERNEL32.CreateFileA                               Setup.obs
261  KERNEL32.CreateProcess                             Setup.obs
262  KERNEL32.DeleteFileA                               Setup.obs
263  KERNEL32.FindClose                                 Setup.obs
264  KERNEL32.FindFirstFileA                            Setup.obs
265  KERNEL32.FindNextFileA                             Setup.obs
266  KERNEL32.FormatMessageA                            Setup.obs
267  KERNEL32.FreeLibrary                               Setup.obs
268  KERNEL32.GetCurrentDirectoryA                      Setup.obs
269  KERNEL32.GetDriveType                              Setup.obs
270  KERNEL32.GetExitCodeProcess                        Setup.obs
271  KERNEL32.GetFileAttributesA                        Setup.obs
272  KERNEL32.GetLocalTime                              Setup.obs
273  KERNEL32.GetLocaleInfo                             Setup.obs
274  KERNEL32.GetPrivateProfileSectionA                 Setup.obs
275  KERNEL32.GetPrivateProfileString                   Setup.obs
276  KERNEL32.GetPrivateProfileStringA                  Setup.obs
277  KERNEL32.GetProcAddress                            Setup.obs
278  KERNEL32.GetProfileStringA                         Setup.obs
279  KERNEL32.GetShortPathNameA                         Setup.obs
280  KERNEL32.GetSystemDefaultLCID                      Setup.obs
281  KERNEL32.GetSystemDefaultLangID                    Setup.obs
282  KERNEL32.GetSystemDefaultUILanguage                Setup.obs
283  KERNEL32.GetTickCount                              Setup.obs
284  KERNEL32.GetUserDefaultLangID                      Setup.obs
285  KERNEL32.GetVersion                                Setup.obs
286  KERNEL32.GetVersionEx                              Setup.obs
287  KERNEL32.GetVolumeInformation                      Setup.obs
288  KERNEL32.GetWindowsDirectory                       Setup.obs
289  KERNEL32.LoadLibraryA                              Setup.obs
290  KERNEL32.SetCurrentDirectoryA                      Setup.obs
291  KERNEL32.SetFileAttributesA                        Setup.obs
292  KERNEL32.WritePrivateProfileString                 Setup.obs
293  KERNEL32.lstrlen                                   Setup.obs
294  Kernel32.GetModuleHandleA                          iswi.obl(ComponentConv.obs)
295  LOWORD                                             isrt.obl(Misc.obs)
296  LaunchAgent                                        iswi.obl(HelperFuncs.obs)
297  LaunchApp                                          isrt.obl(Extend.obs)
298  LaunchAppAndWait                                   isrt.obl(Extend.obs)
299  LaunchAppAndWaitInitStartupInfo                    isrt.obl(Extend.obs)
300  ListAddItem                                        isrt.obl(scrlist.obs)
301  ListAddString                                      isrt.obl(scrlist.obs)
302  ListCount                                          isrt.obl(scrlist.obs)
303  ListCreate                                         isrt.obl(scrlist.obs)
304  ListCurrentString                                  isrt.obl(scrlist.obs)
305  ListDeleteItem                                     isrt.obl(scrlist.obs)
306  ListDeleteString                                   isrt.obl(scrlist.obs)
307  ListDestroy                                        isrt.obl(scrlist.obs)
308  ListFindString                                     isrt.obl(scrlist.obs)
309  ListGetFirstItem                                   isrt.obl(scrlist.obs)
310  ListGetFirstString                                 isrt.obl(scrlist.obs)
311  ListGetLastString                                  iswi.obl(CompHelperFuncs.obs)
312  ListGetNextItem                                    isrt.obl(scrlist.obs)
313  ListGetNextString                                  isrt.obl(scrlist.obs)
314  ListGetType                                        isrt.obl(scrlist.obs)
315  ListReadFromFile                                   isrt.obl(scrlist.obs)
316  ListSetIndex                                       isrt.obl(scrlist.obs)
317  ListValid                                          isrt.obl(scrlist.obs)
318  ListValidType                                      isrt.obl(scrlist.obs)
319  LoadStringFromStringTable                          iswi.obl(ISWiInit.obs)
320  LongPathFromShortPath                              isrt.obl(Str.obs)
321  LongPathToQuote                                    isrt.obl(Str.obs)
322  LongPathToShortPath                                isrt.obl(Str.obs)
323  MAKELONG                                           isrt.obl(Misc.obs)
324  MIFCreateMIFFile                                   isrt.obl(MIF.obs)
325  MIFDeleteMIFFile                                   isrt.obl(MIF.obs)
326  MIFInitialize                                      isrt.obl(MIF.obs)
327  MIFSetInformation                                  isrt.obl(MIF.obs)
328  MIFUnInitialize                                    isrt.obl(MIF.obs)
329  MIFWasSetInformationCalled                         isrt.obl(MIF.obs)
330  MediaGetDataEx                                     iswi.obl(FeatureConv.obs)
331  MessageBeep                                        isrt.obl(Misc.obs)
332  MessageBox                                         isrt.obl(MsgBox.obs)
333  MessageBoxEx                                       isrt.obl(MsgBox.obs)
334  Moved                                              iswi.obl(FileTransferFuncsConv.obs)
335  Moving                                             iswi.obl(FileTransferFuncsConv.obs)
336  MsiCloseHandle                                     iswi.obl(MsiFuncsConv.obs)
337  MsiCreateRecord                                    iswi.obl(MsiFuncsConv.obs)
338  MsiDatabaseOpenView                                iswi.obl(MsiFuncsConv.obs)
339  MsiDoAction                                        iswi.obl(MsiFuncsConv.obs)
340  MsiGetActiveDatabase                               iswi.obl(MsiFuncsConv.obs)
341  MsiGetProperty                                     iswi.obl(MsiFuncsConv.obs)
342  MsiGetPropertyIS                                   iswi.obl(MsiFuncsConv.obs)
343  MsiGetSourcePath                                   iswi.obl(MsiFuncsConv.obs)
344  MsiGetTargetPath                                   iswi.obl(MsiFuncsConv.obs)
345  MsiInstallProduct                                  iswi.obl(MsiFuncsConv.obs)
346  MsiProcessMessage                                  iswi.obl(MsiFuncsConv.obs)
347  MsiQueryFeatureState                               iswi.obl(MsiFuncsConv.obs)
348  MsiRecordGetInteger                                iswi.obl(MsiFuncsConv.obs)
349  MsiRecordGetString                                 iswi.obl(MsiFuncsConv.obs)
350  MsiRecordSetString                                 iswi.obl(MsiFuncsConv.obs)
351  MsiSetProperty                                     iswi.obl(MsiFuncsConv.obs)
352  MsiSetTargetPath                                   iswi.obl(MsiFuncsConv.obs)
353  MsiViewExecute                                     iswi.obl(MsiFuncsConv.obs)
354  MsiViewFetch                                       iswi.obl(MsiFuncsConv.obs)
355  OnAbort                                            iswi.obl(DriverConv.obs)
356  OnAction                                           iswi.obl(ISWiInit.obs)
357  OnAdminInstallUIAfter                              iswi.obl(DriverConv.obs)
358  OnAdminInstallUIBefore                             iswi.obl(DriverConv.obs)
359  OnAdminPatchUIAfter                                iswi.obl(DriverConv.obs)
360  OnAdminPatchUIBefore                               iswi.obl(DriverConv.obs)
361  OnAdvertisementAfter                               iswi.obl(DriverConv.obs)
362  OnAdvertisementBefore                              iswi.obl(DriverConv.obs)
363  OnAppSearch                                        iswi.obl(DriverConv.obs)
364  OnBegin                                            iswi.obl(DriverConv.obs)
365  OnCCPSearch                                        iswi.obl(DriverConv.obs)
366  OnCanceling                                        iswi.obl(DriverConv.obs)
367  OnComponentError                                   iswi.obl(Exceptions.obs)
368  OnDIFxLogCallback                                  isrt.obl(ISDIFx.obs)
369  OnDIFxLogCallbackImpl                              isrt.obl(ISDIFx.obs)
370  OnEnd                                              iswi.obl(DriverConv.obs)
371  OnError                                            iswi.obl(DriverConv.obs)
372  OnException                                        iswi.obl(Exceptions.obs)
373  OnFeaturesInstalled                                iswi.obl(FileTransferFuncsConv.obs)
374  OnFeaturesInstalling                               iswi.obl(FileTransferFuncsConv.obs)
375  OnFileError                                        iswi.obl(Exceptions.obs)
376  OnFileLocked                                       iswi.obl(Exceptions.obs)
377  OnFileReadOnly                                     iswi.obl(Exceptions.obs)
378  OnFilesInUse                                       iswi.obl(DriverConv.obs)
379  OnFirstUIAfter                                     Setup.obs
380  OnFirstUIBefore                                    Setup.obs
381  OnGeneratedMSIScript                               iswi.obl(FileTransferFuncsConv.obs)
382  OnGeneratingMSIScript                              iswi.obl(FileTransferFuncsConv.obs)
383  OnHelp                                             iswi.obl(DriverConv.obs)
384  OnInstallFilesActionAfter                          iswi.obl(FileTransferFuncsConv.obs)
385  OnInstallFilesActionBefore                         iswi.obl(FileTransferFuncsConv.obs)
386  OnInternetError                                    iswi.obl(Exceptions.obs)
387  OnLaunchAppAndWaitCallback                         iswi.obl(DriverConv.obs)
388  OnLogonUserSetMsiProperties                        iswi.obl(DriverConv.obs)
389  OnMD5Error                                         iswi.obl(Exceptions.obs)
390  OnMaintUIAfter                                     iswi.obl(DriverConv.obs)
391  OnMaintUIBefore                                    iswi.obl(DriverConv.obs)
392  OnMaintenance                                      iswi.obl(DriverConv.obs)
393  OnMoved                                            iswi.obl(FileTransferFuncsConv.obs)
394  OnMoving                                           iswi.obl(FileTransferFuncsConv.obs)
395  OnMsiSilentInstall                                 iswi.obl(DriverConv.obs)
396  OnNetApiCreateUserAccountInternal                  isrt.obl(NetApiRT.obs)
397  OnNextDisk                                         iswi.obl(Exceptions.obs)
398  OnOutOfDiskSpace                                   iswi.obl(DriverConv.obs)
399  OnPatchUIAfter                                     iswi.obl(DriverConv.obs)
400  OnPatchUIBefore                                    iswi.obl(DriverConv.obs)
401  OnRebooted                                         iswi.obl(DriverConv.obs)
402  OnRemovingSharedFile                               iswi.obl(Exceptions.obs)
403  OnResolveSource                                    iswi.obl(DriverConv.obs)
404  OnResume                                           iswi.obl(DriverConv.obs)
405  OnResumeUIAfter                                    iswi.obl(DriverConv.obs)
406  OnResumeUIBefore                                   iswi.obl(DriverConv.obs)
407  OnSQLLogin                                         iswi.obl(DriverConv.obs)
408  OnSelfRegistrationError                            iswi.obl(Exceptions.obs)
409  OnUnhandledException                               iswi.obl(DriverConv.obs)
410  OnUninstall                                        iswi.obl(DriverConv.obs)
411  OnUpdateService                                    iswi.obl(DriverConv.obs)
412  OnWarning                                          iswi.obl(DriverConv.obs)
413  OpenFile                                           isrt.obl(Files.obs)
414  OpenFileMode                                       isrt.obl(Files.obs)
415  PCRestoreOnBegin                                   isrt.obl(PCRestore.obs)
416  ParsePath                                          isrt.obl(Str.obs)
417  PostShowComponentDlg                               iswi.obl(ISWiInit.obs)
418  Postprogram                                        iswi.obl(DriverConv.obs)
419  PreShowComponentDlg                                iswi.obl(ISWiInit.obs)
420  Preprogram                                         iswi.obl(DriverConv.obs)
421  PrintFile                                          isrt.obl(Files.obs)
422  ProgDefGroupType                                   isrt.obl(Shell.obs)
423  ProgGetGroupType                                   isrt.obl(Shell.obs)
424  PthFixPath                                         isrt.obl(Pth.obs)
425  PthIsAbsPath                                       isrt.obl(Pth.obs)
426  RebootNeeded                                       iswi.obl(FileTransferFuncsConv.obs)
427  RedirectMsiCloseHandle                             iswi.obl(RedirectedMsiFuncsConv.obs)
428  RedirectMsiCreateRecord                            iswi.obl(RedirectedMsiFuncsConv.obs)
429  RedirectMsiGetActiveDatabase                       iswi.obl(RedirectedMsiFuncsConv.obs)
430  RedirectMsiProcessMessage                          iswi.obl(RedirectedMsiFuncsConv.obs)
431  RedirectMsiRecordGetInteger                        iswi.obl(RedirectedMsiFuncsConv.obs)
432  RedirectMsiViewExecute                             iswi.obl(RedirectedMsiFuncsConv.obs)
433  RedirectMsiViewFetch                               iswi.obl(RedirectedMsiFuncsConv.obs)
434  RegDBGetDefaultRoot                                isrt.obl(SysVars.obs)
435  RegDBGetItem                                       isrt.obl(Registry.obs)
436  RegDBGetKeyValueEx                                 isrt.obl(Registry.obs)
437  RegDBKeyExist                                      isrt.obl(Registry.obs)
438  RegDBQueryKey                                      isrt.obl(Registry.obs)
439  RegDBQueryKeyCount                                 isrt.obl(Registry.obs)
440  RegDBQueryStringMultiStringCount                   isrt.obl(Registry.obs)
441  RegDBQueryValue                                    isrt.obl(Registry.obs)
442  RegDBQueryValue32                                  isrt.obl(Registry.obs)
443  RegDBSetDefaultRoot                                isrt.obl(SysVars.obs)
444  RegDBSetKeyValueEx                                 isrt.obl(Registry.obs)
445  RegDBSetValue                                      isrt.obl(Registry.obs)
446  ReleaseDialog                                      isrt.obl(CustomDialog.obs)
447  RemoveSpaces                                       iswi.obl(HelperFuncs.obs)
448  ResolveShellObjectsFolder                          iswi.obl(CompHelperFuncs.obs)
449  SdCloseDlg                                         isrt.obl(SDINT.obs)
450  SdComponentDlgCheckSpace                           isrt.obl(SDINT.obs)
451  SdDlgToTop                                         isrt.obl(SDINT.obs)
452  SdDoStdButton                                      isrt.obl(SDINT.obs)
453  SdEnablement                                       isrt.obl(SDINT.obs)
454  SdError                                            isrt.obl(SDINT.obs)
455  SdFeatureTree                                      isrt.obl(SdComponentTreeDlg.obs)
456  SdFilesInUse                                       iswi.obl(SdFilesInUse.obs)
457  SdFinish                                           isrt.obl(SdFinishDlg.obs)
458  SdFinishEx                                         iswi.obl(SdFinishExConv.obs)
459  SdFinishReboot                                     isrt.obl(SdFinishRebootDlg.obs)
460  SdFinishUpdate                                     iswi.obl(SdFinishUpdate.obs)
461  SdFinishUpdateReboot                               iswi.obl(SdFinUpdateRebot.obs)
462  SdGeneralInit                                      isrt.obl(SDINT.obs)
463  SdInit                                             isrt.obl(SDINT.obs)
464  SdIsStdButton                                      isrt.obl(SDINT.obs)
465  SdLicense2                                         isrt.obl(SdLicense2Dlg.obs)
466  SdLoadString                                       isrt.obl(SDINT.obs)
467  SdMakeName                                         isrt.obl(SDINT.obs)
468  SdOutOfDiskSpace                                   iswi.obl(SdDiskReqs.obs)
469  SdPatchWelcome                                     iswi.obl(SdPatchWel.obs)
470  SdPlugInProductName                                isrt.obl(SDINT.obs)
471  SdSetDlgTitle                                      isrt.obl(SDINT.obs)
472  SdSetStatic                                        isrt.obl(SDINT.obs)
473  SdSetupCompleteError                               iswi.obl(SdSetupCompleteError.obs)
474  SdShowMsg                                          isrt.obl(SDSMSG.obs)
475  SdSubstituteProductInfo                            isrt.obl(SDINT.obs)
476  SdUnInit                                           isrt.obl(SDINT.obs)
477  SdWelcome                                          isrt.obl(SdWelcomeDlg.obs)
478  SdWelcomeMaint                                     isrt.obl(SdWelcomeMaintDlg.obs)
479  SelectDir                                          isrt.obl(SelectDir.obs)
480  SelectDirNoLog                                     isrt.obl(SelectDir.obs)
481  SendMessage                                        isrt.obl(Misc.obs)
482  ServiceInitParams                                  isrt.obl(Service.obs)
483  SetCmdLine                                         isrt.obl(SysVars.obs)
484  SetDisplayEffect                                   isrt.obl(ui.obs)
485  SetExtendedErrInfo                                 isrt.obl(IsUtil.obs)
486  SetFolderDesktop                                   isrt.obl(SysVars.obs)
487  SetFolderPrograms                                  isrt.obl(SysVars.obs)
488  SetFolderStartMenu                                 isrt.obl(SysVars.obs)
489  SetFolderStartup                                   isrt.obl(SysVars.obs)
490  SetGlobalVars                                      iswi.obl(ISWiInit.obs)
491  SetInstallationInfo                                isrt.obl(Registry.obs)
492  SetMifInformationOnly                              isrt.obl(Registry.obs)
493  SetTitle                                           isrt.obl(ui.obs)
494  SetUpdateStatus                                    iswi.obl(HelperFuncs.obs)
495  SetUpdateStatusReboot                              iswi.obl(HelperFuncs.obs)
496  SetupTraceWrite                                    isrt.obl(Misc.obs)
497  SilentDoGeneralInfo                                isrt.obl(Silent.obs)
498  SilentFailed                                       isrt.obl(Silent.obs)
499  SilentFinish                                       isrt.obl(Silent.obs)
500  SilentInit                                         isrt.obl(Silent.obs)
501  SilentReadData                                     isrt.obl(Silent.obs)
502  SilentSetInfo                                      isrt.obl(Silent.obs)
503  SilentSetMode                                      isrt.obl(Silent.obs)
504  SilentWriteData                                    isrt.obl(Silent.obs)
505  Sprintf                                            isrt.obl(Str.obs)
506  SprintfBox                                         isrt.obl(MsgBox.obs)
507  SprintfMsiLog                                      iswi.obl(HelperFuncs.obs)
508  StrAddLastSlash                                    isrt.obl(Str.obs)
509  StrDelete                                          iswi.obl(HelperFuncs.obs)
510  StrFindEx                                          isrt.obl(Str.obs)
511  StrGetTokens                                       isrt.obl(Str.obs)
512  StrLength                                          isrt.obl(Str.obs)
513  StrRemoveLastSlash                                 isrt.obl(Str.obs)
514  StrRemoveSpaces                                    isrt.obl(Str.obs)
515  StrReplace                                         isrt.obl(Str.obs)
516  StrToNumHex                                        isrt.obl(Str.obs)
517  StrToUpper                                         isrt.obl(Str.obs)
518  SysVarsInit                                        isrt.obl(SysVars.obs)
519  SysVarsInitConv                                    iswi.obl(SysVarsConv.obs)
520  SysVarsTrace                                       isrt.obl(SysVars.obs)
521  SysVarsUnInit                                      iswi.obl(SysVarsConv.obs)
522  System                                             isrt.obl(Misc.obs)
523  TextSubGetValue                                    isrt.obl(TextSub.obs)
524  TextSubParseTextSub                                isrt.obl(TextSub.obs)
525  TextSubSetValue                                    isrt.obl(TextSub.obs)
526  TreeViewCreate                                     isrt.obl(CmptView.obs)
527  USER.EnableWindow                                  Setup.obs
528  USER.GetClassName                                  Setup.obs
529  USER.GetDC                                         Setup.obs
530  USER.GetDlgItem                                    Setup.obs
531  USER.GetFocus                                      Setup.obs
532  USER.GetWindowLong                                 Setup.obs
533  USER.IsIconic                                      Setup.obs
534  USER.IsWindow                                      Setup.obs
535  USER.IsWindowVisible                               Setup.obs
536  USER.ReleaseDC                                     Setup.obs
537  USER.SendMessageA                                  Setup.obs
538  USER.SetFocus                                      Setup.obs
539  USER.SetForegroundWindow                           Setup.obs
540  USER.SetWindowPos                                  Setup.obs
541  USER.SetWindowText                                 Setup.obs
542  USER.ShowWindow                                    Setup.obs
543  USER32.CharUpperBuffA                              Setup.obs
544  USER32.FindWindowA                                 Setup.obs
545  USER32.GetDlgItem                                  iswi.obl(SdDiskReqs.obs)
546  USER32.GetSystemMetrics                            Setup.obs
547  USER32.GetWindowRect                               iswi.obl(SdDiskReqs.obs)
548  USER32.GetWindowText                               Setup.obs
549  USER32.GetWindowTextLength                         Setup.obs
550  USER32.MessageBoxA                                 Setup.obs
551  USER32.MsgWaitForMultipleObjects                   Setup.obs
552  USER32.PeekMessageA                                Setup.obs
553  USER32.SendMessageA                                Setup.obs
554  USER32.SetWindowLong                               Setup.obs
555  USER32.SetWindowRgn                                Setup.obs
556  UpdateServiceEnableUpdateService                   isrt.obl(ISUpdateService.obs)
557  User32.DestroyWindow                               iswi.obl(SdDiskReqs.obs)
558  User32.LoadStringA                                 iswi.obl(ComponentConv.obs)
559  VarInit                                            isrt.obl(SysVars.obs)
560  VarRestore                                         iswi.obl(SysVarsConv.obs)
561  VarRestoreISRT                                     isrt.obl(SysVars.obs)
562  VarSave                                            iswi.obl(SysVarsConv.obs)
563  VarSaveISRT                                        isrt.obl(SysVars.obs)
564  VerProductGetInstalledVersion                      isrt.obl(version.obs)
565  VerProductNumToStr                                 isrt.obl(version.obs)
566  VerProductVerPartsFromVer                          isrt.obl(version.obs)
567  WaitOnDialog                                       isrt.obl(CustomDialog.obs)
568  WriteLine                                          isrt.obl(Files.obs)
569  __AddIntegerToArray                                iswi.obl(HelperFuncs.obs)
570  __AddStringToArray                                 iswi.obl(HelperFuncs.obs)
571  __Begin                                            iswi.obl(DriverConv.obs)
572  __ComponentListItemsEx                             iswi.obl(CompHelperFuncs.obs)
573  __ComponentListItemsExInstall                      iswi.obl(CompHelperFuncs.obs)
574  __ComponentListItemsExUnInstall                    iswi.obl(CompHelperFuncs.obs)
575  __ComponentMoveXferData                            iswi.obl(CompHelperFuncs.obs)
576  __End                                              iswi.obl(DriverConv.obs)
577  __GetFinishMode                                    iswi.obl(ISWiInit.obs)
578  __GetMsiHandle                                     iswi.obl(SysVarsConv.obs)
579  __GetSourceDir                                     iswi.obl(SysVarsConv.obs)
580  __HandleError                                      iswi.obl(ErrHandler.obs)
581  __ISRTDoExit                                       isrt.obl(Misc.obs)
582  __ISRTInit                                         isrt.obl(ISRTInit.obs)
583  __ISRTRestoreMainLog                               isrt.obl(ISRTInit.obs)
584  __ISRTRestoreMainLogEx                             isrt.obl(ISRTInit.obs)
585  __ISRTSetComponentLog                              isrt.obl(ISRTInit.obs)
586  __ISRTUnInit                                       isrt.obl(ISRTInit.obs)
587  __ISWIInit                                         iswi.obl(ISWiInit.obs)
588  __ISWIMsiHandle                                    iswi.obl(ISWiInit.obs)
589  __ISWIUnInit                                       iswi.obl(ISWiInit.obs)
590  __IsArrayEmpty                                     iswi.obl(HelperFuncs.obs)
591  __LoadIScriptString                                isrt.obl(LoadStr.obs)
592  __Moved                                            iswi.obl(FileTransferFuncsConv.obs)
593  __Moving                                           iswi.obl(FileTransferFuncsConv.obs)
594  __MsiOpenView                                      iswi.obl(CompHelperFuncs.obs)
595  __MsiQueryFeatureState                             iswi.obl(MsiWrappersConv.obs)
596  __MsiRecordGetString                               iswi.obl(MsiWrappersConv.obs)
597  __OnAbort                                          iswi.obl(DriverConv.obs)
598  __OnAdminPatch                                     iswi.obl(DriverConv.obs)
599  __OnAdministrativeInstall                          iswi.obl(DriverConv.obs)
600  __OnAdvertisement                                  iswi.obl(DriverConv.obs)
601  __OnBegin                                          iswi.obl(DriverConv.obs)
602  __OnCanceling                                      iswi.obl(DriverConv.obs)
603  __OnEnd                                            iswi.obl(DriverConv.obs)
604  __OnError                                          iswi.obl(DriverConv.obs)
605  __OnMsiMaintenance                                 iswi.obl(DriverConv.obs)
606  __OnMsiRebooted                                    iswi.obl(DriverConv.obs)
607  __OnMsiSilentInstall                               iswi.obl(DriverConv.obs)
608  __OnMsiUninstall                                   iswi.obl(DriverConv.obs)
609  __OnPatch                                          iswi.obl(DriverConv.obs)
610  __OnResume                                         iswi.obl(DriverConv.obs)
611  __OnWarning                                        iswi.obl(DriverConv.obs)
612  __ResetMsiObject                                   iswi.obl(ISWiInit.obs)
613  __SetMaintenance                                   iswi.obl(ISWiInit.obs)
614  __SetMsiHandle                                     iswi.obl(SysVarsConv.obs)
615  __SetMsiServer                                     iswi.obl(ISWiInit.obs)
616  __SetPatch                                         iswi.obl(SysVarsConv.obs)
617  __SetSourceDir                                     iswi.obl(SysVarsConv.obs)
618  isrt._ComponentGetData                             iswi.obl(ComponentConv.obs)
619  isrt._ComponentIsItemSelected                      iswi.obl(ComponentConv.obs)
620  isrt._ComponentListItems                           iswi.obl(ComponentConv.obs)
621  isrt._ComponentReinstall                           iswi.obl(ComponentConv.obs)
622  isrt._ComponentRemoveAll                           iswi.obl(ComponentConv.obs)
623  isrt._ComponentSelectItem                          iswi.obl(ComponentConv.obs)
624  isrt._EnableDialogCache                            iswi.obl(ISWiInit.obs)
625  kernel32.GetLocalTime                              iswi.obl(ErrHandler.obs)
626  kernel32.GetWindowsDirectoryA                      iswi.obl(ErrHandler.obs)
627  msi.MsiCloseHandle                                 iswi.obl(RedirectedMsiFuncsConv.obs)
628  msi.MsiCreateRecord                                iswi.obl(RedirectedMsiFuncsConv.obs)
629  msi.MsiDatabaseOpenViewA                           Setup.obs
630  msi.MsiDoActionA                                   Setup.obs
631  msi.MsiGetActiveDatabase                           iswi.obl(RedirectedMsiFuncsConv.obs)
632  msi.MsiGetProductInfoA                             Setup.obs
633  msi.MsiGetPropertyA                                Setup.obs
634  msi.MsiGetSourcePathA                              Setup.obs
635  msi.MsiGetTargetPathA                              Setup.obs
636  msi.MsiOpenDatabaseA                               Setup.obs
637  msi.MsiProcessMessage                              iswi.obl(RedirectedMsiFuncsConv.obs)
638  msi.MsiQueryFeatureStateA                          Setup.obs
639  msi.MsiRecordGetInteger                            iswi.obl(RedirectedMsiFuncsConv.obs)
640  msi.MsiRecordGetStringA                            Setup.obs
641  msi.MsiRecordSetStringA                            Setup.obs
642  msi.MsiSetPropertyA                                Setup.obs
643  msi.MsiSetTargetPathA                              Setup.obs
644  msi.MsiViewExecute                                 iswi.obl(RedirectedMsiFuncsConv.obs)
645  msi.MsiViewFetch                                   iswi.obl(RedirectedMsiFuncsConv.obs)
646  program                                            iswi.obl(DriverConv.obs)
647  sfc.SRSetRestorePoint                              Setup.obs


***** External Variables *****
1    ADDREMOVE                                          iswi.obl(HelperFuncs.obs)
2    ADDREMOVE_COMBINEDBUTTON                           Setup.obs
3    ADDREMOVE_HIDECHANGEOPTION                         Setup.obs
4    ADDREMOVE_HIDEREMOVEOPTION                         Setup.obs
5    ADDREMOVE_HIDEREPAIROPTION                         Setup.obs
6    ADDREMOVE_STRING_REMOVEONLY                        Setup.obs
7    ADDREMOVE_SYSTEMCOMPONENT                          Setup.obs
8    ADMINUSER                                          Setup.obs
9    ALLUSERS                                           Setup.obs
10   AdminToolsFolder                                   iswi.obl(DebugSymbolsConv.obs)
11   AppDataFolder                                      iswi.obl(DebugSymbolsConv.obs)
12   BASICMSI                                           iswi.obl(HelperFuncs.obs)
13   BATCH_INSTALL                                      Setup.obs
14   CMDLINE                                            iswi.obl(HelperFuncs.obs)
15   CMPTFILTERLANGOBJ                                  iswi.obl(CompHelperFuncs.obs)
16   COMMONFILES                                        iswi.obl(HelperFuncs.obs)
17   COMMONFILES64                                      iswi.obl(HelperFuncs.obs)
18   CommonAppDataFolder                                iswi.obl(DebugSymbolsConv.obs)
19   CommonFiles64Folder                                iswi.obl(DebugSymbolsConv.obs)
20   CommonFilesFolder                                  iswi.obl(DebugSymbolsConv.obs)
21   DISABLE_ALLUSERBTN                                 Setup.obs
22   DISABLE_PERUSERBTN                                 Setup.obs
23   DISK1SETUPEXENAME                                  iswi.obl(HelperFuncs.obs)
24   DISK1TARGET                                        Setup.obs
25   DesktopFolder                                      iswi.obl(DebugSymbolsConv.obs)
26   ENABLED_ISERVICES                                  iswi.obl(HelperFuncs.obs)
27   ENGINECOMMONDIR                                    iswi.obl(HelperFuncs.obs)
28   ENGINEDIR                                          iswi.obl(HelperFuncs.obs)
29   ERRORFILENAME                                      Setup.obs
30   ERRORINFO                                          iswi.obl(ComponentConv.obs)
31   Err                                                Setup.obs
32   FEATURE                                            iswi.obl(ComponentConv.obs)
33   FILEERROR                                          iswi.obl(ComponentConv.obs)
34   FILETIME                                           Setup.obs
35   FIND_DATA                                          Setup.obs
36   FOLDER_APPDATA                                     iswi.obl(HelperFuncs.obs)
37   FOLDER_COMMON_APPDATA                              iswi.obl(HelperFuncs.obs)
38   FOLDER_DESKTOP                                     iswi.obl(HelperFuncs.obs)
39   FOLDER_DOTNET_10                                   iswi.obl(HelperFuncs.obs)
40   FOLDER_DOTNET_11                                   iswi.obl(HelperFuncs.obs)
41   FOLDER_DOTNET_20                                   iswi.obl(HelperFuncs.obs)
42   FOLDER_FONTS                                       iswi.obl(HelperFuncs.obs)
43   FOLDER_LOCAL_APPDATA                               iswi.obl(HelperFuncs.obs)
44   FOLDER_PERSONAL                                    iswi.obl(HelperFuncs.obs)
45   FOLDER_PROGRAMS                                    iswi.obl(HelperFuncs.obs)
46   FOLDER_STARTMENU                                   iswi.obl(HelperFuncs.obs)
47   FOLDER_STARTUP                                     iswi.obl(HelperFuncs.obs)
48   FOLDER_TEMP                                        iswi.obl(HelperFuncs.obs)
49   FavoritesFolder                                    iswi.obl(DebugSymbolsConv.obs)
50   FileRegistrar                                      Setup.obs
51   FontsFolder                                        iswi.obl(DebugSymbolsConv.obs)
52   HKEYCURRENTROOTKEY                                 Setup.obs
53   IFX_COMPANY_NAME                                   Setup.obs
54   IFX_INSTALLED_DISPLAY_VERSION                      Setup.obs
55   IFX_INSTALLED_VERSION                              Setup.obs
56   IFX_KEYPATH_PRODUCT_INFO                           Setup.obs
57   IFX_MULTI_INSTANCE_SUFFIX                          Setup.obs
58   IFX_NETAPI_GROUP                                   Setup.obs
59   IFX_NETAPI_PASSWORD                                Setup.obs
60   IFX_NETAPI_USER_ACCOUNT                            Setup.obs
61   IFX_PRODUCT_COMMENTS                               Setup.obs
62   IFX_PRODUCT_DISPLAY_NAME                           Setup.obs
63   IFX_PRODUCT_DISPLAY_VERSION                        Setup.obs
64   IFX_PRODUCT_ICON                                   Setup.obs
65   IFX_PRODUCT_KEY                                    Setup.obs
66   IFX_PRODUCT_NAME                                   Setup.obs
67   IFX_PRODUCT_README                                 Setup.obs
68   IFX_PRODUCT_REGISTEREDCOMPANY                      Setup.obs
69   IFX_PRODUCT_REGISTEREDOWNER                        Setup.obs
70   IFX_PRODUCT_REGISTEREDSERIALNUM                    Setup.obs
71   IFX_PRODUCT_SUPPORT_CONTACT                        Setup.obs
72   IFX_PRODUCT_SUPPORT_PHONE                          Setup.obs
73   IFX_PRODUCT_SUPPORT_URL                            Setup.obs
74   IFX_PRODUCT_UPDATE_URL                             Setup.obs
75   IFX_PRODUCT_URL                                    Setup.obs
76   IFX_PRODUCT_VERSION                                Setup.obs
77   IFX_SETUP_TITLE                                    Setup.obs
78   IFX_SUPPORTED_VERSIONS                             Setup.obs
79   IISROOTFOLDER                                      iswi.obl(HelperFuncs.obs)
80   INSTALLDIR                                         Setup.obs
81   INSTALLSCRIPTMSI                                   iswi.obl(HelperFuncs.obs)
82   INSTANCE_GUID                                      iswi.obl(HelperFuncs.obs)
83   ISDIFXAPPID                                        Setup.obs
84   ISMSI_HANDLE                                       iswi.obl(DebugSymbolsConv.obs)
85   ISRES                                              iswi.obl(HelperFuncs.obs)
86   ISUSER                                             iswi.obl(HelperFuncs.obs)
87   ISUTIL_FUNCTION_ACTUAL_ERROR                       Setup.obs
88   ISUTIL_FUNCTION_ERROR                              iswi.obl(CompHelperFuncs.obs)
89   ISUTIL_LINE_NUMBER                                 Setup.obs
90   ISUTIL_POSITIVE_ERROR                              iswi.obl(CompHelperFuncs.obs)
91   ISUTIL_SCRIPT_FILE                                 Setup.obs
92   ISVERSION                                          iswi.obl(HelperFuncs.obs)
93   LAAW_PARAMETERS                                    Setup.obs
94   LAAW_PROCESS_INFORMATION                           Setup.obs
95   LAAW_STARTUPINFO                                   Setup.obs
96   LAST_RESULT                                        Setup.obs
97   LVITEM                                             iswi.obl(SdDiskReqs.obs)
98   LV_COLUMN                                          iswi.obl(SdDiskReqs.obs)
99   LocalAppDataFolder                                 iswi.obl(DebugSymbolsConv.obs)
100  LogDB                                              Setup.obs
101  MAINTENANCE                                        iswi.obl(HelperFuncs.obs)
102  MAINT_OPTION                                       iswi.obl(HelperFuncs.obs)
103  MEDIA                                              Setup.obs
104  MEDIA_INFO                                         iswi.obl(FeatureConv.obs)
105  MODE                                               Setup.obs
106  MSG                                                Setup.obs
107  MULTI_INSTANCE_COUNT                               iswi.obl(HelperFuncs.obs)
108  MainWindow                                         Setup.obs
109  MyPicturesFolder                                   iswi.obl(DebugSymbolsConv.obs)
110  NOTHING                                            Setup.obs
111  NetHoodFolder                                      iswi.obl(DebugSymbolsConv.obs)
112  OSINFO_PLATFORM_INFO                               Setup.obs
113  OSINFO_PROCESSOR_INFO                              Setup.obs
114  OSVERSIONINFO                                      Setup.obs
115  OSVERSIONINFOEX                                    Setup.obs
116  Objects                                            Setup.obs
117  OriginalDatabase                                   iswi.obl(DebugSymbolsConv.obs)
118  PACKAGE_LOCATION                                   iswi.obl(HelperFuncs.obs)
119  PATCH                                              iswi.obl(DebugSymbolsConv.obs)
120  POINT                                              Setup.obs
121  PRIVILEGED                                         Setup.obs
122  PROCESS_INFORMATION                                Setup.obs
123  PRODUCT_GUID                                       iswi.obl(HelperFuncs.obs)
124  PROGRAMFILES                                       iswi.obl(HelperFuncs.obs)
125  PROGRAMFILES64                                     iswi.obl(HelperFuncs.obs)
126  PersonalFolder                                     iswi.obl(DebugSymbolsConv.obs)
127  PrintHoodFolder                                    iswi.obl(DebugSymbolsConv.obs)
128  ProgramFiles64Folder                               iswi.obl(DebugSymbolsConv.obs)
129  ProgramFilesFolder                                 iswi.obl(DebugSymbolsConv.obs)
130  ProgramMenuFolder                                  iswi.obl(DebugSymbolsConv.obs)
131  RECT                                               Setup.obs
132  REGDB_OPTIONS                                      Setup.obs
133  REMOVEALLMODE                                      iswi.obl(HelperFuncs.obs)
134  REMOVEONLY                                         iswi.obl(HelperFuncs.obs)
135  RUN_ONCE_PROGRAM                                   iswi.obl(HelperFuncs.obs)
136  Reboot                                             Setup.obs
137  RecentFolder                                       iswi.obl(DebugSymbolsConv.obs)
138  SELECTED_LANGUAGE                                  iswi.obl(HelperFuncs.obs)
139  SERVICE_IS_PARAMS                                  Setup.obs
140  SETUPTYPE_STR_COMPACT                              Setup.obs
141  SETUPTYPE_STR_COMPLETE                             Setup.obs
142  SETUPTYPE_STR_CUSTOM                               Setup.obs
143  SETUPTYPE_STR_TYPICAL                              Setup.obs
144  SHELL_OBJECT_FOLDER                                Setup.obs
145  SHOW_PASSWORD_DIALOG                               iswi.obl(HelperFuncs.obs)
146  SRCDIR                                             Setup.obs
147  SRCDISK                                            iswi.obl(HelperFuncs.obs)
148  STARTUPINFO                                        Setup.obs
149  SUPPORTDIR                                         iswi.obl(HelperFuncs.obs)
150  SYSTEMTIME                                         Setup.obs
151  SYSTEMTIME2                                        iswi.obl(ErrHandler.obs)
152  SendToFolder                                       iswi.obl(DebugSymbolsConv.obs)
153  SetupInfo                                          Setup.obs
154  SourceDir                                          iswi.obl(DebugSymbolsConv.obs)
155  StartMenuFolder                                    iswi.obl(DebugSymbolsConv.obs)
156  StartupFolder                                      iswi.obl(DebugSymbolsConv.obs)
157  StatusDlg                                          Setup.obs
158  System16Folder                                     iswi.obl(DebugSymbolsConv.obs)
159  System64Folder                                     iswi.obl(DebugSymbolsConv.obs)
160  SystemFolder                                       iswi.obl(DebugSymbolsConv.obs)
161  TARGETDIR                                          Setup.obs
162  TARGETDISK                                         iswi.obl(HelperFuncs.obs)
163  TempFolder                                         iswi.obl(DebugSymbolsConv.obs)
164  TemplateFolder                                     iswi.obl(DebugSymbolsConv.obs)
165  TextSub                                            Setup.obs
166  UNINST                                             Setup.obs
167  UNINSTALLKEY                                       Setup.obs
168  UNINSTALL_DISPLAYNAME                              Setup.obs
169  UNINSTALL_STRING                                   Setup.obs
170  UPDATEMODE                                         Setup.obs
171  WINDIR                                             iswi.obl(HelperFuncs.obs)
172  WINDISK                                            iswi.obl(HelperFuncs.obs)
173  WINSYSDIR                                          iswi.obl(HelperFuncs.obs)
174  WINSYSDIR64                                        iswi.obl(HelperFuncs.obs)
175  WINSYSDISK                                         iswi.obl(HelperFuncs.obs)
176  WindowsFolder                                      iswi.obl(DebugSymbolsConv.obs)
177  WindowsVolume                                      iswi.obl(DebugSymbolsConv.obs)
178  _INT64                                             Setup.obs
179  _LAAW_PARAMETERS                                   Setup.obs
180  _LAAW_TEMP_DATA                                    isrt.obl(Extend.obs)
181  _RESTOREINFO_                                      Setup.obs
182  _RESTOREPTINFO                                     Setup.obs
183  _SERVICE_IS_PARAMS                                 Setup.obs
184  _SMGRSTATUS                                        Setup.obs
185  _SMGSTATUS_                                        Setup.obs
186  _WIN9X                                             Setup.obs
187  _WINNT                                             Setup.obs
188  __SYSTEMINFORMATION                                Setup.obs
189  __SYSTEMPROCESSORINFORMATION                       Setup.obs
190  __gbAliasingOff                                    iswi.obl(CompHelperFuncs.obs)
191  __gbCheckForUpdate                                 iswi.obl(CompHelperFuncs.obs)
192  __gbCheckUpdateReboot                              iswi.obl(CompHelperFuncs.obs)
193  __gbGetTarget                                      iswi.obl(CompHelperFuncs.obs)
194  __gbInitialized                                    iswi.obl(CompHelperFuncs.obs)
195  __gbInstallInfo                                    Setup.obs
196  __gbMaintenance                                    iswi.obl(CompHelperFuncs.obs)
197  __gbReopening                                      iswi.obl(CompHelperFuncs.obs)
198  __ghActiveDataBase                                 iswi.obl(CompHelperFuncs.obs)
199  __ghErrFileHandle                                  iswi.obl(CompHelperFuncs.obs)
200  __ghMsiInstall                                     iswi.obl(CompHelperFuncs.obs)
201  __gnButtonSelected                                 iswi.obl(CompHelperFuncs.obs)
202  __gnLastError                                      iswi.obl(CompHelperFuncs.obs)
203  __gnMsiReturn                                      iswi.obl(CompHelperFuncs.obs)
204  __gnOSMask                                         iswi.obl(CompHelperFuncs.obs)
205  __gnScriptMode                                     iswi.obl(CompHelperFuncs.obs)
206  __goISDriver                                       iswi.obl(CompHelperFuncs.obs)
207  __goLanguageFilter                                 iswi.obl(CompHelperFuncs.obs)
208  __goMsiServer                                      iswi.obl(CompHelperFuncs.obs)
209  __gsINSTALLDIR                                     iswi.obl(CompHelperFuncs.obs)
210  __gsProductGuid                                    iswi.obl(CompHelperFuncs.obs)
211  __gsSourceDir                                      iswi.obl(CompHelperFuncs.obs)
212  __hContext                                         iswi.obl(CompHelperFuncs.obs)
213  __objGlobalTextSub                                 Setup.obs
214  __objStringTable                                   iswi.obl(ISWiInit.obs)
215  __szGUID                                           isrt.obl(ISRTInit.obs)
216  bBackButton                                        Setup.obs
217  bCancelButton                                      Setup.obs
218  bEnterDiskBeep                                     iswi.obl(AdminAskPath.obs)
219  bFinishButton                                      Setup.obs
220  bIfxPCHInitialized                                 Setup.obs
221  bIfxPCHOn                                          Setup.obs
222  bInstall16                                         Setup.obs
223  bNextButton                                        Setup.obs
224  bSdInit                                            Setup.obs
225  bViewCmptKunits                                    Setup.obs
226  bViewCmptUseDecimal                                Setup.obs
227  g_bSuppressMissingStringWarning                    iswi.obl(DriverConv.obs)
228  nIfxPCHType                                        Setup.obs
229  szAppKey                                           Setup.obs
230  szSdProduct                                        Setup.obs
231  szSdStr_NotEnoughSpace                             Setup.obs
